<html>
<body>
<pre>
<h1>礦ision Build Log</h1>
<h2>Tool Versions:</h2>
IDE-Version: μVision V5.26.2.0
Copyright (C) 2018 ARM Ltd and ARM Germany GmbH. All rights reserved.
License Information:  ,  , LIC=ATT9U-SNQ4P-WDKK8-3JDR0-90MQ8-H5NFE
 
Tool Versions:
Toolchain:       MDK-ARM Plus  Version: 5.26.2.0
Toolchain Path:  D:\Program Files (x86)\Keil_v5\ARM\ARMCC\Bin
C Compiler:      Armcc.exe V5.06 update 6 (build 750)
Assembler:       Armasm.exe V5.06 update 6 (build 750)
Linker/Locator:  ArmLink.exe V5.06 update 6 (build 750)
Library Manager: ArmAr.exe V5.06 update 6 (build 750)
Hex Converter:   FromElf.exe V5.06 update 6 (build 750)
CPU DLL:         SARMCM3.DLL V5.26.2.0
Dialog DLL:      DCM.DLL V1.17.2.0
Target DLL:      STLink\ST-LINKIII-KEIL_SWO.dll V3.0.5.0
Dialog DLL:      TCM.DLL V1.36.1.0
 
<h2>Project:</h2>
F:\物联网项目案例\代码\STM32-LD3320A\RVMDK\STM32-LD3320.uvprojx
Project File Date:  04/29/2019

<h2>Output:</h2>
*** Using Compiler 'V5.06 update 6 (build 750)', folder: 'D:\Program Files (x86)\Keil_v5\ARM\ARMCC\Bin'
Build target 'STM32-LD3320A'
compiling usart.c...
compiling LD3320_main.c...
..\BSP\LD_Driver\LD3320_main.c(34): warning:  #1295-D: Deprecated declaration USB_OTG - give arg types
  void USB_OTG();
..\BSP\LD_Driver\LD3320_main.c: 1 warning, 0 errors
compiling usart2.c...
compiling main.c...
..\user\main.c(50): warning:  #68-D: integer conversion resulted in a change of sign
      uint8 nAsrRes = -1;
..\user\main.c: 1 warning, 0 errors
compiling LDChip.c...
compiling Reg_RW.c...
compiling stm32f10x_it.c...
compiling delay.c...
compiling user_key.c...
compiling timer.c...
compiling cJSON.c...
compiling sdio_sdcard.c...
compiling LEDtest.C...
compiling dma.c...
compiling mqtt.c...
compiling oled.c...
compiling timer3.c...
compiling TCPinterface.c...
compiling handle.c...
compiling Relay.c...
compiling system_stm32f10x.c...
compiling core_cm3.c...
assembling startup_stm32f10x_hd.s...
compiling stm32f10x_tim.c...
compiling stm32f10x_exti.c...
compiling misc.c...
compiling stm32f10x_sdio.c...
compiling stm32f10x_usart.c...
compiling stm32f10x_gpio.c...
compiling stm32f10x_i2c.c...
compiling stm32f10x_dma.c...
compiling usb_mem.c...
compiling usb_init.c...
compiling stm32f10x_rcc.c...
compiling usb_int.c...
compiling usb_core.c...
compiling usb_regs.c...
compiling stm32f10x_spi.c...
compiling usb_desc.c...
compiling mass_mal.c...
compiling scsi_data.c...
compiling hw_config.c...
compiling usb_bot.c...
compiling memory.c...
compiling msd.c...
compiling fatfs_posix.c...
compiling usb_scsi.c...
compiling usb_endp.c...
compiling ff.c...
compiling usb_prop.c...
compiling usb_pwr.c...
compiling diskio.c...
compiling usb_istr.c...
compiling MQTTConnectServer.c...
compiling MQTTDeserializePublish.c...
compiling MQTTFormat.c...
compiling MQTTSerializePublish.c...
compiling MQTTConnectClient.c...
compiling MQTTPacket.c...
compiling cc936.c...
compiling MQTTSubscribeServer.c...
compiling MQTTUnsubscribeServer.c...
compiling MQTTUnsubscribeClient.c...
compiling MQTTSubscribeClient.c...
compiling TCP_ESP8266.c...
compiling ESP8266.c...
linking...
Program Size: Code=75408 RO-data=178492 RW-data=2716 ZI-data=7692  
FromELF: creating hex file...
".\Obj\STM32-LD3320A.axf" - 0 Error(s), 2 Warning(s).

<h2>Software Packages used:</h2>

Package Vendor: ARM
                http://www.keil.com/pack/ARM.CMSIS.5.4.0.pack
                ARM.CMSIS.5.4.0
                CMSIS (Cortex Microcontroller Software Interface Standard)
   * Component: CORE Version: 5.1.2

Package Vendor: Keil
                http://www.keil.com/pack/Keil.STM32F1xx_DFP.2.3.0.pack
                Keil.STM32F1xx_DFP.2.3.0
                STMicroelectronics STM32F1 Series Device Support, Drivers and Examples

<h2>Collection of Component include folders:</h2>
  .\RTE\_STM32-LD3320A
  D:\Program Files (x86)\Keil_v5\ARM\PACK\ARM\CMSIS\5.4.0\CMSIS\Core\Include
  D:\Program Files (x86)\Keil_v5\ARM\PACK\Keil\STM32F1xx_DFP\2.3.0\Device\Include

<h2>Collection of Component Files used:</h2>

   * Component: ARM::CMSIS:CORE:5.1.2
Build Time Elapsed:  00:00:10
</pre>
</body>
</html>
