<html>
<body>
<pre>
<h1>礦ision Build Log</h1>
<h2>Project:</h2>
E:\资料珍藏\TB文件保存\产品开发原始资料保存\YS-V0.5 语音识别Mini板\YS-V0.5驱动程序\YS-V0.5 识别基本程序\RVMDK\STM32-LD3320.uvproj
Project File Date:  04/11/2012

<h2>Output:</h2>
Build target 'STM32-LD3320-Driver'
compiling main.c...
compiling stm32f10x_it.c...
compiling misc.c...
compiling stm32f10x_gpio.c...
compiling stm32f10x_rcc.c...
compiling stm32f10x_usart.c...
compiling stm32f10x_exti.c...
compiling stm32f10x_spi.c...
compiling core_cm3.c...
compiling system_stm32f10x.c...
assembling startup_stm32f10x_hd.s...
compiling LD3320_main.c...
compiling LDChip.c...
compiling Reg_RW.c...
compiling LEDtest.C...
linking...
Program Size: Code=7396 RO-data=416 RW-data=24 ZI-data=608  
FromELF: creating hex file...
".\Obj\STM32-LD3320.axf" - 0 Error(s), 0 Warning(s).
Build target 'STM32-LD3320-Driver'
compiling main.c...
compiling LD3320_main.c...
compiling LDChip.c...
compiling Reg_RW.c...
compiling LEDtest.C...
linking...
Program Size: Code=7396 RO-data=416 RW-data=24 ZI-data=608  
FromELF: creating hex file...
".\Obj\STM32-LD3320.axf" - 0 Error(s), 0 Warning(s).
