Component: ARM Compiler 5.06 update 6 (build 750) Tool: armlink [4d35ed]

==============================================================================

Section Cross References

    main.o(.text) refers to _printf_percent.o(.ARM.Collect$$_printf_percent$$00000000) for _printf_percent
    main.o(.text) refers to _printf_d.o(.ARM.Collect$$_printf_percent$$00000009) for _printf_d
    main.o(.text) refers to _printf_dec.o(.text) for _printf_int_dec
    main.o(.text) refers to _printf_pad.o(.text) for _printf_pre_padding
    main.o(.text) refers to _printf_f.o(.ARM.Collect$$_printf_percent$$00000003) for _printf_f
    main.o(.text) refers to printf1.o(x$fpl$printf1) for _printf_fp_dec
    main.o(.text) refers to _printf_s.o(.ARM.Collect$$_printf_percent$$00000014) for _printf_s
    main.o(.text) refers to _printf_str.o(.text) for _printf_str
    main.o(.text) refers to __2printf.o(.text) for __2printf
    main.o(.text) refers to delay.o(.text) for delay_ms
    main.o(.text) refers to oled.o(.text) for OLED_Clear
    main.o(.text) refers to ldchip.o(.text) for PlayDemoSound_mp3
    main.o(.text) refers to stm32f10x_gpio.o(.text) for GPIO_ResetBits
    main.o(.text) refers to ds18b20.o(.text) for DS18B20_Get_Temp
    main.o(.text) refers to __2sprintf.o(.text) for __2sprintf
    main.o(.text) refers to usart.o(.text) for USART1_Config
    main.o(.text) refers to usart2.o(.text) for USART2_Config
    main.o(.text) refers to ld3320_main.o(.text) for LD3320_Init
    main.o(.text) refers to led.o(.text) for LED_GPIO_Config
    main.o(.text) refers to relay.o(.text) for Relay_GPIO_Config
    main.o(.text) refers to buzzer.o(.text) for Buzzer_GPIO_Config
    main.o(.text) refers to sdio_sdcard.o(.text) for SD_Init
    main.o(.text) refers to diskio.o(.text) for disk_initialize
    main.o(.text) refers to ff.o(.text) for f_mount
    main.o(.text) refers to esp8266.o(.text) for ESP8266_AP_TCPServer
    main.o(.text) refers to rt_memclr.o(.text) for __aeabi_memclr
    main.o(.text) refers to strlen.o(.text) for strlen
    main.o(.text) refers to at.o(.text) for AT_Deal
    main.o(.text) refers to main.o(.data) for Temp_buff
    main.o(.text) refers to usart2.o(.data) for USART2_RX_STA
    main.o(.text) refers to usart2.o(.bss) for USART2_RX_BUF
    main.o(.text) refers to ldchip.o(.data) for bMp3Play
    main.o(.text) refers to main.o(.bss) for Data_buff
    stm32f10x_it.o(.text) refers to sdio_sdcard.o(.text) for SD_ProcessIRQSrc
    stm32f10x_it.o(.text) refers to stm32f10x_exti.o(.text) for EXTI_GetITStatus
    stm32f10x_it.o(.text) refers to ldchip.o(.text) for ProcessInt0
    stm32f10x_it.o(.text) refers to usb_int.o(.text) for CTR_HP
    stm32f10x_it.o(.text) refers to usb_istr.o(.text) for USB_Istr
    stm32f10x_it.o(.text) refers to stm32f10x_tim.o(.text) for TIM_Cmd
    stm32f10x_it.o(.text) refers to stm32f10x_it.o(.data) for nTime
    stm32f10x_it.o(.text) refers to usart2.o(.data) for USART2_RX_STA
    sys.o(.text) refers to misc.o(.text) for NVIC_PriorityGroupConfig
    ld3320_main.o(.text) refers to stm32f10x_gpio.o(.text) for GPIO_ReadInputDataBit
    ld3320_main.o(.text) refers to hw_config.o(.text) for GPIO_Config
    ld3320_main.o(.text) refers to usb_init.o(.text) for USB_Init
    ld3320_main.o(.text) refers to stm32f10x_exti.o(.text) for EXTI_DeInit
    ld3320_main.o(.text) refers to stm32f10x_rcc.o(.text) for RCC_APB1PeriphClockCmd
    ld3320_main.o(.text) refers to stm32f10x_spi.o(.text) for SPI_Cmd
    ld3320_main.o(.text) refers to misc.o(.text) for NVIC_Init
    ld3320_main.o(.text) refers to ldchip.o(.text) for LD_reset
    ld3320_main.o(.text) refers to delay.o(.text) for delay_ms
    ld3320_main.o(.text) refers to usb_pwr.o(.data) for bDeviceState
    ldchip.o(.text) refers to stm32f10x_gpio.o(.text) for GPIO_SetBits
    ldchip.o(.text) refers to delay.o(.text) for delay_ms
    ldchip.o(.text) refers to reg_rw.o(.text) for LD_ReadReg
    ldchip.o(.text) refers to fatfs_posix.o(.text) for read
    ldchip.o(.text) refers to ldchip.o(.data) for nLD_Mode
    ldchip.o(.text) refers to main.o(.data) for nAsrStatus
    reg_rw.o(.text) refers to stm32f10x_spi.o(.text) for SPI_I2S_GetFlagStatus
    reg_rw.o(.text) refers to stm32f10x_gpio.o(.text) for GPIO_ResetBits
    usart.o(.text) refers (Special) to use_no_semi_2.o(.text) for __use_no_semihosting
    usart.o(.text) refers to misc.o(.text) for NVIC_PriorityGroupConfig
    usart.o(.text) refers to stm32f10x_rcc.o(.text) for RCC_APB2PeriphClockCmd
    usart.o(.text) refers to stm32f10x_usart.o(.text) for USART_DeInit
    usart.o(.text) refers to stm32f10x_gpio.o(.text) for GPIO_Init
    usart.o(.bss) refers (Special) to use_no_semi_2.o(.text) for __use_no_semihosting
    usart.o(.data) refers (Special) to use_no_semi_2.o(.text) for __use_no_semihosting
    usart2.o(.text) refers to misc.o(.text) for NVIC_PriorityGroupConfig
    usart2.o(.text) refers to stm32f10x_rcc.o(.text) for RCC_APB2PeriphClockCmd
[...]
    TIM_OC1PolarityConfig                    0x08005ea5   Thumb Code    18  stm32f10x_tim.o(.text)
    TIM_OC1NPolarityConfig                   0x08005eb7   Thumb Code    18  stm32f10x_tim.o(.text)
    TIM_OC2PolarityConfig                    0x08005ec9   Thumb Code    26  stm32f10x_tim.o(.text)
    TIM_OC2NPolarityConfig                   0x08005ee3   Thumb Code    26  stm32f10x_tim.o(.text)
    TIM_OC3PolarityConfig                    0x08005efd   Thumb Code    26  stm32f10x_tim.o(.text)
    TIM_OC3NPolarityConfig                   0x08005f17   Thumb Code    26  stm32f10x_tim.o(.text)
    TIM_OC4PolarityConfig                    0x08005f31   Thumb Code    26  stm32f10x_tim.o(.text)
    TIM_CCxCmd                               0x08005f4b   Thumb Code    30  stm32f10x_tim.o(.text)
    TIM_CCxNCmd                              0x08005f69   Thumb Code    30  stm32f10x_tim.o(.text)
    TIM_SelectOCxM                           0x08005f87   Thumb Code    82  stm32f10x_tim.o(.text)
    TIM_UpdateDisableConfig                  0x08005fd9   Thumb Code    24  stm32f10x_tim.o(.text)
    TIM_UpdateRequestConfig                  0x08005ff1   Thumb Code    24  stm32f10x_tim.o(.text)
    TIM_SelectHallSensor                     0x08006009   Thumb Code    24  stm32f10x_tim.o(.text)
    TIM_SelectOnePulseMode                   0x08006021   Thumb Code    18  stm32f10x_tim.o(.text)
    TIM_SelectOutputTrigger                  0x08006033   Thumb Code    18  stm32f10x_tim.o(.text)
    TIM_SelectSlaveMode                      0x08006045   Thumb Code    18  stm32f10x_tim.o(.text)
    TIM_SelectMasterSlaveMode                0x08006057   Thumb Code    18  stm32f10x_tim.o(.text)
    TIM_SetCounter                           0x08006069   Thumb Code     4  stm32f10x_tim.o(.text)
    TIM_SetAutoreload                        0x0800606d   Thumb Code     4  stm32f10x_tim.o(.text)
    TIM_SetCompare1                          0x08006071   Thumb Code     4  stm32f10x_tim.o(.text)
    TIM_SetCompare2                          0x08006075   Thumb Code     4  stm32f10x_tim.o(.text)
    TIM_SetCompare3                          0x08006079   Thumb Code     4  stm32f10x_tim.o(.text)
    TIM_SetCompare4                          0x0800607d   Thumb Code     6  stm32f10x_tim.o(.text)
    TIM_SetClockDivision                     0x08006083   Thumb Code    18  stm32f10x_tim.o(.text)
    TIM_GetCapture1                          0x08006095   Thumb Code     6  stm32f10x_tim.o(.text)
    TIM_GetCapture2                          0x0800609b   Thumb Code     6  stm32f10x_tim.o(.text)
    TIM_GetCapture3                          0x080060a1   Thumb Code     6  stm32f10x_tim.o(.text)
    TIM_GetCapture4                          0x080060a7   Thumb Code     8  stm32f10x_tim.o(.text)
    TIM_GetCounter                           0x080060af   Thumb Code     6  stm32f10x_tim.o(.text)
    TIM_GetPrescaler                         0x080060b5   Thumb Code     6  stm32f10x_tim.o(.text)
    TIM_GetFlagStatus                        0x080060bb   Thumb Code    18  stm32f10x_tim.o(.text)
    TIM_ClearFlag                            0x080060cd   Thumb Code     6  stm32f10x_tim.o(.text)
    TIM_GetITStatus                          0x080060d3   Thumb Code    34  stm32f10x_tim.o(.text)
    TIM_ClearITPendingBit                    0x080060f5   Thumb Code     6  stm32f10x_tim.o(.text)
    SDIO_DeInit                              0x080060fd   Thumb Code    28  stm32f10x_sdio.o(.text)
    SDIO_Init                                0x08006119   Thumb Code    42  stm32f10x_sdio.o(.text)
    SDIO_StructInit                          0x08006143   Thumb Code    16  stm32f10x_sdio.o(.text)
    SDIO_ClockCmd                            0x08006153   Thumb Code     6  stm32f10x_sdio.o(.text)
    SDIO_SetPowerState                       0x08006159   Thumb Code    22  stm32f10x_sdio.o(.text)
    SDIO_GetPowerState                       0x0800616f   Thumb Code    10  stm32f10x_sdio.o(.text)
    SDIO_ITConfig                            0x08006179   Thumb Code    26  stm32f10x_sdio.o(.text)
    SDIO_DMACmd                              0x08006193   Thumb Code     6  stm32f10x_sdio.o(.text)
    SDIO_SendCommand                         0x08006199   Thumb Code    38  stm32f10x_sdio.o(.text)
    SDIO_CmdStructInit                       0x080061bf   Thumb Code    14  stm32f10x_sdio.o(.text)
    SDIO_GetCommandResponse                  0x080061cd   Thumb Code     8  stm32f10x_sdio.o(.text)
    SDIO_GetResponse                         0x080061d5   Thumb Code    22  stm32f10x_sdio.o(.text)
    SDIO_DataConfig                          0x080061eb   Thumb Code    42  stm32f10x_sdio.o(.text)
    SDIO_DataStructInit                      0x08006215   Thumb Code    20  stm32f10x_sdio.o(.text)
    SDIO_GetDataCounter                      0x08006229   Thumb Code     6  stm32f10x_sdio.o(.text)
    SDIO_ReadData                            0x0800622f   Thumb Code     8  stm32f10x_sdio.o(.text)
    SDIO_WriteData                           0x08006237   Thumb Code     8  stm32f10x_sdio.o(.text)
    SDIO_GetFIFOCount                        0x0800623f   Thumb Code     6  stm32f10x_sdio.o(.text)
    SDIO_StartSDIOReadWait                   0x08006245   Thumb Code     8  stm32f10x_sdio.o(.text)
    SDIO_StopSDIOReadWait                    0x0800624d   Thumb Code     8  stm32f10x_sdio.o(.text)
    SDIO_SetSDIOReadWaitMode                 0x08006255   Thumb Code     8  stm32f10x_sdio.o(.text)
    SDIO_SetSDIOOperation                    0x0800625d   Thumb Code     8  stm32f10x_sdio.o(.text)
    SDIO_SendSDIOSuspendCmd                  0x08006265   Thumb Code     6  stm32f10x_sdio.o(.text)
    SDIO_CommandCompletionCmd                0x0800626b   Thumb Code     8  stm32f10x_sdio.o(.text)
    SDIO_CEATAITCmd                          0x08006273   Thumb Code    12  stm32f10x_sdio.o(.text)
    SDIO_SendCEATACmd                        0x0800627f   Thumb Code     8  stm32f10x_sdio.o(.text)
    SDIO_GetFlagStatus                       0x08006287   Thumb Code    20  stm32f10x_sdio.o(.text)
    SDIO_ClearFlag                           0x0800629b   Thumb Code     6  stm32f10x_sdio.o(.text)
    SDIO_GetITStatus                         0x080062a1   Thumb Code    20  stm32f10x_sdio.o(.text)
    SDIO_ClearITPendingBit                   0x080062b5   Thumb Code     6  stm32f10x_sdio.o(.text)
    EXTI_DeInit                              0x080062d1   Thumb Code    28  stm32f10x_exti.o(.text)
    EXTI_Init                                0x080062ed   Thumb Code   142  stm32f10x_exti.o(.text)
    EXTI_StructInit                          0x0800637b   Thumb Code    16  stm32f10x_exti.o(.text)
    EXTI_GenerateSWInterrupt                 0x0800638b   Thumb Code    16  stm32f10x_exti.o(.text)
    EXTI_GetFlagStatus                       0x0800639b   Thumb Code    22  stm32f10x_exti.o(.text)
    EXTI_ClearFlag                           0x080063b1   Thumb Code     8  stm32f10x_exti.o(.text)
    EXTI_GetITStatus                         0x080063b9   Thumb Code    34  stm32f10x_exti.o(.text)
    EXTI_ClearITPendingBit                   0x080063db   Thumb Code     8  stm32f10x_exti.o(.text)
    GPIO_DeInit                              0x080063ed   Thumb Code   172  stm32f10x_gpio.o(.text)
    GPIO_AFIODeInit                          0x08006499   Thumb Code    20  stm32f10x_gpio.o(.text)
    GPIO_Init                                0x080064ad   Thumb Code   278  stm32f10x_gpio.o(.text)
    GPIO_StructInit                          0x080065c3   Thumb Code    16  stm32f10x_gpio.o(.text)
    GPIO_ReadInputDataBit                    0x080065d3   Thumb Code    18  stm32f10x_gpio.o(.text)
    GPIO_ReadInputData                       0x080065e5   Thumb Code     8  stm32f10x_gpio.o(.text)
    GPIO_ReadOutputDataBit                   0x080065ed   Thumb Code    18  stm32f10x_gpio.o(.text)
    GPIO_ReadOutputData                      0x080065ff   Thumb Code     8  stm32f10x_gpio.o(.text)
    GPIO_SetBits                             0x08006607   Thumb Code     4  stm32f10x_gpio.o(.text)
    GPIO_ResetBits                           0x0800660b   Thumb Code     4  stm32f10x_gpio.o(.text)
    GPIO_WriteBit                            0x0800660f   Thumb Code    10  stm32f10x_gpio.o(.text)
    GPIO_Write                               0x08006619   Thumb Code     4  stm32f10x_gpio.o(.text)
    GPIO_PinLockConfig                       0x0800661d   Thumb Code    18  stm32f10x_gpio.o(.text)
    GPIO_EventOutputConfig                   0x0800662f   Thumb Code    26  stm32f10x_gpio.o(.text)
    GPIO_EventOutputCmd                      0x08006649   Thumb Code     6  stm32f10x_gpio.o(.text)
    GPIO_PinRemapConfig                      0x0800664f   Thumb Code   138  stm32f10x_gpio.o(.text)
    GPIO_EXTILineConfig                      0x080066d9   Thumb Code    66  stm32f10x_gpio.o(.text)
    GPIO_ETH_MediaInterfaceConfig            0x0800671b   Thumb Code     8  stm32f10x_gpio.o(.text)
    RCC_DeInit                               0x08006749   Thumb Code    64  stm32f10x_rcc.o(.text)
    RCC_HSEConfig                            0x08006789   Thumb Code    70  stm32f10x_rcc.o(.text)
    RCC_GetFlagStatus                        0x080067cf   Thumb Code    56  stm32f10x_rcc.o(.text)
    RCC_WaitForHSEStartUp                    0x08006807   Thumb Code    56  stm32f10x_rcc.o(.text)
    RCC_AdjustHSICalibrationValue            0x0800683f   Thumb Code    20  stm32f10x_rcc.o(.text)
    RCC_HSICmd                               0x08006853   Thumb Code     6  stm32f10x_rcc.o(.text)
    RCC_PLLConfig                            0x08006859   Thumb Code    24  stm32f10x_rcc.o(.text)
    RCC_PLLCmd                               0x08006871   Thumb Code     6  stm32f10x_rcc.o(.text)
    RCC_SYSCLKConfig                         0x08006877   Thumb Code    18  stm32f10x_rcc.o(.text)
    RCC_GetSYSCLKSource                      0x08006889   Thumb Code    10  stm32f10x_rcc.o(.text)
    RCC_HCLKConfig                           0x08006893   Thumb Code    18  stm32f10x_rcc.o(.text)
    RCC_PCLK1Config                          0x080068a5   Thumb Code    18  stm32f10x_rcc.o(.text)
    RCC_PCLK2Config                          0x080068b7   Thumb Code    20  stm32f10x_rcc.o(.text)
    RCC_ITConfig                             0x080068cb   Thumb Code    26  stm32f10x_rcc.o(.text)
    RCC_USBCLKConfig                         0x080068e5   Thumb Code     8  stm32f10x_rcc.o(.text)
    RCC_ADCCLKConfig                         0x080068ed   Thumb Code    18  stm32f10x_rcc.o(.text)
    RCC_LSEConfig                            0x080068ff   Thumb Code    50  stm32f10x_rcc.o(.text)
    RCC_LSICmd                               0x08006931   Thumb Code     6  stm32f10x_rcc.o(.text)
    RCC_RTCCLKConfig                         0x08006937   Thumb Code    12  stm32f10x_rcc.o(.text)
    RCC_RTCCLKCmd                            0x08006943   Thumb Code     8  stm32f10x_rcc.o(.text)
    RCC_GetClocksFreq                        0x0800694b   Thumb Code   192  stm32f10x_rcc.o(.text)
    RCC_AHBPeriphClockCmd                    0x08006a0b   Thumb Code    26  stm32f10x_rcc.o(.text)
    RCC_APB2PeriphClockCmd                   0x08006a25   Thumb Code    26  stm32f10x_rcc.o(.text)
    RCC_APB1PeriphClockCmd                   0x08006a3f   Thumb Code    26  stm32f10x_rcc.o(.text)
    RCC_APB2PeriphResetCmd                   0x08006a59   Thumb Code    26  stm32f10x_rcc.o(.text)
    RCC_APB1PeriphResetCmd                   0x08006a73   Thumb Code    26  stm32f10x_rcc.o(.text)
    RCC_BackupResetCmd                       0x08006a8d   Thumb Code     8  stm32f10x_rcc.o(.text)
    RCC_ClockSecuritySystemCmd               0x08006a95   Thumb Code     6  stm32f10x_rcc.o(.text)
    RCC_MCOConfig                            0x08006a9b   Thumb Code     6  stm32f10x_rcc.o(.text)
    RCC_ClearFlag                            0x08006aa1   Thumb Code    14  stm32f10x_rcc.o(.text)
    RCC_GetITStatus                          0x08006aaf   Thumb Code    20  stm32f10x_rcc.o(.text)
    RCC_ClearITPendingBit                    0x08006ac3   Thumb Code     6  stm32f10x_rcc.o(.text)
    SPI_I2S_DeInit                           0x08006aed   Thumb Code    76  stm32f10x_spi.o(.text)
    SPI_Init                                 0x08006b39   Thumb Code    60  stm32f10x_spi.o(.text)
    I2S_Init                                 0x08006b75   Thumb Code   226  stm32f10x_spi.o(.text)
    SPI_StructInit                           0x08006c57   Thumb Code    24  stm32f10x_spi.o(.text)
    I2S_StructInit                           0x08006c6f   Thumb Code    20  stm32f10x_spi.o(.text)
    SPI_Cmd                                  0x08006c83   Thumb Code    24  stm32f10x_spi.o(.text)
    I2S_Cmd                                  0x08006c9b   Thumb Code    24  stm32f10x_spi.o(.text)
    SPI_I2S_ITConfig                         0x08006cb3   Thumb Code    32  stm32f10x_spi.o(.text)
    SPI_I2S_DMACmd                           0x08006cd3   Thumb Code    18  stm32f10x_spi.o(.text)
    SPI_I2S_SendData                         0x08006ce5   Thumb Code     4  stm32f10x_spi.o(.text)
    SPI_I2S_ReceiveData                      0x08006ce9   Thumb Code     6  stm32f10x_spi.o(.text)
    SPI_NSSInternalSoftwareConfig            0x08006cef   Thumb Code    30  stm32f10x_spi.o(.text)
    SPI_SSOutputCmd                          0x08006d0d   Thumb Code    24  stm32f10x_spi.o(.text)
    SPI_DataSizeConfig                       0x08006d25   Thumb Code    18  stm32f10x_spi.o(.text)
    SPI_TransmitCRC                          0x08006d37   Thumb Code    10  stm32f10x_spi.o(.text)
    SPI_CalculateCRC                         0x08006d41   Thumb Code    24  stm32f10x_spi.o(.text)
    SPI_GetCRC                               0x08006d59   Thumb Code    16  stm32f10x_spi.o(.text)
    SPI_GetCRCPolynomial                     0x08006d69   Thumb Code     6  stm32f10x_spi.o(.text)
    SPI_BiDirectionalLineConfig              0x08006d6f   Thumb Code    28  stm32f10x_spi.o(.text)
    SPI_I2S_GetFlagStatus                    0x08006d8b   Thumb Code    18  stm32f10x_spi.o(.text)
    SPI_I2S_ClearFlag                        0x08006d9d   Thumb Code     6  stm32f10x_spi.o(.text)
    SPI_I2S_GetITStatus                      0x08006da3   Thumb Code    52  stm32f10x_spi.o(.text)
    SPI_I2S_ClearITPendingBit                0x08006dd7   Thumb Code    20  stm32f10x_spi.o(.text)
    DMA_DeInit                               0x08006df9   Thumb Code   324  stm32f10x_dma.o(.text)
    DMA_Init                                 0x08006f3d   Thumb Code    60  stm32f10x_dma.o(.text)
    DMA_StructInit                           0x08006f79   Thumb Code    26  stm32f10x_dma.o(.text)
    DMA_Cmd                                  0x08006f93   Thumb Code    24  stm32f10x_dma.o(.text)
    DMA_ITConfig                             0x08006fab   Thumb Code    18  stm32f10x_dma.o(.text)
    DMA_SetCurrDataCounter                   0x08006fbd   Thumb Code     4  stm32f10x_dma.o(.text)
    DMA_GetCurrDataCounter                   0x08006fc1   Thumb Code     8  stm32f10x_dma.o(.text)
    DMA_GetFlagStatus                        0x08006fc9   Thumb Code    40  stm32f10x_dma.o(.text)
    DMA_ClearFlag                            0x08006ff1   Thumb Code    22  stm32f10x_dma.o(.text)
    DMA_GetITStatus                          0x08007007   Thumb Code    40  stm32f10x_dma.o(.text)
    DMA_ClearITPendingBit                    0x0800702f   Thumb Code    22  stm32f10x_dma.o(.text)
    Standard_GetConfiguration                0x0800704d   Thumb Code    34  usb_core.o(.text)
    Standard_SetConfiguration                0x0800706f   Thumb Code    60  usb_core.o(.text)
    Standard_GetInterface                    0x080070ab   Thumb Code    34  usb_core.o(.text)
    Standard_SetInterface                    0x080070cd   Thumb Code    96  usb_core.o(.text)
    Standard_GetStatus                       0x0800712d   Thumb Code   224  usb_core.o(.text)
    Standard_ClearFeature                    0x0800720d   Thumb Code   326  usb_core.o(.text)
    Standard_SetEndPointFeature              0x08007353   Thumb Code   176  usb_core.o(.text)
    Standard_SetDeviceFeature                0x08007403   Thumb Code    30  usb_core.o(.text)
    Standard_GetDescriptorData               0x08007421   Thumb Code    62  usb_core.o(.text)
    Post0_Process                            0x0800797d   Thumb Code    54  usb_core.o(.text)
    Setup0_Process                           0x080079b3   Thumb Code   162  usb_core.o(.text)
    SetDeviceAddress                         0x08007a55   Thumb Code    64  usb_core.o(.text)
    In0_Process                              0x08007a95   Thumb Code    98  usb_core.o(.text)
    Out0_Process                             0x08007af7   Thumb Code    70  usb_core.o(.text)
    NOP_Process                              0x08007b3d   Thumb Code     2  usb_core.o(.text)
    USB_Init                                 0x08007b6d   Thumb Code    36  usb_init.o(.text)
    CTR_LP                                   0x08007ba9   Thumb Code   774  usb_int.o(.text)
    CTR_HP                                   0x08007eaf   Thumb Code   174  usb_int.o(.text)
    UserToPMABufferCopy                      0x08007f7d   Thumb Code    52  usb_mem.o(.text)
    PMAToUserBufferCopy                      0x08007fb1   Thumb Code    34  usb_mem.o(.text)
    SetCNTR                                  0x08007fd9   Thumb Code     6  usb_regs.o(.text)
    GetCNTR                                  0x08007fdf   Thumb Code     8  usb_regs.o(.text)
    SetISTR                                  0x08007fe7   Thumb Code     8  usb_regs.o(.text)
    GetISTR                                  0x08007fef   Thumb Code    10  usb_regs.o(.text)
    GetFNR                                   0x08007ff9   Thumb Code    10  usb_regs.o(.text)
    SetDADDR                                 0x08008003   Thumb Code     8  usb_regs.o(.text)
    GetDADDR                                 0x0800800b   Thumb Code    10  usb_regs.o(.text)
    SetBTABLE                                0x08008015   Thumb Code    14  usb_regs.o(.text)
    GetBTABLE                                0x08008023   Thumb Code    10  usb_regs.o(.text)
    SetENDPOINT                              0x0800802d   Thumb Code    12  usb_regs.o(.text)
    GetENDPOINT                              0x08008039   Thumb Code    16  usb_regs.o(.text)
    SetEPType                                0x08008049   Thumb Code    32  usb_regs.o(.text)
    GetEPType                                0x08008069   Thumb Code    18  usb_regs.o(.text)
    SetEPTxStatus                            0x0800807b   Thumb Code    52  usb_regs.o(.text)
    SetEPRxStatus                            0x080080af   Thumb Code    52  usb_regs.o(.text)
    SetDouBleBuffEPStall                     0x080080e3   Thumb Code    54  usb_regs.o(.text)
    GetEPTxStatus                            0x08008119   Thumb Code    18  usb_regs.o(.text)
    GetEPRxStatus                            0x0800812b   Thumb Code    18  usb_regs.o(.text)
    SetEPTxValid                             0x0800813d   Thumb Code    38  usb_regs.o(.text)
    SetEPRxValid                             0x08008163   Thumb Code    38  usb_regs.o(.text)
    SetEP_KIND                               0x08008189   Thumb Code    32  usb_regs.o(.text)
    ClearEP_KIND                             0x080081a9   Thumb Code    28  usb_regs.o(.text)
    Clear_Status_Out                         0x080081c5   Thumb Code    28  usb_regs.o(.text)
    Set_Status_Out                           0x080081e1   Thumb Code    32  usb_regs.o(.text)
    SetEPDoubleBuff                          0x08008201   Thumb Code    32  usb_regs.o(.text)
    ClearEPDoubleBuff                        0x08008221   Thumb Code    28  usb_regs.o(.text)
    GetTxStallStatus                         0x0800823d   Thumb Code    28  usb_regs.o(.text)
    GetRxStallStatus                         0x08008259   Thumb Code    30  usb_regs.o(.text)
    ClearEP_CTR_RX                           0x08008277   Thumb Code    32  usb_regs.o(.text)
    ClearEP_CTR_TX                           0x08008297   Thumb Code    28  usb_regs.o(.text)
    ToggleDTOG_RX                            0x080082b3   Thumb Code    32  usb_regs.o(.text)
    ToggleDTOG_TX                            0x080082d3   Thumb Code    32  usb_regs.o(.text)
    ClearDTOG_RX                             0x080082f3   Thumb Code    46  usb_regs.o(.text)
    ClearDTOG_TX                             0x08008321   Thumb Code    46  usb_regs.o(.text)
    SetEPAddress                             0x0800834f   Thumb Code    32  usb_regs.o(.text)
    GetEPAddress                             0x0800836f   Thumb Code    18  usb_regs.o(.text)
    SetEPTxAddr                              0x08008381   Thumb Code    26  usb_regs.o(.text)
    SetEPRxAddr                              0x0800839b   Thumb Code    42  usb_regs.o(.text)
    GetEPTxAddr                              0x080083c5   Thumb Code    22  usb_regs.o(.text)
    GetEPRxAddr                              0x080083db   Thumb Code    24  usb_regs.o(.text)
    SetEPTxCount                             0x080083f3   Thumb Code    20  usb_regs.o(.text)
    SetEPCountRxReg                          0x08008407   Thumb Code    48  usb_regs.o(.text)
    SetEPRxCount                             0x08008437   Thumb Code    68  usb_regs.o(.text)
    GetEPTxCount                             0x0800847b   Thumb Code    26  usb_regs.o(.text)
    GetEPRxCount                             0x08008495   Thumb Code    26  usb_regs.o(.text)
    SetEPDblBuffAddr                         0x080084af   Thumb Code    44  usb_regs.o(.text)
    SetEPDblBuf0Addr                         0x080084db   Thumb Code    24  usb_regs.o(.text)
    SetEPDblBuf1Addr                         0x080084f3   Thumb Code    26  usb_regs.o(.text)
    GetEPDblBuf0Addr                         0x0800850d   Thumb Code    22  usb_regs.o(.text)
    GetEPDblBuf1Addr                         0x08008523   Thumb Code    24  usb_regs.o(.text)
    SetEPDblBuffCount                        0x0800853b   Thumb Code   186  usb_regs.o(.text)
    SetEPDblBuf0Count                        0x080085f5   Thumb Code    96  usb_regs.o(.text)
    SetEPDblBuf1Count                        0x08008655   Thumb Code    96  usb_regs.o(.text)
    GetEPDblBuf0Count                        0x080086b5   Thumb Code    26  usb_regs.o(.text)
    GetEPDblBuf1Count                        0x080086cf   Thumb Code    26  usb_regs.o(.text)
    GetEPDblBufDir                           0x080086e9   Thumb Code    62  usb_regs.o(.text)
    FreeUserBuffer                           0x08008727   Thumb Code    74  usb_regs.o(.text)
    ToWord                                   0x08008771   Thumb Code     8  usb_regs.o(.text)
    ByteSwap                                 0x08008779   Thumb Code    12  usb_regs.o(.text)
    Set_USBClock                             0x08008791   Thumb Code    18  hw_config.o(.text)
    Enter_LowPowerMode                       0x080087a3   Thumb Code     8  hw_config.o(.text)
    Leave_LowPowerMode                       0x080087ab   Thumb Code    22  hw_config.o(.text)
    Interrupts_Config                        0x080087c1   Thumb Code    78  hw_config.o(.text)
    GPIO_Config                              0x0800880f   Thumb Code    78  hw_config.o(.text)
    Led_RW_ON                                0x0800885d   Thumb Code    12  hw_config.o(.text)
    Led_RW_OFF                               0x08008869   Thumb Code    12  hw_config.o(.text)
    USB_Configured_LED                       0x08008875   Thumb Code    12  hw_config.o(.text)
    USB_NotConfigured_LED                    0x08008881   Thumb Code    12  hw_config.o(.text)
    USB_Cable_Config                         0x0800888d   Thumb Code    26  hw_config.o(.text)
    Get_SerialNum                            0x080088a7   Thumb Code    62  hw_config.o(.text)
    MAL_Config                               0x080088e5   Thumb Code    10  hw_config.o(.text)
    MAL_Init                                 0x08008905   Thumb Code     6  mass_mal.o(.text)
    MAL_Write                                0x0800890b   Thumb Code    62  mass_mal.o(.text)
    MAL_Read                                 0x08008949   Thumb Code    62  mass_mal.o(.text)
    MAL_GetStatus                            0x08008987   Thumb Code   126  mass_mal.o(.text)
    Read_Memory                              0x08008a19   Thumb Code   232  memory.o(.text)
    Write_Memory                             0x08008b01   Thumb Code   260  memory.o(.text)
    Set_CSW                                  0x08008c41   Thumb Code    54  usb_bot.o(.text)
    Mass_Storage_In                          0x08008c77   Thumb Code   100  usb_bot.o(.text)
    Bot_Abort                                0x08008cdb   Thumb Code    64  usb_bot.o(.text)
    CBW_Decode                               0x08008d1b   Thumb Code   676  usb_bot.o(.text)
    Mass_Storage_Out                         0x08008fbf   Thumb Code   170  usb_bot.o(.text)
    Transfer_Data_Request                    0x08009069   Thumb Code    54  usb_bot.o(.text)
    EP1_IN_Callback                          0x080090a9   Thumb Code     8  usb_endp.o(.text)
    EP2_OUT_Callback                         0x080090b1   Thumb Code     8  usb_endp.o(.text)
    USB_Istr                                 0x080090b9   Thumb Code    62  usb_istr.o(.text)
    MASS_init                                0x08009109   Thumb Code    50  usb_prop.o(.text)
    MASS_Reset                               0x0800913b   Thumb Code   208  usb_prop.o(.text)
    Mass_Storage_SetConfiguration            0x0800920b   Thumb Code    36  usb_prop.o(.text)
    Mass_Storage_ClearFeature                0x0800922f   Thumb Code    20  usb_prop.o(.text)
    Mass_Storage_SetDeviceAddress            0x08009243   Thumb Code     8  usb_prop.o(.text)
    MASS_Status_In                           0x0800924b   Thumb Code     2  usb_prop.o(.text)
    MASS_Status_Out                          0x0800924d   Thumb Code     2  usb_prop.o(.text)
    Get_Max_Lun                              0x0800924f   Thumb Code    20  usb_prop.o(.text)
    MASS_Data_Setup                          0x08009263   Thumb Code    88  usb_prop.o(.text)
    MASS_NoData_Setup                        0x080092bb   Thumb Code    76  usb_prop.o(.text)
    MASS_Get_Interface_Setting               0x08009307   Thumb Code    22  usb_prop.o(.text)
    MASS_GetDeviceDescriptor                 0x0800931d   Thumb Code    14  usb_prop.o(.text)
    MASS_GetConfigDescriptor                 0x0800932b   Thumb Code    14  usb_prop.o(.text)
    MASS_GetStringDescriptor                 0x08009339   Thumb Code    32  usb_prop.o(.text)
    PowerOn                                  0x08009391   Thumb Code    54  usb_pwr.o(.text)
    PowerOff                                 0x080093c7   Thumb Code    28  usb_pwr.o(.text)
    Suspend                                  0x080093e3   Thumb Code    34  usb_pwr.o(.text)
    Resume_Init                              0x08009405   Thumb Code    30  usb_pwr.o(.text)
    Resume                                   0x08009423   Thumb Code   168  usb_pwr.o(.text)
    SCSI_Inquiry_Cmd                         0x080094d9   Thumb Code    54  usb_scsi.o(.text)
    Set_Scsi_Sense_Data                      0x0800950f   Thumb Code     8  usb_scsi.o(.text)
    SCSI_ReadFormatCapacity_Cmd              0x08009517   Thumb Code   120  usb_scsi.o(.text)
    SCSI_ReadCapacity10_Cmd                  0x0800958f   Thumb Code   138  usb_scsi.o(.text)
    SCSI_ModeSense6_Cmd                      0x08009619   Thumb Code    14  usb_scsi.o(.text)
    SCSI_ModeSense10_Cmd                     0x08009627   Thumb Code    14  usb_scsi.o(.text)
    SCSI_RequestSense_Cmd                    0x08009635   Thumb Code    30  usb_scsi.o(.text)
    SCSI_Start_Stop_Unit_Cmd                 0x08009653   Thumb Code    14  usb_scsi.o(.text)
    SCSI_Address_Management                  0x08009661   Thumb Code   126  usb_scsi.o(.text)
    SCSI_Read10_Cmd                          0x080096df   Thumb Code   110  usb_scsi.o(.text)
    SCSI_Write10_Cmd                         0x0800974d   Thumb Code   110  usb_scsi.o(.text)
    SCSI_Verify10_Cmd                        0x080097bb   Thumb Code    58  usb_scsi.o(.text)
    SCSI_Valid_Cmd                           0x080097f5   Thumb Code    48  usb_scsi.o(.text)
    SCSI_TestUnitReady_Cmd                   0x08009825   Thumb Code    52  usb_scsi.o(.text)
    SCSI_Format_Cmd                          0x08009859   Thumb Code    44  usb_scsi.o(.text)
    SCSI_Invalid_Cmd                         0x08009885   Thumb Code   112  usb_scsi.o(.text)
    disk_initialize                          0x080098f5   Thumb Code     6  diskio.o(.text)
    disk_status                              0x080098fb   Thumb Code     6  diskio.o(.text)
    disk_read                                0x08009901   Thumb Code    92  diskio.o(.text)
    disk_write                               0x0800995d   Thumb Code    32  diskio.o(.text)
    disk_ioctl                               0x0800997d   Thumb Code     6  diskio.o(.text)
    get_fattime                              0x08009983   Thumb Code     4  diskio.o(.text)
    open                                     0x0800998d   Thumb Code    40  fatfs_posix.o(.text)
    close                                    0x080099b5   Thumb Code    22  fatfs_posix.o(.text)
    read                                     0x080099cb   Thumb Code    32  fatfs_posix.o(.text)
    write                                    0x080099eb   Thumb Code     6  fatfs_posix.o(.text)
    tell                                     0x080099f1   Thumb Code     8  fatfs_posix.o(.text)
    lseek                                    0x080099f9   Thumb Code    80  fatfs_posix.o(.text)
    get_file_size                            0x08009a49   Thumb Code     8  fatfs_posix.o(.text)
    clust2sect                               0x08009bb1   Thumb Code    26  ff.o(.text)
    get_fat                                  0x08009bcb   Thumb Code   208  ff.o(.text)
    put_fat                                  0x08009c9b   Thumb Code   262  ff.o(.text)
    gen_numname                              0x0800a1cb   Thumb Code   190  ff.o(.text)
    f_mount                                  0x0800ad39   Thumb Code    38  ff.o(.text)
    f_open                                   0x0800ad5f   Thumb Code   294  ff.o(.text)
    f_read                                   0x0800ae85   Thumb Code   486  ff.o(.text)
    f_write                                  0x0800b06b   Thumb Code   526  ff.o(.text)
    f_sync                                   0x0800b279   Thumb Code   142  ff.o(.text)
    f_close                                  0x0800b307   Thumb Code    22  ff.o(.text)
    f_lseek                                  0x0800b31d   Thumb Code   432  ff.o(.text)
    f_opendir                                0x0800b4cd   Thumb Code   102  ff.o(.text)
    f_readdir                                0x0800b533   Thumb Code    92  ff.o(.text)
    f_stat                                   0x0800b58f   Thumb Code    62  ff.o(.text)
    f_getfree                                0x0800b5cd   Thumb Code   252  ff.o(.text)
    f_truncate                               0x0800b6c9   Thumb Code   156  ff.o(.text)
    f_unlink                                 0x0800b765   Thumb Code   170  ff.o(.text)
    f_mkdir                                  0x0800b80f   Thumb Code   336  ff.o(.text)
    f_chmod                                  0x0800b95f   Thumb Code    88  ff.o(.text)
    f_utime                                  0x0800b9b7   Thumb Code    78  ff.o(.text)
    f_rename                                 0x0800ba05   Thumb Code   270  ff.o(.text)
    ff_convert                               0x0800bb19   Thumb Code   116  cc936.o(.text)
    ff_wtoupper                              0x0800bb8d   Thumb Code    46  cc936.o(.text)
    ESP8266_SendCmd_OK                       0x0800bbcd   Thumb Code    76  esp8266.o(.text)
    ESP8266_GetIP                            0x0800bc19   Thumb Code   122  esp8266.o(.text)
    ESP8266_ConnectionAP                     0x0800bc93   Thumb Code    84  esp8266.o(.text)
    ESP8266_SoftReset                        0x0800bce7   Thumb Code    70  esp8266.o(.text)
    ESP8266_STA_TCPServer                    0x0800bd2d   Thumb Code   182  esp8266.o(.text)
    ESP8266_Connect_Server                   0x0800bde3   Thumb Code   180  esp8266.o(.text)
    ESP8266_STA_TCPCLient                    0x0800be97   Thumb Code   222  esp8266.o(.text)
    ESP8266_SET_AP                           0x0800bf75   Thumb Code   752  esp8266.o(.text)
    ESP8266_AP_TCPServer                     0x0800c265   Thumb Code   220  esp8266.o(.text)
    ESP8266_Get_LinkSta                      0x0800c341   Thumb Code   128  esp8266.o(.text)
    ESP8266_Get_Data                         0x0800c3c1   Thumb Code    98  esp8266.o(.text)
    ESP8266_Tcp_GetData                      0x0800c423   Thumb Code    88  esp8266.o(.text)
    ESP8266_SendData                         0x0800c47b   Thumb Code   212  esp8266.o(.text)
    ESP8266_Tcp_SendData                     0x0800c54f   Thumb Code   650  esp8266.o(.text)
    ESP8266_Ping                             0x0800c7d9   Thumb Code    38  esp8266.o(.text)
    ESP8266_Disconnect_Server                0x0800c7ff   Thumb Code    34  esp8266.o(.text)
    ESP8266_Exit_Transfer                    0x0800c821   Thumb Code    88  esp8266.o(.text)
    ESP8266_DHCP_Setup                       0x0800c879   Thumb Code    14  esp8266.o(.text)
    ESP8266_Connect_Mode                     0x0800c887   Thumb Code    34  esp8266.o(.text)
    ESP8266_TransMode                        0x0800c8a9   Thumb Code    84  esp8266.o(.text)
    Char_to_Hex                              0x0800c8fd   Thumb Code   160  esp8266.o(.text)
    AT_DO                                    0x0800ca11   Thumb Code   440  at.o(.text)
    AT_Deal                                  0x0800cbc9   Thumb Code   124  at.o(.text)
    __use_no_semihosting                     0x0800cc8d   Thumb Code     2  use_no_semi_2.o(.text)
    __c89vsprintf                            0x0800cc91   Thumb Code    32  c89vsprintf.o(.text)
    __2printf                                0x0800ccb5   Thumb Code    20  __2printf.o(.text)
    __2sprintf                               0x0800cccd   Thumb Code    38  __2sprintf.o(.text)
    _printf_pre_padding                      0x0800ccf9   Thumb Code    44  _printf_pad.o(.text)
    _printf_post_padding                     0x0800cd25   Thumb Code    34  _printf_pad.o(.text)
    _printf_str                              0x0800cd47   Thumb Code    82  _printf_str.o(.text)
    _printf_int_dec                          0x0800cd99   Thumb Code   104  _printf_dec.o(.text)
    _printf_longlong_hex                     0x0800ce11   Thumb Code    86  _printf_hex_int_ll_ptr.o(.text)
    _printf_int_hex                          0x0800ce67   Thumb Code    28  _printf_hex_int_ll_ptr.o(.text)
    _printf_ll_hex                           0x0800ce83   Thumb Code    12  _printf_hex_int_ll_ptr.o(.text)
    _printf_hex_ptr                          0x0800ce8f   Thumb Code    18  _printf_hex_int_ll_ptr.o(.text)
    __printf                                 0x0800cea5   Thumb Code   388  __printf_flags_ss_wp.o(.text)
    __0sscanf                                0x0800d02d   Thumb Code    52  __0sscanf.o(.text)
    _scanf_int                               0x0800d069   Thumb Code   332  _scanf_int.o(.text)
    _scanf_string                            0x0800d1b5   Thumb Code   224  _scanf_str.o(.text)
    strstr                                   0x0800d295   Thumb Code    36  strstr.o(.text)
    memcmp                                   0x0800d2b9   Thumb Code    88  memcmp.o(.text)
    strlen                                   0x0800d311   Thumb Code    62  strlen.o(.text)
    __aeabi_memcpy                           0x0800d34f   Thumb Code     0  rt_memcpy_v6.o(.text)
    __rt_memcpy                              0x0800d34f   Thumb Code   138  rt_memcpy_v6.o(.text)
    _memcpy_lastbytes                        0x0800d3b5   Thumb Code     0  rt_memcpy_v6.o(.text)
    __aeabi_memcpy4                          0x0800d3d9   Thumb Code     0  rt_memcpy_w.o(.text)
    __aeabi_memcpy8                          0x0800d3d9   Thumb Code     0  rt_memcpy_w.o(.text)
    __rt_memcpy_w                            0x0800d3d9   Thumb Code   100  rt_memcpy_w.o(.text)
    _memcpy_lastbytes_aligned                0x0800d421   Thumb Code     0  rt_memcpy_w.o(.text)
    __aeabi_memclr                           0x0800d43d   Thumb Code     0  rt_memclr.o(.text)
    __rt_memclr                              0x0800d43d   Thumb Code    68  rt_memclr.o(.text)
    _memset                                  0x0800d441   Thumb Code     0  rt_memclr.o(.text)
    __aeabi_memclr4                          0x0800d481   Thumb Code     0  rt_memclr_w.o(.text)
    __aeabi_memclr8                          0x0800d481   Thumb Code     0  rt_memclr_w.o(.text)
    __rt_memclr_w                            0x0800d481   Thumb Code    78  rt_memclr_w.o(.text)
    _memset_w                                0x0800d485   Thumb Code     0  rt_memclr_w.o(.text)
    strcmp                                   0x0800d4d1   Thumb Code   128  strcmpv7m.o(.text)
    __use_two_region_memory                  0x0800d551   Thumb Code     2  heapauxi.o(.text)
    __rt_heap_escrow                         0x0800d553   Thumb Code     2  heapauxi.o(.text)
    __rt_heap_expand                         0x0800d555   Thumb Code     2  heapauxi.o(.text)
    __I$use$semihosting                      0x0800d557   Thumb Code     0  use_no_semi.o(.text)
    __use_no_semihosting_swi                 0x0800d557   Thumb Code     2  use_no_semi.o(.text)
    __rt_ctype_table                         0x0800d559   Thumb Code    16  rt_ctype_table.o(.text)
    _printf_truncate_signed                  0x0800d569   Thumb Code    18  _printf_truncate.o(.text)
    _printf_truncate_unsigned                0x0800d57b   Thumb Code    18  _printf_truncate.o(.text)
    _printf_int_common                       0x0800d58d   Thumb Code   178  _printf_intcommon.o(.text)
    _printf_charcount                        0x0800d63f   Thumb Code    40  _printf_charcount.o(.text)
    __lib_sel_fp_printf                      0x0800d667   Thumb Code     2  _printf_fp_dec.o(.text)
    _printf_fp_dec_real                      0x0800d819   Thumb Code   620  _printf_fp_dec.o(.text)
    _printf_char_common                      0x0800da8f   Thumb Code    32  _printf_char_common.o(.text)
    _sputc                                   0x0800dab5   Thumb Code    10  _sputc.o(.text)
    _printf_cs_common                        0x0800dabf   Thumb Code    20  _printf_char.o(.text)
    _printf_char                             0x0800dad3   Thumb Code    16  _printf_char.o(.text)
    _printf_string                           0x0800dae3   Thumb Code     8  _printf_char.o(.text)
    _printf_char_file                        0x0800daed   Thumb Code    32  _printf_char_file.o(.text)
    _printf_wctomb                           0x0800db11   Thumb Code   182  _printf_wctomb.o(.text)
    _printf_longlong_dec                     0x0800dbcd   Thumb Code   108  _printf_longlong_dec.o(.text)
    _printf_longlong_oct                     0x0800dc49   Thumb Code    66  _printf_oct_int_ll.o(.text)
    _printf_int_oct                          0x0800dc8b   Thumb Code    24  _printf_oct_int_ll.o(.text)
    _printf_ll_oct                           0x0800dca3   Thumb Code    12  _printf_oct_int_ll.o(.text)
    _chval                                   0x0800dcb9   Thumb Code    28  _chval.o(.text)
    __vfscanf_char                           0x0800dce1   Thumb Code    24  scanf_char.o(.text)
    _sgetc                                   0x0800dd01   Thumb Code    30  _sgetc.o(.text)
    _sbackspace                              0x0800dd1f   Thumb Code    34  _sgetc.o(.text)
    __user_libspace                          0x0800dd41   Thumb Code     8  libspace.o(.text)
    __user_perproc_libspace                  0x0800dd41   Thumb Code     0  libspace.o(.text)
    __user_perthread_libspace                0x0800dd41   Thumb Code     0  libspace.o(.text)
    __rt_locale                              0x0800dd49   Thumb Code     8  rt_locale_intlibspace.o(.text)
    _ll_udiv10                               0x0800dd51   Thumb Code   138  lludiv10.o(.text)
    isspace                                  0x0800dddb   Thumb Code    18  isspace.o(.text)
    _printf_fp_infnan                        0x0800dded   Thumb Code   112  _printf_fp_infnan.o(.text)
    _printf_lcs_common                       0x0800de6d   Thumb Code    20  _printf_wchar.o(.text)
    _printf_wchar                            0x0800de81   Thumb Code    16  _printf_wchar.o(.text)
    _printf_wstring                          0x0800de91   Thumb Code     8  _printf_wchar.o(.text)
    __vfscanf                                0x0800de99   Thumb Code   878  _scanf.o(.text)
    _btod_etento                             0x0800e20d   Thumb Code   224  bigflt0.o(.text)
    ferror                                   0x0800e2f1   Thumb Code     8  ferror.o(.text)
    _wcrtomb                                 0x0800e2f9   Thumb Code    64  _wcrtomb.o(.text)
    __user_setup_stackheap                   0x0800e339   Thumb Code    74  sys_stackheap_outer.o(.text)
    exit                                     0x0800e383   Thumb Code    18  exit.o(.text)
    _btod_d2e                                0x0800e395   Thumb Code    62  btod.o(CL$$btod_d2e)
    _d2e_denorm_low                          0x0800e3d3   Thumb Code    70  btod.o(CL$$btod_d2e_denorm_low)
    _d2e_norm_op1                            0x0800e419   Thumb Code    96  btod.o(CL$$btod_d2e_norm_op1)
    __btod_div_common                        0x0800e479   Thumb Code   696  btod.o(CL$$btod_div_common)
    _e2e                                     0x0800e7b1   Thumb Code   220  btod.o(CL$$btod_e2e)
    _btod_ediv                               0x0800e88d   Thumb Code    42  btod.o(CL$$btod_ediv)
    _btod_emul                               0x0800e8b7   Thumb Code    42  btod.o(CL$$btod_emul)
    __btod_mult_common                       0x0800e8e1   Thumb Code   580  btod.o(CL$$btod_mult_common)
    __ARM_fpclassify                         0x0800eb25   Thumb Code    40  fpclassify.o(i.__ARM_fpclassify)
    _is_digit                                0x0800eb4d   Thumb Code    14  __printf_wp.o(i._is_digit)
    _get_lc_ctype                            0x0800eb5d   Thumb Code    44  lc_ctype_c.o(locale$$code)
    _get_lc_numeric                          0x0800eb89   Thumb Code    44  lc_numeric_c.o(locale$$code)
    __aeabi_i2d                              0x0800ebb5   Thumb Code     0  dflt_clz.o(x$fpl$dflt)
    _dflt                                    0x0800ebb5   Thumb Code    46  dflt_clz.o(x$fpl$dflt)
    __aeabi_dmul                             0x0800ebe5   Thumb Code     0  dmul.o(x$fpl$dmul)
    _dmul                                    0x0800ebe5   Thumb Code   332  dmul.o(x$fpl$dmul)
    __fpl_dnaninf                            0x0800ed39   Thumb Code   156  dnaninf.o(x$fpl$dnaninf)
    __fpl_dretinf                            0x0800edd5   Thumb Code    12  dretinf.o(x$fpl$dretinf)
    _printf_fp_dec                           0x0800ede1   Thumb Code     4  printf1.o(x$fpl$printf1)
    F6x8                                     0x0800ede4   Data         552  oled.o(.constdata)
    __I$use$fp                               0x0800ede4   Number         0  usenofp.o(x$fpl$usenofp)
    F8X16                                    0x0800f00c   Data        1520  oled.o(.constdata)
    MASS_DeviceDescriptor                    0x0800f5fc   Data          18  usb_desc.o(.constdata)
    MASS_ConfigDescriptor                    0x0800f60e   Data          32  usb_desc.o(.constdata)
    MASS_StringLangID                        0x0800f62e   Data           4  usb_desc.o(.constdata)
    MASS_StringVendor                        0x0800f632   Data          38  usb_desc.o(.constdata)
    MASS_StringProduct                       0x0800f658   Data          38  usb_desc.o(.constdata)
    MASS_StringInterface                     0x0800f67e   Data          16  usb_desc.o(.constdata)
    Region$$Table$$Base                      0x0803a43c   Number         0  anon$$obj.o(Region$$Table)
    Region$$Table$$Limit                     0x0803a45c   Number         0  anon$$obj.o(Region$$Table)
    __ctype                                  0x0803a469   Data           0  lc_ctype_c.o(locale$$data)
    BMP1                                     0x20000000   Data        1024  main.o(.data)
    Data_len                                 0x20000400   Data           5  main.o(.data)
    Data_id                                  0x20000405   Data           5  main.o(.data)
    nAsrStatus                               0x2000040a   Data           1  main.o(.data)
    Temp_buff                                0x2000040b   Data           2  main.o(.data)
    count                                    0x2000040e   Data           2  main.o(.data)
    nTime                                    0x20000410   Data           2  stm32f10x_it.o(.data)
    sRecog                                   0x20000414   Data         480  ldchip.o(.data)
    nMp3Size                                 0x200005f4   Data           4  ldchip.o(.data)
    nMp3Pos                                  0x200005f8   Data           4  ldchip.o(.data)
    nLD_Mode                                 0x200005fc   Data           1  ldchip.o(.data)
    bMp3Play                                 0x200005fd   Data           1  ldchip.o(.data)
    ucRegVal                                 0x200005fe   Data           1  ldchip.o(.data)
    ucHighInt                                0x200005ff   Data           1  ldchip.o(.data)
    ucLowInt                                 0x20000600   Data           1  ldchip.o(.data)
    __stdout                                 0x20000608   Data           4  usart.o(.data)
    USART_RX_STA                             0x2000060c   Data           2  usart.o(.data)
    USART2_RX_STA                            0x2000060e   Data           2  usart2.o(.data)
    USART2_DATA_FLAG                         0x20000610   Data           1  usart2.o(.data)
    SrcBuffer                                0x20000628   Data           4  sdio_sdcard.o(.data)
    DestBuffer                               0x2000062c   Data           4  sdio_sdcard.o(.data)
    TransferError                            0x20000630   Data           1  sdio_sdcard.o(.data)
    TransferEnd                              0x20000634   Data           4  sdio_sdcard.o(.data)
    NumberOfBytes                            0x20000638   Data           4  sdio_sdcard.o(.data)
    Hzk                                      0x2000063c   Data         896  oled.o(.data)
    SystemCoreClock                          0x200009bc   Data           4  system_stm32f10x.o(.data)
    AHBPrescTable                            0x200009c0   Data          16  system_stm32f10x.o(.data)
    StatusInfo                               0x200009e4   Data           2  usb_core.o(.data)
    Data_Mul_MaxPacketSize                   0x200009e6   Data           1  usb_core.o(.data)
    EPindex                                  0x200009e8   Data           1  usb_init.o(.data)
    pInformation                             0x200009ec   Data           4  usb_init.o(.data)
    pProperty                                0x200009f0   Data           4  usb_init.o(.data)
    SaveState                                0x200009f4   Data           2  usb_init.o(.data)
    wInterrupt_Mask                          0x200009f6   Data           2  usb_init.o(.data)
    pUser_Standard_Requests                  0x200009f8   Data           4  usb_init.o(.data)
    SaveRState                               0x200009fc   Data           2  usb_int.o(.data)
    SaveTState                               0x200009fe   Data           2  usb_int.o(.data)
    Mass_Memory_Size                         0x20000a00   Data           8  mass_mal.o(.data)
    Mass_Block_Size                          0x20000a08   Data           8  mass_mal.o(.data)
    Mass_Block_Count                         0x20000a10   Data           8  mass_mal.o(.data)
    Status                                   0x20000a18   Data           4  mass_mal.o(.data)
    Block_Read_count                         0x20000a1c   Data           4  memory.o(.data)
    Block_offset                             0x20000a20   Data           4  memory.o(.data)
    Counter                                  0x20000a24   Data           4  memory.o(.data)
    Idx                                      0x20000a28   Data           4  memory.o(.data)
    TransferState                            0x20000a2c   Data           1  memory.o(.data)
    Page00_Inquiry_Data                      0x20000a40   Data           5  scsi_data.o(.data)
    Standard_Inquiry_Data                    0x20000a45   Data          36  scsi_data.o(.data)
    Standard_Inquiry_Data2                   0x20000a69   Data          36  scsi_data.o(.data)
    Mode_Sense6_data                         0x20000a8d   Data           4  scsi_data.o(.data)
    Mode_Sense10_data                        0x20000a91   Data           8  scsi_data.o(.data)
    Scsi_Sense_Data                          0x20000a99   Data          18  scsi_data.o(.data)
    ReadCapacity10_Data                      0x20000aab   Data           8  scsi_data.o(.data)
    ReadFormatCapacity_Data                  0x20000ab3   Data          12  scsi_data.o(.data)
    Bot_State                                0x20000ac0   Data           1  usb_bot.o(.data)
    Data_Len                                 0x20000ac2   Data           2  usb_bot.o(.data)
    SCSI_LBA                                 0x20000ac4   Data           4  usb_bot.o(.data)
    SCSI_BlkLen                              0x20000ac8   Data           4  usb_bot.o(.data)
    MASS_StringSerial                        0x20000acc   Data          26  usb_desc.o(.data)
    wIstr                                    0x20000ae8   Data           2  usb_istr.o(.data)
    bIntPackSOF                              0x20000aea   Data           1  usb_istr.o(.data)
    pEpInt_IN                                0x20000aec   Data          28  usb_istr.o(.data)
    pEpInt_OUT                               0x20000b08   Data          28  usb_istr.o(.data)
    Max_Lun                                  0x20000b24   Data           4  usb_prop.o(.data)
    Device_Table                             0x20000b28   Data           2  usb_prop.o(.data)
    Device_Property                          0x20000b2c   Data          48  usb_prop.o(.data)
    User_Standard_Requests                   0x20000b5c   Data          36  usb_prop.o(.data)
    Device_Descriptor                        0x20000b80   Data           8  usb_prop.o(.data)
    Config_Descriptor                        0x20000b88   Data           8  usb_prop.o(.data)
    String_Descriptor                        0x20000b90   Data          40  usb_prop.o(.data)
    bDeviceState                             0x20000bb8   Data           4  usb_pwr.o(.data)
    fSuspendEnabled                          0x20000bbc   Data           1  usb_pwr.o(.data)
    ResumeS                                  0x20000bbd   Data           2  usb_pwr.o(.data)
    fpPoint                                  0x20000bc0   Data           4  ff.o(.data)
    AT_Num_8u                                0x20000bca   Data          56  at.o(.data)
    AT_Num_9u                                0x20000c02   Data         126  at.o(.data)
    Data_buff                                0x20000c80   Data        2048  main.o(.bss)
    USART2_RX_BUF                            0x20001480   Data        1024  usart2.o(.bss)
    USART2_TX_BUF                            0x20001880   Data        1024  usart2.o(.bss)
    SDCardInfo                               0x20001ca0   Data          80  sdio_sdcard.o(.bss)
    SDIO_InitStructure                       0x20001cf0   Data          24  sdio_sdcard.o(.bss)
    SDIO_CmdInitStructure                    0x20001d08   Data          20  sdio_sdcard.o(.bss)
    SDIO_DataInitStructure                   0x20001d1c   Data          24  sdio_sdcard.o(.bss)
    Device_Info                              0x20001d34   Data          28  usb_init.o(.bss)
    Data_Buffer                              0x20001d50   Data         512  memory.o(.bss)
    Bulk_Data_Buff                           0x20001f50   Data          64  usb_bot.o(.bss)
    CBW                                      0x20001f90   Data          32  usb_bot.o(.bss)
    CSW                                      0x20001fb0   Data          16  usb_bot.o(.bss)
    dma_buffer                               0x20001fc0   Data         512  diskio.o(.bss)
    Esp8266_DdtaBuff                         0x200025e4   Data        1024  esp8266.o(.bss)
    IP_Buff                                  0x200029e4   Data          20  esp8266.o(.bss)
    __libspace_start                         0x200029f8   Data          96  libspace.o(.bss)
    __temporary_stack_top$libspace           0x20002a58   Data           0  libspace.o(.bss)



==============================================================================

Memory Map of the image

  Image Entry point : 0x08000131

  Load Region LR_IROM1 (Base: 0x08000000, Size: 0x0003b208, Max: 0x00080000, ABSOLUTE, COMPRESSED[0x0003a9c4])

    Execution Region ER_IROM1 (Exec base: 0x08000000, Load base: 0x08000000, Size: 0x0003a588, Max: 0x00080000, ABSOLUTE)

    Exec Addr    Load Addr    Size         Type   Attr      Idx    E Section Name        Object

    0x08000000   0x08000000   0x00000130   Data   RO          618    RESET               startup_stm32f10x_hd.o
    0x08000130   0x08000130   0x00000008   Code   RO         1385  * !!!main             c_w.l(__main.o)
    0x08000138   0x08000138   0x00000034   Code   RO         1817    !!!scatter          c_w.l(__scatter.o)
    0x0800016c   0x0800016c   0x0000005a   Code   RO         1815    !!dczerorl2         c_w.l(__dczerorl2.o)
    0x080001c6   0x080001c6   0x00000002   PAD
    0x080001c8   0x080001c8   0x0000001c   Code   RO         1819    !!handler_zi        c_w.l(__scatter_zi.o)
    0x080001e4   0x080001e4   0x00000000   Code   RO         1356    .ARM.Collect$$_printf_percent$$00000000  c_w.l(_printf_percent.o)
    0x080001e4   0x080001e4   0x00000006   Code   RO         1475    .ARM.Collect$$_printf_percent$$00000001  c_w.l(_printf_n.o)
    0x080001ea   0x080001ea   0x00000006   Code   RO         1476    .ARM.Collect$$_printf_percent$$00000002  c_w.l(_printf_p.o)
    0x080001f0   0x080001f0   0x00000006   Code   RO         1354    .ARM.Collect$$_printf_percent$$00000003  c_w.l(_printf_f.o)
    0x080001f6   0x080001f6   0x00000006   Code   RO         1479    .ARM.Collect$$_printf_percent$$00000004  c_w.l(_printf_e.o)
    0x080001fc   0x080001fc   0x00000006   Code   RO         1355    .ARM.Collect$$_printf_percent$$00000005  c_w.l(_printf_g.o)
    0x08000202   0x08000202   0x00000006   Code   RO         1480    .ARM.Collect$$_printf_percent$$00000006  c_w.l(_printf_a.o)
    0x08000208   0x08000208   0x0000000a   Code   RO         1485    .ARM.Collect$$_printf_percent$$00000007  c_w.l(_printf_ll.o)
    0x08000212   0x08000212   0x00000006   Code   RO         1352    .ARM.Collect$$_printf_percent$$00000008  c_w.l(_printf_i.o)
    0x08000218   0x08000218   0x00000006   Code   RO         1353    .ARM.Collect$$_printf_percent$$00000009  c_w.l(_printf_d.o)
    0x0800021e   0x0800021e   0x00000006   Code   RO         1478    .ARM.Collect$$_printf_percent$$0000000A  c_w.l(_printf_u.o)
    0x08000224   0x08000224   0x00000006   Code   RO         1477    .ARM.Collect$$_printf_percent$$0000000B  c_w.l(_printf_o.o)
    0x0800022a   0x0800022a   0x00000006   Code   RO         1351    .ARM.Collect$$_printf_percent$$0000000C  c_w.l(_printf_x.o)
    0x08000230   0x08000230   0x00000006   Code   RO         1482    .ARM.Collect$$_printf_percent$$0000000D  c_w.l(_printf_lli.o)
    0x08000236   0x08000236   0x00000006   Code   RO         1483    .ARM.Collect$$_printf_percent$$0000000E  c_w.l(_printf_lld.o)
    0x0800023c   0x0800023c   0x00000006   Code   RO         1484    .ARM.Collect$$_printf_percent$$0000000F  c_w.l(_printf_llu.o)
    0x08000242   0x08000242   0x00000006   Code   RO         1489    .ARM.Collect$$_printf_percent$$00000010  c_w.l(_printf_llo.o)
    0x08000248   0x08000248   0x00000006   Code   RO         1490    .ARM.Collect$$_printf_percent$$00000011  c_w.l(_printf_llx.o)
    0x0800024e   0x0800024e   0x0000000a   Code   RO         1486    .ARM.Collect$$_printf_percent$$00000012  c_w.l(_printf_l.o)
    0x08000258   0x08000258   0x00000006   Code   RO         1474    .ARM.Collect$$_printf_percent$$00000013  c_w.l(_printf_c.o)
    0x0800025e   0x0800025e   0x00000006   Code   RO         1350    .ARM.Collect$$_printf_percent$$00000014  c_w.l(_printf_s.o)
    0x08000264   0x08000264   0x00000006   Code   RO         1487    .ARM.Collect$$_printf_percent$$00000015  c_w.l(_printf_lc.o)
    0x0800026a   0x0800026a   0x00000006   Code   RO         1488    .ARM.Collect$$_printf_percent$$00000016  c_w.l(_printf_ls.o)
    0x08000270   0x08000270   0x00000004   Code   RO         1481    .ARM.Collect$$_printf_percent$$00000017  c_w.l(_printf_percent_end.o)
    0x08000274   0x08000274   0x00000002   Code   RO         1703    .ARM.Collect$$libinit$$00000000  c_w.l(libinit.o)
    0x08000276   0x08000276   0x00000000   Code   RO         1504    .ARM.Collect$$libinit$$00000002  c_w.l(libinit2.o)
    0x08000276   0x08000276   0x00000000   Code   RO         1506    .ARM.Collect$$libinit$$00000004  c_w.l(libinit2.o)
    0x08000276   0x08000276   0x00000000   Code   RO         1509    .ARM.Collect$$libinit$$0000000A  c_w.l(libinit2.o)
    0x08000276   0x08000276   0x00000000   Code   RO         1511    .ARM.Collect$$libinit$$0000000C  c_w.l(libinit2.o)
    0x08000276   0x08000276   0x00000000   Code   RO         1513    .ARM.Collect$$libinit$$0000000E  c_w.l(libinit2.o)
    0x08000276   0x08000276   0x00000006   Code   RO         1514    .ARM.Collect$$libinit$$0000000F  c_w.l(libinit2.o)
    0x0800027c   0x0800027c   0x00000000   Code   RO         1516    .ARM.Collect$$libinit$$00000011  c_w.l(libinit2.o)
    0x0800027c   0x0800027c   0x0000000c   Code   RO         1517    .ARM.Collect$$libinit$$00000012  c_w.l(libinit2.o)
    0x08000288   0x08000288   0x00000000   Code   RO         1518    .ARM.Collect$$libinit$$00000013  c_w.l(libinit2.o)
    0x08000288   0x08000288   0x00000000   Code   RO         1520    .ARM.Collect$$libinit$$00000015  c_w.l(libinit2.o)
    0x08000288   0x08000288   0x0000000a   Code   RO         1521    .ARM.Collect$$libinit$$00000016  c_w.l(libinit2.o)
    0x08000292   0x08000292   0x00000000   Code   RO         1522    .ARM.Collect$$libinit$$00000017  c_w.l(libinit2.o)
    0x08000292   0x08000292   0x00000000   Code   RO         1524    .ARM.Collect$$libinit$$00000019  c_w.l(libinit2.o)
    0x08000292   0x08000292   0x00000000   Code   RO         1526    .ARM.Collect$$libinit$$0000001B  c_w.l(libinit2.o)
    0x08000292   0x08000292   0x00000000   Code   RO         1528    .ARM.Collect$$libinit$$0000001D  c_w.l(libinit2.o)
    0x08000292   0x08000292   0x00000000   Code   RO         1530    .ARM.Collect$$libinit$$0000001F  c_w.l(libinit2.o)
    0x08000292   0x08000292   0x00000000   Code   RO         1532    .ARM.Collect$$libinit$$00000021  c_w.l(libinit2.o)
    0x08000292   0x08000292   0x00000000   Code   RO         1534    .ARM.Collect$$libinit$$00000023  c_w.l(libinit2.o)
    0x08000292   0x08000292   0x00000000   Code   RO         1536    .ARM.Collect$$libinit$$00000025  c_w.l(libinit2.o)
    0x08000292   0x08000292   0x00000000   Code   RO         1540    .ARM.Collect$$libinit$$0000002C  c_w.l(libinit2.o)
    0x08000292   0x08000292   0x00000000   Code   RO         1542    .ARM.Collect$$libinit$$0000002E  c_w.l(libinit2.o)
    0x08000292   0x08000292   0x00000000   Code   RO         1544    .ARM.Collect$$libinit$$00000030  c_w.l(libinit2.o)
    0x08000292   0x08000292   0x00000000   Code   RO         1546    .ARM.Collect$$libinit$$00000032  c_w.l(libinit2.o)
    0x08000292   0x08000292   0x00000002   Code   RO         1547    .ARM.Collect$$libinit$$00000033  c_w.l(libinit2.o)
    0x08000294   0x08000294   0x00000002   Code   RO         1798    .ARM.Collect$$libshutdown$$00000000  c_w.l(libshutdown.o)
    0x08000296   0x08000296   0x00000000   Code   RO         1723    .ARM.Collect$$libshutdown$$00000002  c_w.l(libshutdown2.o)
    0x08000296   0x08000296   0x00000000   Code   RO         1725    .ARM.Collect$$libshutdown$$00000004  c_w.l(libshutdown2.o)
    0x08000296   0x08000296   0x00000000   Code   RO         1728    .ARM.Collect$$libshutdown$$00000007  c_w.l(libshutdown2.o)
    0x08000296   0x08000296   0x00000000   Code   RO         1731    .ARM.Collect$$libshutdown$$0000000A  c_w.l(libshutdown2.o)
    0x08000296   0x08000296   0x00000000   Code   RO         1733    .ARM.Collect$$libshutdown$$0000000C  c_w.l(libshutdown2.o)
    0x08000296   0x08000296   0x00000000   Code   RO         1736    .ARM.Collect$$libshutdown$$0000000F  c_w.l(libshutdown2.o)
    0x08000296   0x08000296   0x00000002   Code   RO         1737    .ARM.Collect$$libshutdown$$00000010  c_w.l(libshutdown2.o)
    0x08000298   0x08000298   0x00000000   Code   RO         1419    .ARM.Collect$$rtentry$$00000000  c_w.l(__rtentry.o)
    0x08000298   0x08000298   0x00000000   Code   RO         1563    .ARM.Collect$$rtentry$$00000002  c_w.l(__rtentry2.o)
    0x08000298   0x08000298   0x00000006   Code   RO         1575    .ARM.Collect$$rtentry$$00000004  c_w.l(__rtentry4.o)
    0x0800029e   0x0800029e   0x00000000   Code   RO         1565    .ARM.Collect$$rtentry$$00000009  c_w.l(__rtentry2.o)
    0x0800029e   0x0800029e   0x00000004   Code   RO         1566    .ARM.Collect$$rtentry$$0000000A  c_w.l(__rtentry2.o)
    0x080002a2   0x080002a2   0x00000000   Code   RO         1568    .ARM.Collect$$rtentry$$0000000C  c_w.l(__rtentry2.o)
    0x080002a2   0x080002a2   0x00000008   Code   RO         1569    .ARM.Collect$$rtentry$$0000000D  c_w.l(__rtentry2.o)
    0x080002aa   0x080002aa   0x00000002   Code   RO         1710    .ARM.Collect$$rtexit$$00000000  c_w.l(rtexit.o)
    0x080002ac   0x080002ac   0x00000000   Code   RO         1755    .ARM.Collect$$rtexit$$00000002  c_w.l(rtexit2.o)
    0x080002ac   0x080002ac   0x00000004   Code   RO         1756    .ARM.Collect$$rtexit$$00000003  c_w.l(rtexit2.o)
    0x080002b0   0x080002b0   0x00000006   Code   RO         1757    .ARM.Collect$$rtexit$$00000004  c_w.l(rtexit2.o)
    0x080002b6   0x080002b6   0x00000002   PAD
    0x080002b8   0x080002b8   0x00000d90   Code   RO            1    .text               main.o
    0x08001048   0x08001048   0x000000a4   Code   RO          197    .text               stm32f10x_it.o
    0x080010ec   0x080010ec   0x00000240   Code   RO          277    .text               ld3320_main.o
    0x0800132c   0x0800132c   0x0000068c   Code   RO          289    .text               ldchip.o
    0x080019b8   0x080019b8   0x000000ac   Code   RO          309    .text               reg_rw.o
    0x08001a64   0x08001a64   0x000000f8   Code   RO          321    .text               usart.o
    0x08001b5c   0x08001b5c   0x00000184   Code   RO          344    .text               usart2.o
    0x08001ce0   0x08001ce0   0x000000b4   Code   RO          370    .text               delay.o
    0x08001d94   0x08001d94   0x0000006a   Code   RO          390    .text               dma.o
    0x08001dfe   0x08001dfe   0x0000008c   Code   RO          405    .text               timer.o
    0x08001e8a   0x08001e8a   0x00000002   PAD
    0x08001e8c   0x08001e8c   0x000022a0   Code   RO          420    .text               sdio_sdcard.o
    0x0800412c   0x0800412c   0x000005e8   Code   RO          451    .text               oled.o
    0x08004714   0x08004714   0x00000048   Code   RO          476    .text               relay.o
    0x0800475c   0x0800475c   0x000001f4   Code   RO          491    .text               led.o
    0x08004950   0x08004950   0x00000258   Code   RO          506    .text               ds18b20.o
    0x08004ba8   0x08004ba8   0x00000034   Code   RO          521    .text               buzzer.o
    0x08004bdc   0x08004bdc   0x000001e0   Code   RO          585    .text               system_stm32f10x.o
    0x08004dbc   0x08004dbc   0x00000040   Code   RO          619    .text               startup_stm32f10x_hd.o
    0x08004dfc   0x08004dfc   0x000000dc   Code   RO          623    .text               misc.o
    0x08004ed8   0x08004ed8   0x00000408   Code   RO          635    .text               stm32f10x_usart.o
    0x080052e0   0x080052e0   0x00000e1a   Code   RO          647    .text               stm32f10x_tim.o
    0x080060fa   0x080060fa   0x00000002   PAD
    0x080060fc   0x080060fc   0x000001d4   Code   RO          659    .text               stm32f10x_sdio.o
    0x080062d0   0x080062d0   0x0000011c   Code   RO          671    .text               stm32f10x_exti.o
    0x080063ec   0x080063ec   0x0000035c   Code   RO          683    .text               stm32f10x_gpio.o
    0x08006748   0x08006748   0x000003a4   Code   RO          710    .text               stm32f10x_rcc.o
    0x08006aec   0x08006aec   0x0000030c   Code   RO          724    .text               stm32f10x_spi.o
    0x08006df8   0x08006df8   0x00000254   Code   RO          736    .text               stm32f10x_dma.o
    0x0800704c   0x0800704c   0x00000b20   Code   RO          748    .text               usb_core.o
    0x08007b6c   0x08007b6c   0x0000003c   Code   RO          793    .text               usb_init.o
    0x08007ba8   0x08007ba8   0x000003d4   Code   RO          816    .text               usb_int.o
    0x08007f7c   0x08007f7c   0x0000005c   Code   RO          840    .text               usb_mem.o
    0x08007fd8   0x08007fd8   0x000007b8   Code   RO          852    .text               usb_regs.o
    0x08008790   0x08008790   0x00000174   Code   RO          864    .text               hw_config.o
    0x08008904   0x08008904   0x00000114   Code   RO          893    .text               mass_mal.o
    0x08008a18   0x08008a18   0x00000228   Code   RO          916    .text               memory.o
    0x08008c40   0x08008c40   0x00000468   Code   RO          970    .text               usb_bot.o
    0x080090a8   0x080090a8   0x00000010   Code   RO         1000    .text               usb_endp.o
    0x080090b8   0x080090b8   0x00000050   Code   RO         1015    .text               usb_istr.o
    0x08009108   0x08009108   0x00000288   Code   RO         1033    .text               usb_prop.o
    0x08009390   0x08009390   0x00000148   Code   RO         1060    .text               usb_pwr.o
    0x080094d8   0x080094d8   0x0000041c   Code   RO         1078    .text               usb_scsi.o
    0x080098f4   0x080098f4   0x00000098   Code   RO         1091    .text               diskio.o
    0x0800998c   0x0800998c   0x000000c8   Code   RO         1112    .text               fatfs_posix.o
    0x08009a54   0x08009a54   0x000020c4   Code   RO         1136    .text               ff.o
    0x0800bb18   0x0800bb18   0x000000b4   Code   RO         1156    .text               cc936.o
    0x0800bbcc   0x0800bbcc   0x00000e44   Code   RO         1180    .text               esp8266.o
    0x0800ca10   0x0800ca10   0x0000027c   Code   RO         1198    .text               at.o
    0x0800cc8c   0x0800cc8c   0x00000002   Code   RO         1219    .text               c_w.l(use_no_semi_2.o)
    0x0800cc8e   0x0800cc8e   0x00000002   PAD
    0x0800cc90   0x0800cc90   0x00000024   Code   RO         1291    .text               c_w.l(c89vsprintf.o)
    0x0800ccb4   0x0800ccb4   0x00000018   Code   RO         1293    .text               c_w.l(__2printf.o)
    0x0800cccc   0x0800cccc   0x0000002c   Code   RO         1295    .text               c_w.l(__2sprintf.o)
    0x0800ccf8   0x0800ccf8   0x0000004e   Code   RO         1303    .text               c_w.l(_printf_pad.o)
    0x0800cd46   0x0800cd46   0x00000052   Code   RO         1305    .text               c_w.l(_printf_str.o)
    0x0800cd98   0x0800cd98   0x00000078   Code   RO         1307    .text               c_w.l(_printf_dec.o)
    0x0800ce10   0x0800ce10   0x00000094   Code   RO         1327    .text               c_w.l(_printf_hex_int_ll_ptr.o)
    0x0800cea4   0x0800cea4   0x00000188   Code   RO         1347    .text               c_w.l(__printf_flags_ss_wp.o)
    0x0800d02c   0x0800d02c   0x0000003c   Code   RO         1357    .text               c_w.l(__0sscanf.o)
    0x0800d068   0x0800d068   0x0000014c   Code   RO         1359    .text               c_w.l(_scanf_int.o)
    0x0800d1b4   0x0800d1b4   0x000000e0   Code   RO         1361    .text               c_w.l(_scanf_str.o)
    0x0800d294   0x0800d294   0x00000024   Code   RO         1363    .text               c_w.l(strstr.o)
    0x0800d2b8   0x0800d2b8   0x00000058   Code   RO         1365    .text               c_w.l(memcmp.o)
    0x0800d310   0x0800d310   0x0000003e   Code   RO         1369    .text               c_w.l(strlen.o)
    0x0800d34e   0x0800d34e   0x0000008a   Code   RO         1373    .text               c_w.l(rt_memcpy_v6.o)
    0x0800d3d8   0x0800d3d8   0x00000064   Code   RO         1375    .text               c_w.l(rt_memcpy_w.o)
    0x0800d43c   0x0800d43c   0x00000044   Code   RO         1377    .text               c_w.l(rt_memclr.o)
    0x0800d480   0x0800d480   0x0000004e   Code   RO         1379    .text               c_w.l(rt_memclr_w.o)
    0x0800d4ce   0x0800d4ce   0x00000002   PAD
    0x0800d4d0   0x0800d4d0   0x00000080   Code   RO         1381    .text               c_w.l(strcmpv7m.o)
    0x0800d550   0x0800d550   0x00000006   Code   RO         1383    .text               c_w.l(heapauxi.o)
    0x0800d556   0x0800d556   0x00000002   Code   RO         1415    .text               c_w.l(use_no_semi.o)
    0x0800d558   0x0800d558   0x00000010   Code   RO         1420    .text               c_w.l(rt_ctype_table.o)
    0x0800d568   0x0800d568   0x00000024   Code   RO         1447    .text               c_w.l(_printf_truncate.o)
    0x0800d58c   0x0800d58c   0x000000b2   Code   RO         1449    .text               c_w.l(_printf_intcommon.o)
    0x0800d63e   0x0800d63e   0x00000028   Code   RO         1451    .text               c_w.l(_printf_charcount.o)
    0x0800d666   0x0800d666   0x0000041e   Code   RO         1453    .text               c_w.l(_printf_fp_dec.o)
    0x0800da84   0x0800da84   0x00000030   Code   RO         1455    .text               c_w.l(_printf_char_common.o)
    0x0800dab4   0x0800dab4   0x0000000a   Code   RO         1457    .text               c_w.l(_sputc.o)
    0x0800dabe   0x0800dabe   0x0000002c   Code   RO         1459    .text               c_w.l(_printf_char.o)
    0x0800daea   0x0800daea   0x00000002   PAD
    0x0800daec   0x0800daec   0x00000024   Code   RO         1461    .text               c_w.l(_printf_char_file.o)
    0x0800db10   0x0800db10   0x000000bc   Code   RO         1463    .text               c_w.l(_printf_wctomb.o)
    0x0800dbcc   0x0800dbcc   0x0000007c   Code   RO         1466    .text               c_w.l(_printf_longlong_dec.o)
    0x0800dc48   0x0800dc48   0x00000070   Code   RO         1472    .text               c_w.l(_printf_oct_int_ll.o)
    0x0800dcb8   0x0800dcb8   0x0000001c   Code   RO         1491    .text               c_w.l(_chval.o)
    0x0800dcd4   0x0800dcd4   0x0000002c   Code   RO         1495    .text               c_w.l(scanf_char.o)
    0x0800dd00   0x0800dd00   0x00000040   Code   RO         1497    .text               c_w.l(_sgetc.o)
    0x0800dd40   0x0800dd40   0x00000008   Code   RO         1559    .text               c_w.l(libspace.o)
    0x0800dd48   0x0800dd48   0x00000008   Code   RO         1580    .text               c_w.l(rt_locale_intlibspace.o)
    0x0800dd50   0x0800dd50   0x0000008a   Code   RO         1595    .text               c_w.l(lludiv10.o)
    0x0800ddda   0x0800ddda   0x00000012   Code   RO         1597    .text               c_w.l(isspace.o)
    0x0800ddec   0x0800ddec   0x00000080   Code   RO         1599    .text               c_w.l(_printf_fp_infnan.o)
    0x0800de6c   0x0800de6c   0x0000002c   Code   RO         1603    .text               c_w.l(_printf_wchar.o)
    0x0800de98   0x0800de98   0x00000374   Code   RO         1605    .text               c_w.l(_scanf.o)
    0x0800e20c   0x0800e20c   0x000000e4   Code   RO         1607    .text               c_w.l(bigflt0.o)
    0x0800e2f0   0x0800e2f0   0x00000008   Code   RO         1632    .text               c_w.l(ferror.o)
    0x0800e2f8   0x0800e2f8   0x00000040   Code   RO         1636    .text               c_w.l(_wcrtomb.o)
    0x0800e338   0x0800e338   0x0000004a   Code   RO         1676    .text               c_w.l(sys_stackheap_outer.o)
    0x0800e382   0x0800e382   0x00000012   Code   RO         1688    .text               c_w.l(exit.o)
    0x0800e394   0x0800e394   0x0000003e   Code   RO         1610    CL$$btod_d2e        c_w.l(btod.o)
    0x0800e3d2   0x0800e3d2   0x00000046   Code   RO         1612    CL$$btod_d2e_denorm_low  c_w.l(btod.o)
    0x0800e418   0x0800e418   0x00000060   Code   RO         1611    CL$$btod_d2e_norm_op1  c_w.l(btod.o)
    0x0800e478   0x0800e478   0x00000338   Code   RO         1620    CL$$btod_div_common  c_w.l(btod.o)
    0x0800e7b0   0x0800e7b0   0x000000dc   Code   RO         1617    CL$$btod_e2e        c_w.l(btod.o)
    0x0800e88c   0x0800e88c   0x0000002a   Code   RO         1614    CL$$btod_ediv       c_w.l(btod.o)
    0x0800e8b6   0x0800e8b6   0x0000002a   Code   RO         1613    CL$$btod_emul       c_w.l(btod.o)
    0x0800e8e0   0x0800e8e0   0x00000244   Code   RO         1619    CL$$btod_mult_common  c_w.l(btod.o)
    0x0800eb24   0x0800eb24   0x00000028   Code   RO         1667    i.__ARM_fpclassify  m_ws.l(fpclassify.o)
    0x0800eb4c   0x0800eb4c   0x0000000e   Code   RO         1340    i._is_digit         c_w.l(__printf_wp.o)
    0x0800eb5a   0x0800eb5a   0x00000002   PAD
    0x0800eb5c   0x0800eb5c   0x0000002c   Code   RO         1639    locale$$code        c_w.l(lc_ctype_c.o)
    0x0800eb88   0x0800eb88   0x0000002c   Code   RO         1642    locale$$code        c_w.l(lc_numeric_c.o)
    0x0800ebb4   0x0800ebb4   0x0000002e   Code   RO         1394    x$fpl$dflt          fz_ws.l(dflt_clz.o)
    0x0800ebe2   0x0800ebe2   0x00000002   PAD
    0x0800ebe4   0x0800ebe4   0x00000154   Code   RO         1401    x$fpl$dmul          fz_ws.l(dmul.o)
    0x0800ed38   0x0800ed38   0x0000009c   Code   RO         1550    x$fpl$dnaninf       fz_ws.l(dnaninf.o)
    0x0800edd4   0x0800edd4   0x0000000c   Code   RO         1552    x$fpl$dretinf       fz_ws.l(dretinf.o)
    0x0800ede0   0x0800ede0   0x00000004   Code   RO         1407    x$fpl$printf1       fz_ws.l(printf1.o)
    0x0800ede4   0x0800ede4   0x00000000   Code   RO         1556    x$fpl$usenofp       fz_ws.l(usenofp.o)
    0x0800ede4   0x0800ede4   0x00000818   Data   RO          452    .constdata          oled.o
    0x0800f5fc   0x0800f5fc   0x00000092   Data   RO          987    .constdata          usb_desc.o
    0x0800f68e   0x0800f68e   0x0000000d   Data   RO         1138    .constdata          ff.o
    0x0800f69b   0x0800f69b   0x00000001   PAD
    0x0800f69c   0x0800f69c   0x0002acc8   Data   RO         1157    .constdata          cc936.o
    0x0803a364   0x0803a364   0x00000028   Data   RO         1328    .constdata          c_w.l(_printf_hex_int_ll_ptr.o)
    0x0803a38c   0x0803a38c   0x00000011   Data   RO         1348    .constdata          c_w.l(__printf_flags_ss_wp.o)
    0x0803a39d   0x0803a39d   0x00000003   PAD
    0x0803a3a0   0x0803a3a0   0x00000008   Data   RO         1464    .constdata          c_w.l(_printf_wctomb.o)
    0x0803a3a8   0x0803a3a8   0x00000094   Data   RO         1608    .constdata          c_w.l(bigflt0.o)
    0x0803a43c   0x0803a43c   0x00000020   Data   RO         1813    Region$$Table       anon$$obj.o
    0x0803a45c   0x0803a45c   0x00000110   Data   RO         1638    locale$$data        c_w.l(lc_ctype_c.o)
    0x0803a56c   0x0803a56c   0x0000001c   Data   RO         1641    locale$$data        c_w.l(lc_numeric_c.o)


    Execution Region RW_IRAM1 (Exec base: 0x20000000, Load base: 0x0803a588, Size: 0x00003058, Max: 0x00010000, ABSOLUTE, COMPRESSED[0x0000043c])

    Exec Addr    Load Addr    Size         Type   Attr      Idx    E Section Name        Object

    0x20000000   COMPRESSED   0x00000410   Data   RW            3    .data               main.o
    0x20000410   COMPRESSED   0x00000002   Data   RW          198    .data               stm32f10x_it.o
    0x20000412   COMPRESSED   0x00000002   PAD
    0x20000414   COMPRESSED   0x000001f4   Data   RW          290    .data               ldchip.o
    0x20000608   COMPRESSED   0x00000006   Data   RW          323    .data               usart.o
    0x2000060e   COMPRESSED   0x00000003   Data   RW          346    .data               usart2.o
    0x20000611   COMPRESSED   0x00000003   PAD
    0x20000614   COMPRESSED   0x00000028   Data   RW          422    .data               sdio_sdcard.o
    0x2000063c   COMPRESSED   0x00000380   Data   RW          453    .data               oled.o
    0x200009bc   COMPRESSED   0x00000014   Data   RW          586    .data               system_stm32f10x.o
    0x200009d0   COMPRESSED   0x00000014   Data   RW          711    .data               stm32f10x_rcc.o
    0x200009e4   COMPRESSED   0x00000003   Data   RW          749    .data               usb_core.o
    0x200009e7   COMPRESSED   0x00000001   PAD
    0x200009e8   COMPRESSED   0x00000014   Data   RW          795    .data               usb_init.o
    0x200009fc   COMPRESSED   0x00000004   Data   RW          817    .data               usb_int.o
    0x20000a00   COMPRESSED   0x0000001c   Data   RW          894    .data               mass_mal.o
    0x20000a1c   COMPRESSED   0x00000024   Data   RW          918    .data               memory.o
    0x20000a40   COMPRESSED   0x0000007f   Data   RW          958    .data               scsi_data.o
    0x20000abf   COMPRESSED   0x00000001   PAD
    0x20000ac0   COMPRESSED   0x0000000c   Data   RW          972    .data               usb_bot.o
    0x20000acc   COMPRESSED   0x0000001a   Data   RW          988    .data               usb_desc.o
    0x20000ae6   COMPRESSED   0x00000002   PAD
    0x20000ae8   COMPRESSED   0x0000003c   Data   RW         1016    .data               usb_istr.o
    0x20000b24   COMPRESSED   0x00000094   Data   RW         1034    .data               usb_prop.o
    0x20000bb8   COMPRESSED   0x00000007   Data   RW         1061    .data               usb_pwr.o
    0x20000bbf   COMPRESSED   0x00000001   PAD
    0x20000bc0   COMPRESSED   0x0000000a   Data   RW         1139    .data               ff.o
    0x20000bca   COMPRESSED   0x000000b6   Data   RW         1199    .data               at.o
    0x20000c80        -       0x00000800   Zero   RW            2    .bss                main.o
    0x20001480        -       0x00000800   Zero   RW          345    .bss                usart2.o
    0x20001c80        -       0x000000b4   Zero   RW          421    .bss                sdio_sdcard.o
    0x20001d34        -       0x0000001c   Zero   RW          794    .bss                usb_init.o
    0x20001d50        -       0x00000200   Zero   RW          917    .bss                memory.o
    0x20001f50        -       0x00000070   Zero   RW          971    .bss                usb_bot.o
    0x20001fc0        -       0x00000200   Zero   RW         1092    .bss                diskio.o
    0x200021c0        -       0x00000224   Zero   RW         1113    .bss                fatfs_posix.o
    0x200023e4        -       0x00000200   Zero   RW         1137    .bss                ff.o
    0x200025e4        -       0x00000414   Zero   RW         1181    .bss                esp8266.o
    0x200029f8        -       0x00000060   Zero   RW         1560    .bss                c_w.l(libspace.o)
    0x20002a58        -       0x00000200   Zero   RW          617    HEAP                startup_stm32f10x_hd.o
    0x20002c58        -       0x00000400   Zero   RW          616    STACK               startup_stm32f10x_hd.o


==============================================================================

Image component sizes


      Code (inc. data)   RO Data    RW Data    ZI Data      Debug   Object Name

       636         88          0        182          0       1973   at.o
        52          6          0          0          0        485   buzzer.o
       180         18     175304          0          0       2205   cc936.o
         0          0          0          0          0        432   cjson.o
       180         22          0          0          0      16372   delay.o
       152          6          0          0        512       3775   diskio.o
       106          0          0          0          0       1200   dma.o
       600         18          0          0          0       2250   ds18b20.o
      3652       1224          0          0       1044       8966   esp8266.o
       200          4          0          0        548       5023   fatfs_posix.o
      8388         78         13         10        512      27146   ff.o
       372         22          0          0          0       2711   hw_config.o
       576         24          0          0          0       1644   ld3320_main.o
      1676         66          0        500          0       4454   ldchip.o
       500         16          0          0          0       1798   led.o
      3472       1802          0       1040       2048     259591   main.o
       276         20          0         28          0       2700   mass_mal.o
       552         60          0         36        512       3294   memory.o
       220         22          0          0          0       1885   misc.o
      1512         20       2072        896          0       6731   oled.o
       172          8          0          0          0        969   reg_rw.o
        72         10          0          0          0        500   relay.o
         0          0          0        127          0       1030   scsi_data.o
      8864        378          0         40        180      26689   sdio_sdcard.o
        64         26        304          0       1536        888   startup_stm32f10x_hd.o
       596          8          0          0          0       4450   stm32f10x_dma.o
       284         10          0          0          0       2347   stm32f10x_exti.o
       860         38          0          0          0       5817   stm32f10x_gpio.o
       164         14          0          2          0       2324   stm32f10x_it.o
       932         36          0         20          0       9008   stm32f10x_rcc.o
       468         22          0          0          0       7200   stm32f10x_sdio.o
       780         14          0          0          0       6702   stm32f10x_spi.o
      3610         88          0          0          0      22932   stm32f10x_tim.o
      1032         22          0          0          0       8544   stm32f10x_usart.o
         0          0          0          0          0     276812   sys.o
       480         38          0         20          0       2011   system_stm32f10x.o
       140          0          0          0          0        775   timer.o
       248         10          0          6          0       3312   usart.o
       388         28          0          3       2048       2494   usart2.o
      1128         62          0         12        112       2805   usb_bot.o
      2848        112          0          3          0      18731   usb_core.o
         0          0        146         26          0        936   usb_desc.o
        16          0          0          0          0        575   usb_endp.o
        60         24          0         20         28       4170   usb_init.o
       980         32          0          4          0       1872   usb_int.o
        80         18          0         60          0       1288   usb_istr.o
        92          6          0          0          0       1466   usb_mem.o
       648         56          0        148          0       7080   usb_prop.o
       328         22          0          7          0       2637   usb_pwr.o
      1976         26          0          0          0      11969   usb_regs.o
      1052         48          0          0          0       4998   usb_scsi.o

    ----------------------------------------------------------------------
     51668       4672     177872       3200       9080     797966   Object Totals
         0          0         32          0          0          0   (incl. Generated)
         4          0          1         10          0          0   (incl. Padding)

    ----------------------------------------------------------------------

      Code (inc. data)   RO Data    RW Data    ZI Data      Debug   Library Member Name

        60          8          0          0          0         84   __0sscanf.o
        24          4          0          0          0         84   __2printf.o
        44          6          0          0          0         84   __2sprintf.o
        90          0          0          0          0          0   __dczerorl2.o
         8          0          0          0          0         68   __main.o
       392          4         17          0          0         92   __printf_flags_ss_wp.o
        14          0          0          0          0         68   __printf_wp.o
         0          0          0          0          0          0   __rtentry.o
        12          0          0          0          0          0   __rtentry2.o
         6          0          0          0          0          0   __rtentry4.o
        52          8          0          0          0          0   __scatter.o
        28          0          0          0          0          0   __scatter_zi.o
        28          0          0          0          0         68   _chval.o
         6          0          0          0          0          0   _printf_a.o
         6          0          0          0          0          0   _printf_c.o
        44          0          0          0          0        108   _printf_char.o
        48          6          0          0          0         96   _printf_char_common.o
        36          4          0          0          0         80   _printf_char_file.o
        40          0          0          0          0         68   _printf_charcount.o
         6          0          0          0          0          0   _printf_d.o
       120         16          0          0          0         92   _printf_dec.o
         6          0          0          0          0          0   _printf_e.o
         6          0          0          0          0          0   _printf_f.o
      1054          0          0          0          0        216   _printf_fp_dec.o
       128         16          0          0          0         84   _printf_fp_infnan.o
         6          0          0          0          0          0   _printf_g.o
       148          4         40          0          0        160   _printf_hex_int_ll_ptr.o
         6          0          0          0          0          0   _printf_i.o
       178          0          0          0          0         88   _printf_intcommon.o
        10          0          0          0          0          0   _printf_l.o
         6          0          0          0          0          0   _printf_lc.o
        10          0          0          0          0          0   _printf_ll.o
         6          0          0          0          0          0   _printf_lld.o
         6          0          0          0          0          0   _printf_lli.o
         6          0          0          0          0          0   _printf_llo.o
         6          0          0          0          0          0   _printf_llu.o
         6          0          0          0          0          0   _printf_llx.o
       124         16          0          0          0         92   _printf_longlong_dec.o
         6          0          0          0          0          0   _printf_ls.o
         6          0          0          0          0          0   _printf_n.o
         6          0          0          0          0          0   _printf_o.o
       112         10          0          0          0        124   _printf_oct_int_ll.o
         6          0          0          0          0          0   _printf_p.o
        78          0          0          0          0        108   _printf_pad.o
         0          0          0          0          0          0   _printf_percent.o
         4          0          0          0          0          0   _printf_percent_end.o
         6          0          0          0          0          0   _printf_s.o
        82          0          0          0          0         80   _printf_str.o
        36          0          0          0          0         84   _printf_truncate.o
         6          0          0          0          0          0   _printf_u.o
        44          0          0          0          0        108   _printf_wchar.o
       188          6          8          0          0         92   _printf_wctomb.o
         6          0          0          0          0          0   _printf_x.o
       884          6          0          0          0        100   _scanf.o
       332          0          0          0          0         96   _scanf_int.o
       224          0          0          0          0         96   _scanf_str.o
        64          0          0          0          0         84   _sgetc.o
        10          0          0          0          0         68   _sputc.o
        64          0          0          0          0         92   _wcrtomb.o
       228          4        148          0          0         96   bigflt0.o
      1936        128          0          0          0        672   btod.o
        36          4          0          0          0         76   c89vsprintf.o
        18          0          0          0          0         80   exit.o
         8          0          0          0          0         68   ferror.o
         6          0          0          0          0        152   heapauxi.o
        18          0          0          0          0         76   isspace.o
        44         10        272          0          0         76   lc_ctype_c.o
        44         10         28          0          0         76   lc_numeric_c.o
         2          0          0          0          0          0   libinit.o
        30          0          0          0          0          0   libinit2.o
         2          0          0          0          0          0   libshutdown.o
         2          0          0          0          0          0   libshutdown2.o
         8          4          0          0         96         68   libspace.o
       138          0          0          0          0         80   lludiv10.o
        88          0          0          0          0         76   memcmp.o
        16          4          0          0          0         76   rt_ctype_table.o
         8          4          0          0          0         68   rt_locale_intlibspace.o
        68          0          0          0          0         68   rt_memclr.o
        78          0          0          0          0         80   rt_memclr_w.o
       138          0          0          0          0         68   rt_memcpy_v6.o
       100          0          0          0          0         80   rt_memcpy_w.o
         2          0          0          0          0          0   rtexit.o
        10          0          0          0          0          0   rtexit2.o
        44          8          0          0          0         84   scanf_char.o
       128          0          0          0          0         68   strcmpv7m.o
        62          0          0          0          0         76   strlen.o
        36          0          0          0          0         80   strstr.o
        74          0          0          0          0         80   sys_stackheap_outer.o
         2          0          0          0          0         68   use_no_semi.o
         2          0          0          0          0         68   use_no_semi_2.o
        46          0          0          0          0         68   dflt_clz.o
       340         12          0          0          0        104   dmul.o
       156          4          0          0          0         92   dnaninf.o
        12          0          0          0          0         68   dretinf.o
         4          0          0          0          0         68   printf1.o
         0          0          0          0          0          0   usenofp.o
        40          0          0          0          0         68   fpclassify.o

    ----------------------------------------------------------------------
      8928        306        516          0         96       5792   Library Totals
        14          0          3          0          0          0   (incl. Padding)

    ----------------------------------------------------------------------

      Code (inc. data)   RO Data    RW Data    ZI Data      Debug   Library Name

      8316        290        513          0         96       5324   c_w.l
       558         16          0          0          0        400   fz_ws.l
        40          0          0          0          0         68   m_ws.l

    ----------------------------------------------------------------------
      8928        306        516          0         96       5792   Library Totals

    ----------------------------------------------------------------------

==============================================================================


      Code (inc. data)   RO Data    RW Data    ZI Data      Debug   

     60596       4978     178388       3200       9176     796110   Grand Totals
     60596       4978     178388       1084       9176     796110   ELF Image Totals (compressed)
     60596       4978     178388       1084          0          0   ROM Totals

==============================================================================

    Total RO  Size (Code + RO Data)               238984 ( 233.38kB)
    Total RW  Size (RW Data + ZI Data)             12376 (  12.09kB)
    Total ROM Size (Code + RO Data + RW Data)     240068 ( 234.44kB)

==============================================================================

