Component: ARM Compiler 5.06 update 6 (build 750) Tool: armlink [4d35ed]

==============================================================================

Section Cross References

    main.o(.text) refers to delay.o(.text) for SYSTICK_Init
    main.o(.text) refers to usart.o(.text) for USART1_Config
    main.o(.text) refers to ld3320_main.o(.text) for LD3320_Init
    main.o(.text) refers to ledtest.o(.text) for LED_gpio_cfg
    main.o(.text) refers to sdio_sdcard.o(.text) for SD_Init
    main.o(.text) refers to __2printf.o(.text) for __2printf
    main.o(.text) refers to diskio.o(.text) for disk_initialize
    main.o(.text) refers to ff.o(.text) for f_mount
    main.o(.text) refers to ldchip.o(.text) for PlayDemoSound_mp3
    stm32f10x_it.o(.text) refers to sdio_sdcard.o(.text) for SD_ProcessIRQSrc
    stm32f10x_it.o(.text) refers to stm32f10x_exti.o(.text) for EXTI_GetITStatus
    stm32f10x_it.o(.text) refers to ldchip.o(.text) for ProcessInt0
    stm32f10x_it.o(.text) refers to usb_int.o(.text) for CTR_HP
    stm32f10x_it.o(.text) refers to usb_istr.o(.text) for USB_Istr
    stm32f10x_it.o(.text) refers to stm32f10x_tim.o(.text) for TIM_Cmd
    stm32f10x_it.o(.text) refers to stm32f10x_usart.o(.text) for USART_GetITStatus
    stm32f10x_it.o(.text) refers to stm32f10x_it.o(.data) for nTime
    stm32f10x_it.o(.text) refers to usart2.o(.data) for USART2_RX_STA
    stm32f10x_it.o(.text) refers to usart.o(.data) for USART_RX_STA
    stm32f10x_it.o(.text) refers to usart.o(.bss) for USART_RX_BUF
    stm32f10x_it.o(.text) refers to usart2.o(.bss) for USART2_RX_BUF
    ld3320_main.o(.text) refers to _printf_percent.o(.ARM.Collect$$_printf_percent$$00000000) for _printf_percent
    ld3320_main.o(.text) refers to _printf_d.o(.ARM.Collect$$_printf_percent$$00000009) for _printf_d
    ld3320_main.o(.text) refers to _printf_dec.o(.text) for _printf_int_dec
    ld3320_main.o(.text) refers to __2printf.o(.text) for __2printf
    ld3320_main.o(.text) refers to ldchip.o(.text) for PlayDemoSound_mp3
    ld3320_main.o(.text) refers to ledtest.o(.text) for Glide_LED
    ld3320_main.o(.text) refers to stm32f10x_gpio.o(.text) for GPIO_ResetBits
    ld3320_main.o(.text) refers to delay.o(.text) for delay_ms
    ld3320_main.o(.text) refers to hw_config.o(.text) for GPIO_Config
    ld3320_main.o(.text) refers to usb_init.o(.text) for USB_Init
    ld3320_main.o(.text) refers to stm32f10x_exti.o(.text) for EXTI_DeInit
    ld3320_main.o(.text) refers to stm32f10x_rcc.o(.text) for RCC_APB1PeriphClockCmd
    ld3320_main.o(.text) refers to stm32f10x_spi.o(.text) for SPI_Cmd
    ld3320_main.o(.text) refers to misc.o(.text) for NVIC_Init
    ld3320_main.o(.text) refers to usb_pwr.o(.data) for bDeviceState
    ld3320_main.o(.text) refers to ld3320_main.o(.data) for nAsrStatus
    ld3320_main.o(.text) refers to ldchip.o(.data) for bMp3Play
    ldchip.o(.text) refers to stm32f10x_gpio.o(.text) for GPIO_SetBits
    ldchip.o(.text) refers to delay.o(.text) for delay_ms
    ldchip.o(.text) refers to reg_rw.o(.text) for LD_ReadReg
    ldchip.o(.text) refers to fatfs_posix.o(.text) for read
    ldchip.o(.text) refers to ldchip.o(.data) for nLD_Mode
    ldchip.o(.text) refers to ld3320_main.o(.data) for nAsrStatus
    reg_rw.o(.text) refers to stm32f10x_spi.o(.text) for SPI_I2S_GetFlagStatus
    reg_rw.o(.text) refers to stm32f10x_gpio.o(.text) for GPIO_ResetBits
    usart.o(.text) refers (Special) to use_no_semi_2.o(.text) for __use_no_semihosting
    usart.o(.text) refers to misc.o(.text) for NVIC_PriorityGroupConfig
    usart.o(.text) refers to stm32f10x_rcc.o(.text) for RCC_APB2PeriphClockCmd
    usart.o(.text) refers to stm32f10x_usart.o(.text) for USART_DeInit
    usart.o(.text) refers to stm32f10x_gpio.o(.text) for GPIO_Init
    usart.o(.bss) refers (Special) to use_no_semi_2.o(.text) for __use_no_semihosting
    usart.o(.data) refers (Special) to use_no_semi_2.o(.text) for __use_no_semihosting
    usart2.o(.text) refers to misc.o(.text) for NVIC_PriorityGroupConfig
    usart2.o(.text) refers to stm32f10x_rcc.o(.text) for RCC_APB2PeriphClockCmd
    usart2.o(.text) refers to stm32f10x_usart.o(.text) for USART_DeInit
    usart2.o(.text) refers to stm32f10x_gpio.o(.text) for GPIO_Init
    usart2.o(.text) refers to dma.o(.text) for MYDMA_Config
    usart2.o(.text) refers to timer.o(.text) for TIM2_Config
    usart2.o(.text) refers to c89vsprintf.o(.text) for __c89vsprintf
    usart2.o(.text) refers to strlen.o(.text) for strlen
    usart2.o(.text) refers to usart2.o(.bss) for USART2_TX_BUF
    usart2.o(.text) refers to usart2.o(.data) for USART2_RX_STA
    delay.o(.text) refers to system_stm32f10x.o(.data) for SystemCoreClock
    delay.o(.text) refers to stm32f10x_it.o(.data) for nTime
    dma.o(.text) refers to stm32f10x_rcc.o(.text) for RCC_AHBPeriphClockCmd
    dma.o(.text) refers to stm32f10x_dma.o(.text) for DMA_DeInit
    timer.o(.text) refers to misc.o(.text) for NVIC_PriorityGroupConfig
[...]
    __rt_lib_init_fp_trap_1                  0x080001f1   Thumb Code     0  libinit2.o(.ARM.Collect$$libinit$$0000001F)
    __rt_lib_init_getenv_1                   0x080001f1   Thumb Code     0  libinit2.o(.ARM.Collect$$libinit$$00000023)
    __rt_lib_init_heap_1                     0x080001f1   Thumb Code     0  libinit2.o(.ARM.Collect$$libinit$$0000000A)
    __rt_lib_init_lc_collate_1               0x080001f1   Thumb Code     0  libinit2.o(.ARM.Collect$$libinit$$00000011)
    __rt_lib_init_lc_ctype_1                 0x080001f1   Thumb Code     0  libinit2.o(.ARM.Collect$$libinit$$00000013)
    __rt_lib_init_lc_monetary_1              0x080001f1   Thumb Code     0  libinit2.o(.ARM.Collect$$libinit$$00000015)
    __rt_lib_init_lc_numeric_1               0x080001f1   Thumb Code     0  libinit2.o(.ARM.Collect$$libinit$$00000017)
    __rt_lib_init_lc_time_1                  0x080001f1   Thumb Code     0  libinit2.o(.ARM.Collect$$libinit$$00000019)
    __rt_lib_init_preinit_1                  0x080001f1   Thumb Code     0  libinit2.o(.ARM.Collect$$libinit$$00000004)
    __rt_lib_init_rand_1                     0x080001f1   Thumb Code     0  libinit2.o(.ARM.Collect$$libinit$$0000000E)
    __rt_lib_init_return                     0x080001f1   Thumb Code     0  libinit2.o(.ARM.Collect$$libinit$$00000033)
    __rt_lib_init_signal_1                   0x080001f1   Thumb Code     0  libinit2.o(.ARM.Collect$$libinit$$0000001D)
    __rt_lib_init_stdio_1                    0x080001f1   Thumb Code     0  libinit2.o(.ARM.Collect$$libinit$$00000025)
    __rt_lib_init_user_alloc_1               0x080001f1   Thumb Code     0  libinit2.o(.ARM.Collect$$libinit$$0000000C)
    __rt_lib_shutdown                        0x080001f3   Thumb Code     0  libshutdown.o(.ARM.Collect$$libshutdown$$00000000)
    __rt_lib_shutdown_cpp_1                  0x080001f5   Thumb Code     0  libshutdown2.o(.ARM.Collect$$libshutdown$$00000002)
    __rt_lib_shutdown_fp_trap_1              0x080001f5   Thumb Code     0  libshutdown2.o(.ARM.Collect$$libshutdown$$00000007)
    __rt_lib_shutdown_heap_1                 0x080001f5   Thumb Code     0  libshutdown2.o(.ARM.Collect$$libshutdown$$0000000F)
    __rt_lib_shutdown_return                 0x080001f5   Thumb Code     0  libshutdown2.o(.ARM.Collect$$libshutdown$$00000010)
    __rt_lib_shutdown_signal_1               0x080001f5   Thumb Code     0  libshutdown2.o(.ARM.Collect$$libshutdown$$0000000A)
    __rt_lib_shutdown_stdio_1                0x080001f5   Thumb Code     0  libshutdown2.o(.ARM.Collect$$libshutdown$$00000004)
    __rt_lib_shutdown_user_alloc_1           0x080001f5   Thumb Code     0  libshutdown2.o(.ARM.Collect$$libshutdown$$0000000C)
    __rt_entry                               0x080001f7   Thumb Code     0  __rtentry.o(.ARM.Collect$$rtentry$$00000000)
    __rt_entry_presh_1                       0x080001f7   Thumb Code     0  __rtentry2.o(.ARM.Collect$$rtentry$$00000002)
    __rt_entry_sh                            0x080001f7   Thumb Code     0  __rtentry4.o(.ARM.Collect$$rtentry$$00000004)
    __rt_entry_li                            0x080001fd   Thumb Code     0  __rtentry2.o(.ARM.Collect$$rtentry$$0000000A)
    __rt_entry_postsh_1                      0x080001fd   Thumb Code     0  __rtentry2.o(.ARM.Collect$$rtentry$$00000009)
    __rt_entry_main                          0x08000201   Thumb Code     0  __rtentry2.o(.ARM.Collect$$rtentry$$0000000D)
    __rt_entry_postli_1                      0x08000201   Thumb Code     0  __rtentry2.o(.ARM.Collect$$rtentry$$0000000C)
    __rt_exit                                0x08000209   Thumb Code     0  rtexit.o(.ARM.Collect$$rtexit$$00000000)
    __rt_exit_ls                             0x0800020b   Thumb Code     0  rtexit2.o(.ARM.Collect$$rtexit$$00000003)
    __rt_exit_prels_1                        0x0800020b   Thumb Code     0  rtexit2.o(.ARM.Collect$$rtexit$$00000002)
    __rt_exit_exit                           0x0800020f   Thumb Code     0  rtexit2.o(.ARM.Collect$$rtexit$$00000004)
    main                                     0x08000215   Thumb Code   154  main.o(.text)
    NMI_Handler                              0x08000369   Thumb Code     2  stm32f10x_it.o(.text)
    HardFault_Handler                        0x0800036b   Thumb Code     4  stm32f10x_it.o(.text)
    MemManage_Handler                        0x0800036f   Thumb Code     4  stm32f10x_it.o(.text)
    BusFault_Handler                         0x08000373   Thumb Code     4  stm32f10x_it.o(.text)
    UsageFault_Handler                       0x08000377   Thumb Code     4  stm32f10x_it.o(.text)
    SVC_Handler                              0x0800037b   Thumb Code     2  stm32f10x_it.o(.text)
    DebugMon_Handler                         0x0800037d   Thumb Code     2  stm32f10x_it.o(.text)
    PendSV_Handler                           0x0800037f   Thumb Code     2  stm32f10x_it.o(.text)
    SysTick_Handler                          0x08000381   Thumb Code    18  stm32f10x_it.o(.text)
    SDIO_IRQHandler                          0x08000393   Thumb Code     8  stm32f10x_it.o(.text)
    EXTI1_IRQHandler                         0x0800039b   Thumb Code    28  stm32f10x_it.o(.text)
    USB_HP_CAN1_TX_IRQHandler                0x080003b7   Thumb Code     8  stm32f10x_it.o(.text)
    USB_LP_CAN1_RX0_IRQHandler               0x080003bf   Thumb Code     8  stm32f10x_it.o(.text)
    TIM2_IRQHandler                          0x080003c7   Thumb Code    34  stm32f10x_it.o(.text)
    TIM3_IRQHandler                          0x080003e9   Thumb Code    22  stm32f10x_it.o(.text)
    USART1_IRQHandler                        0x080003ff   Thumb Code   122  stm32f10x_it.o(.text)
    USART2_IRQHandler                        0x08000479   Thumb Code    24  stm32f10x_it.o(.text)
    LD_Process                               0x080004b1   Thumb Code   294  ld3320_main.o(.text)
    RunASR                                   0x080005d7   Thumb Code    80  ld3320_main.o(.text)
    USB_OTG                                  0x08000627   Thumb Code    62  ld3320_main.o(.text)
    LD3320_main                              0x08000665   Thumb Code   110  ld3320_main.o(.text)
    LD3320_Spi_cfg                           0x080006d3   Thumb Code   172  ld3320_main.o(.text)
    LD3320_EXTI_Cfg                          0x0800077f   Thumb Code   128  ld3320_main.o(.text)
    LD3320_GPIO_Cfg                          0x080007ff   Thumb Code    90  ld3320_main.o(.text)
    LD3320_Init                              0x08000859   Thumb Code    20  ld3320_main.o(.text)
    LD_reset                                 0x08000959   Thumb Code    78  ldchip.o(.text)
    LD_Init_Common                           0x080009a7   Thumb Code   200  ldchip.o(.text)
    LD_Init_ASR                              0x08000a6f   Thumb Code   106  ldchip.o(.text)
    LD_Init_MP3                              0x08000ad9   Thumb Code   176  ldchip.o(.text)
    fill_the_fifo                            0x08000b89   Thumb Code    42  ldchip.o(.text)
    LD_play                                  0x08000bb3   Thumb Code    84  ldchip.o(.text)
    LD_AdjustMIX2SPVolume                    0x08000c07   Thumb Code    32  ldchip.o(.text)
    LD_ReloadMp3Data_Again                   0x08000c27   Thumb Code   178  ldchip.o(.text)
    ProcessInt0                              0x08000cd9   Thumb Code   336  ldchip.o(.text)
    PlayDemoSound_mp3                        0x08000e29   Thumb Code    80  ldchip.o(.text)
    LD_Check_ASRBusyFlag_b2                  0x08000e79   Thumb Code    42  ldchip.o(.text)
    LD_AsrStart                              0x08000ea3   Thumb Code     8  ldchip.o(.text)
    LD_AsrRun                                0x08000eab   Thumb Code   122  ldchip.o(.text)
    LD_AsrAddFixed                           0x08000f25   Thumb Code   148  ldchip.o(.text)
    LD_GetResult                             0x08000fb9   Thumb Code    10  ldchip.o(.text)
    LD_WriteReg                              0x08001017   Thumb Code    56  reg_rw.o(.text)
    LD_ReadReg                               0x0800104f   Thumb Code    58  reg_rw.o(.text)
    _sys_exit                                0x08001091   Thumb Code     6  usart.o(.text)
    fputc                                    0x08001097   Thumb Code    24  usart.o(.text)
    NVIC_Config1                             0x080010af   Thumb Code    40  usart.o(.text)
    USART1_Config                            0x080010d7   Thumb Code   134  usart.o(.text)
    SYSTICK_Init                             0x08001165   Thumb Code    90  delay.o(.text)
    delay_us                                 0x080011bf   Thumb Code    16  delay.o(.text)
    delay_ms                                 0x080011cf   Thumb Code    26  delay.o(.text)
    delay_s                                  0x080011e9   Thumb Code    26  delay.o(.text)
    SD_LowLevel_DeInit                       0x08001219   Thumb Code    66  sdio_sdcard.o(.text)
    SD_LowLevel_Init                         0x0800125b   Thumb Code    70  sdio_sdcard.o(.text)
    SD_LowLevel_DMA_TxConfig                 0x080012a1   Thumb Code    86  sdio_sdcard.o(.text)
    SD_LowLevel_DMA_RxConfig                 0x080012f7   Thumb Code    86  sdio_sdcard.o(.text)
    SD_DMAEndOfTransferStatus                0x0800134d   Thumb Code    10  sdio_sdcard.o(.text)
    SD_DeInit                                0x08001357   Thumb Code     8  sdio_sdcard.o(.text)
    SD_SetDeviceMode                         0x0800135f   Thumb Code    24  sdio_sdcard.o(.text)
    SD_EnableWideBusOperation                0x08001779   Thumb Code   144  sdio_sdcard.o(.text)
    SD_SelectDeselect                        0x08001809   Thumb Code    48  sdio_sdcard.o(.text)
    SD_GetCardInfo                           0x08001839   Thumb Code   726  sdio_sdcard.o(.text)
    SD_InitializeCards                       0x08001bed   Thumb Code   300  sdio_sdcard.o(.text)
    SD_PowerON                               0x08001dc1   Thumb Code   414  sdio_sdcard.o(.text)
    SD_Init                                  0x08001f5f   Thumb Code   124  sdio_sdcard.o(.text)
    SD_SendStatus                            0x08001fdb   Thumb Code    76  sdio_sdcard.o(.text)
    SD_Detect                                0x08002027   Thumb Code    26  sdio_sdcard.o(.text)
    SD_GetState                              0x08002041   Thumb Code    40  sdio_sdcard.o(.text)
    SD_GetStatus                             0x08002069   Thumb Code    30  sdio_sdcard.o(.text)
    SD_PowerOFF                              0x08002087   Thumb Code    14  sdio_sdcard.o(.text)
    SD_ReadBlock                             0x080020a7   Thumb Code   656  sdio_sdcard.o(.text)
    SD_ReadMultiBlocks                       0x08002337   Thumb Code   712  sdio_sdcard.o(.text)
    SD_WriteBlock                            0x080027c1   Thumb Code   832  sdio_sdcard.o(.text)
    SD_WriteMultiBlocks                      0x08002b01   Thumb Code  1044  sdio_sdcard.o(.text)
    SD_GetTransferState                      0x08002f15   Thumb Code    18  sdio_sdcard.o(.text)
    SD_StopTransfer                          0x08002f27   Thumb Code    46  sdio_sdcard.o(.text)
    SD_Erase                                 0x08002f55   Thumb Code   356  sdio_sdcard.o(.text)
    SD_SendSDStatus                          0x080030b9   Thumb Code   418  sdio_sdcard.o(.text)
    SD_ProcessIRQSrc                         0x0800325b   Thumb Code   552  sdio_sdcard.o(.text)
    LED_gpio_cfg                             0x080034b9   Thumb Code    46  ledtest.o(.text)
    Glide_LED                                0x080034e7   Thumb Code    60  ledtest.o(.text)
    Flicker_LED                              0x08003523   Thumb Code    48  ledtest.o(.text)
    Key_LED                                  0x08003553   Thumb Code     2  ledtest.o(.text)
    Off_LED                                  0x08003555   Thumb Code    20  ledtest.o(.text)
    Board_text                               0x08003569   Thumb Code    70  ledtest.o(.text)
    SystemInit                               0x08003693   Thumb Code    78  system_stm32f10x.o(.text)
    SystemCoreClockUpdate                    0x080036e1   Thumb Code   142  system_stm32f10x.o(.text)
    Reset_Handler                            0x08003795   Thumb Code     8  startup_stm32f10x_hd.o(.text)
    ADC1_2_IRQHandler                        0x080037af   Thumb Code     0  startup_stm32f10x_hd.o(.text)
    ADC3_IRQHandler                          0x080037af   Thumb Code     0  startup_stm32f10x_hd.o(.text)
    CAN1_RX1_IRQHandler                      0x080037af   Thumb Code     0  startup_stm32f10x_hd.o(.text)
    CAN1_SCE_IRQHandler                      0x080037af   Thumb Code     0  startup_stm32f10x_hd.o(.text)
    DMA1_Channel1_IRQHandler                 0x080037af   Thumb Code     0  startup_stm32f10x_hd.o(.text)
    DMA1_Channel2_IRQHandler                 0x080037af   Thumb Code     0  startup_stm32f10x_hd.o(.text)
    DMA1_Channel3_IRQHandler                 0x080037af   Thumb Code     0  startup_stm32f10x_hd.o(.text)
    DMA1_Channel4_IRQHandler                 0x080037af   Thumb Code     0  startup_stm32f10x_hd.o(.text)
    DMA1_Channel5_IRQHandler                 0x080037af   Thumb Code     0  startup_stm32f10x_hd.o(.text)
    DMA1_Channel6_IRQHandler                 0x080037af   Thumb Code     0  startup_stm32f10x_hd.o(.text)
    DMA1_Channel7_IRQHandler                 0x080037af   Thumb Code     0  startup_stm32f10x_hd.o(.text)
    DMA2_Channel1_IRQHandler                 0x080037af   Thumb Code     0  startup_stm32f10x_hd.o(.text)
    DMA2_Channel2_IRQHandler                 0x080037af   Thumb Code     0  startup_stm32f10x_hd.o(.text)
    DMA2_Channel3_IRQHandler                 0x080037af   Thumb Code     0  startup_stm32f10x_hd.o(.text)
    DMA2_Channel4_5_IRQHandler               0x080037af   Thumb Code     0  startup_stm32f10x_hd.o(.text)
    EXTI0_IRQHandler                         0x080037af   Thumb Code     0  startup_stm32f10x_hd.o(.text)
    EXTI15_10_IRQHandler                     0x080037af   Thumb Code     0  startup_stm32f10x_hd.o(.text)
    EXTI2_IRQHandler                         0x080037af   Thumb Code     0  startup_stm32f10x_hd.o(.text)
    EXTI3_IRQHandler                         0x080037af   Thumb Code     0  startup_stm32f10x_hd.o(.text)
    EXTI4_IRQHandler                         0x080037af   Thumb Code     0  startup_stm32f10x_hd.o(.text)
    EXTI9_5_IRQHandler                       0x080037af   Thumb Code     0  startup_stm32f10x_hd.o(.text)
    FLASH_IRQHandler                         0x080037af   Thumb Code     0  startup_stm32f10x_hd.o(.text)
    FSMC_IRQHandler                          0x080037af   Thumb Code     0  startup_stm32f10x_hd.o(.text)
    I2C1_ER_IRQHandler                       0x080037af   Thumb Code     0  startup_stm32f10x_hd.o(.text)
    I2C1_EV_IRQHandler                       0x080037af   Thumb Code     0  startup_stm32f10x_hd.o(.text)
    I2C2_ER_IRQHandler                       0x080037af   Thumb Code     0  startup_stm32f10x_hd.o(.text)
    I2C2_EV_IRQHandler                       0x080037af   Thumb Code     0  startup_stm32f10x_hd.o(.text)
    PVD_IRQHandler                           0x080037af   Thumb Code     0  startup_stm32f10x_hd.o(.text)
    RCC_IRQHandler                           0x080037af   Thumb Code     0  startup_stm32f10x_hd.o(.text)
    RTCAlarm_IRQHandler                      0x080037af   Thumb Code     0  startup_stm32f10x_hd.o(.text)
    RTC_IRQHandler                           0x080037af   Thumb Code     0  startup_stm32f10x_hd.o(.text)
    SPI1_IRQHandler                          0x080037af   Thumb Code     0  startup_stm32f10x_hd.o(.text)
    SPI2_IRQHandler                          0x080037af   Thumb Code     0  startup_stm32f10x_hd.o(.text)
    SPI3_IRQHandler                          0x080037af   Thumb Code     0  startup_stm32f10x_hd.o(.text)
    TAMPER_IRQHandler                        0x080037af   Thumb Code     0  startup_stm32f10x_hd.o(.text)
    TIM1_BRK_IRQHandler                      0x080037af   Thumb Code     0  startup_stm32f10x_hd.o(.text)
    TIM1_CC_IRQHandler                       0x080037af   Thumb Code     0  startup_stm32f10x_hd.o(.text)
    TIM1_TRG_COM_IRQHandler                  0x080037af   Thumb Code     0  startup_stm32f10x_hd.o(.text)
    TIM1_UP_IRQHandler                       0x080037af   Thumb Code     0  startup_stm32f10x_hd.o(.text)
    TIM4_IRQHandler                          0x080037af   Thumb Code     0  startup_stm32f10x_hd.o(.text)
    TIM5_IRQHandler                          0x080037af   Thumb Code     0  startup_stm32f10x_hd.o(.text)
    TIM6_IRQHandler                          0x080037af   Thumb Code     0  startup_stm32f10x_hd.o(.text)
    TIM7_IRQHandler                          0x080037af   Thumb Code     0  startup_stm32f10x_hd.o(.text)
    TIM8_BRK_IRQHandler                      0x080037af   Thumb Code     0  startup_stm32f10x_hd.o(.text)
    TIM8_CC_IRQHandler                       0x080037af   Thumb Code     0  startup_stm32f10x_hd.o(.text)
    TIM8_TRG_COM_IRQHandler                  0x080037af   Thumb Code     0  startup_stm32f10x_hd.o(.text)
    TIM8_UP_IRQHandler                       0x080037af   Thumb Code     0  startup_stm32f10x_hd.o(.text)
    UART4_IRQHandler                         0x080037af   Thumb Code     0  startup_stm32f10x_hd.o(.text)
    UART5_IRQHandler                         0x080037af   Thumb Code     0  startup_stm32f10x_hd.o(.text)
    USART3_IRQHandler                        0x080037af   Thumb Code     0  startup_stm32f10x_hd.o(.text)
    USBWakeUp_IRQHandler                     0x080037af   Thumb Code     0  startup_stm32f10x_hd.o(.text)
    WWDG_IRQHandler                          0x080037af   Thumb Code     0  startup_stm32f10x_hd.o(.text)
    __user_initial_stackheap                 0x080037b1   Thumb Code     0  startup_stm32f10x_hd.o(.text)
    NVIC_PriorityGroupConfig                 0x080037d5   Thumb Code    10  misc.o(.text)
    NVIC_Init                                0x080037df   Thumb Code   100  misc.o(.text)
    NVIC_SetVectorTable                      0x08003843   Thumb Code    14  misc.o(.text)
    NVIC_SystemLPConfig                      0x08003851   Thumb Code    34  misc.o(.text)
    SysTick_CLKSourceConfig                  0x08003873   Thumb Code    40  misc.o(.text)
    USART_DeInit                             0x080038b1   Thumb Code   134  stm32f10x_usart.o(.text)
    USART_Init                               0x08003937   Thumb Code   210  stm32f10x_usart.o(.text)
    USART_StructInit                         0x08003a09   Thumb Code    24  stm32f10x_usart.o(.text)
    USART_ClockInit                          0x08003a21   Thumb Code    34  stm32f10x_usart.o(.text)
    USART_ClockStructInit                    0x08003a43   Thumb Code    12  stm32f10x_usart.o(.text)
    USART_Cmd                                0x08003a4f   Thumb Code    24  stm32f10x_usart.o(.text)
    USART_ITConfig                           0x08003a67   Thumb Code    74  stm32f10x_usart.o(.text)
    USART_DMACmd                             0x08003ab1   Thumb Code    18  stm32f10x_usart.o(.text)
    USART_SetAddress                         0x08003ac3   Thumb Code    18  stm32f10x_usart.o(.text)
    USART_WakeUpConfig                       0x08003ad5   Thumb Code    18  stm32f10x_usart.o(.text)
    USART_ReceiverWakeUpCmd                  0x08003ae7   Thumb Code    24  stm32f10x_usart.o(.text)
    USART_LINBreakDetectLengthConfig         0x08003aff   Thumb Code    18  stm32f10x_usart.o(.text)
    USART_LINCmd                             0x08003b11   Thumb Code    24  stm32f10x_usart.o(.text)
    USART_SendData                           0x08003b29   Thumb Code     8  stm32f10x_usart.o(.text)
    USART_ReceiveData                        0x08003b31   Thumb Code    10  stm32f10x_usart.o(.text)
    USART_SendBreak                          0x08003b3b   Thumb Code    10  stm32f10x_usart.o(.text)
    USART_SetGuardTime                       0x08003b45   Thumb Code    16  stm32f10x_usart.o(.text)
    USART_SetPrescaler                       0x08003b55   Thumb Code    16  stm32f10x_usart.o(.text)
    USART_SmartCardCmd                       0x08003b65   Thumb Code    24  stm32f10x_usart.o(.text)
    USART_SmartCardNACKCmd                   0x08003b7d   Thumb Code    24  stm32f10x_usart.o(.text)
    USART_HalfDuplexCmd                      0x08003b95   Thumb Code    24  stm32f10x_usart.o(.text)
    USART_OverSampling8Cmd                   0x08003bad   Thumb Code    22  stm32f10x_usart.o(.text)
    USART_OneBitMethodCmd                    0x08003bc3   Thumb Code    24  stm32f10x_usart.o(.text)
    USART_IrDAConfig                         0x08003bdb   Thumb Code    18  stm32f10x_usart.o(.text)
    USART_IrDACmd                            0x08003bed   Thumb Code    24  stm32f10x_usart.o(.text)
    USART_GetFlagStatus                      0x08003c05   Thumb Code    26  stm32f10x_usart.o(.text)
    USART_ClearFlag                          0x08003c1f   Thumb Code    18  stm32f10x_usart.o(.text)
    USART_GetITStatus                        0x08003c31   Thumb Code    84  stm32f10x_usart.o(.text)
    USART_ClearITPendingBit                  0x08003c85   Thumb Code    52  stm32f10x_usart.o(.text)
    TIM_DeInit                               0x08003cb9   Thumb Code   424  stm32f10x_tim.o(.text)
    TIM_TimeBaseInit                         0x08003e61   Thumb Code   122  stm32f10x_tim.o(.text)
    TIM_OC1Init                              0x08003edb   Thumb Code   132  stm32f10x_tim.o(.text)
    TIM_OC2Init                              0x08003f5f   Thumb Code   154  stm32f10x_tim.o(.text)
    TIM_OC3Init                              0x08003ff9   Thumb Code   150  stm32f10x_tim.o(.text)
    TIM_OC4Init                              0x0800408f   Thumb Code   182  stm32f10x_tim.o(.text)
    TIM_SetIC4Prescaler                      0x08004145   Thumb Code    26  stm32f10x_tim.o(.text)
    TIM_SetIC3Prescaler                      0x080041e1   Thumb Code    18  stm32f10x_tim.o(.text)
    TIM_SetIC2Prescaler                      0x0800426d   Thumb Code    26  stm32f10x_tim.o(.text)
    TIM_SetIC1Prescaler                      0x08004309   Thumb Code    18  stm32f10x_tim.o(.text)
    TIM_ICInit                               0x08004387   Thumb Code   150  stm32f10x_tim.o(.text)
    TIM_PWMIConfig                           0x0800441d   Thumb Code   124  stm32f10x_tim.o(.text)
    TIM_BDTRConfig                           0x08004499   Thumb Code    32  stm32f10x_tim.o(.text)
    TIM_TimeBaseStructInit                   0x080044b9   Thumb Code    18  stm32f10x_tim.o(.text)
    TIM_OCStructInit                         0x080044cb   Thumb Code    20  stm32f10x_tim.o(.text)
    TIM_ICStructInit                         0x080044df   Thumb Code    18  stm32f10x_tim.o(.text)
    TIM_BDTRStructInit                       0x080044f1   Thumb Code    40  stm32f10x_tim.o(.text)
    TIM_Cmd                                  0x08004519   Thumb Code    24  stm32f10x_tim.o(.text)
    TIM_CtrlPWMOutputs                       0x08004531   Thumb Code    30  stm32f10x_tim.o(.text)
    TIM_ITConfig                             0x0800454f   Thumb Code    18  stm32f10x_tim.o(.text)
    TIM_GenerateEvent                        0x08004561   Thumb Code     4  stm32f10x_tim.o(.text)
    TIM_DMAConfig                            0x08004565   Thumb Code    10  stm32f10x_tim.o(.text)
    TIM_DMACmd                               0x0800456f   Thumb Code    18  stm32f10x_tim.o(.text)
    TIM_InternalClockConfig                  0x08004581   Thumb Code    12  stm32f10x_tim.o(.text)
    TIM_SelectInputTrigger                   0x0800458d   Thumb Code    18  stm32f10x_tim.o(.text)
    TIM_ITRxExternalClockConfig              0x0800459f   Thumb Code    24  stm32f10x_tim.o(.text)
    TIM_TIxExternalClockConfig               0x080045b7   Thumb Code    62  stm32f10x_tim.o(.text)
    TIM_ETRConfig                            0x080045f5   Thumb Code    28  stm32f10x_tim.o(.text)
    TIM_ETRClockMode1Config                  0x08004611   Thumb Code    54  stm32f10x_tim.o(.text)
    TIM_ETRClockMode2Config                  0x08004647   Thumb Code    32  stm32f10x_tim.o(.text)
    TIM_PrescalerConfig                      0x08004667   Thumb Code     6  stm32f10x_tim.o(.text)
    TIM_CounterModeConfig                    0x0800466d   Thumb Code    18  stm32f10x_tim.o(.text)
    TIM_EncoderInterfaceConfig               0x0800467f   Thumb Code    66  stm32f10x_tim.o(.text)
    TIM_ForcedOC1Config                      0x080046c1   Thumb Code    18  stm32f10x_tim.o(.text)
    TIM_ForcedOC2Config                      0x080046d3   Thumb Code    26  stm32f10x_tim.o(.text)
    TIM_ForcedOC3Config                      0x080046ed   Thumb Code    18  stm32f10x_tim.o(.text)
    TIM_ForcedOC4Config                      0x080046ff   Thumb Code    26  stm32f10x_tim.o(.text)
    TIM_ARRPreloadConfig                     0x08004719   Thumb Code    24  stm32f10x_tim.o(.text)
    TIM_SelectCOM                            0x08004731   Thumb Code    24  stm32f10x_tim.o(.text)
    TIM_SelectCCDMA                          0x08004749   Thumb Code    24  stm32f10x_tim.o(.text)
    TIM_CCPreloadControl                     0x08004761   Thumb Code    24  stm32f10x_tim.o(.text)
    TIM_OC1PreloadConfig                     0x08004779   Thumb Code    18  stm32f10x_tim.o(.text)
    TIM_OC2PreloadConfig                     0x0800478b   Thumb Code    26  stm32f10x_tim.o(.text)
    TIM_OC3PreloadConfig                     0x080047a5   Thumb Code    18  stm32f10x_tim.o(.text)
    TIM_OC4PreloadConfig                     0x080047b7   Thumb Code    26  stm32f10x_tim.o(.text)
    TIM_OC1FastConfig                        0x080047d1   Thumb Code    18  stm32f10x_tim.o(.text)
    TIM_OC2FastConfig                        0x080047e3   Thumb Code    26  stm32f10x_tim.o(.text)
    TIM_OC3FastConfig                        0x080047fd   Thumb Code    18  stm32f10x_tim.o(.text)
    TIM_OC4FastConfig                        0x0800480f   Thumb Code    26  stm32f10x_tim.o(.text)
    TIM_ClearOC1Ref                          0x08004829   Thumb Code    18  stm32f10x_tim.o(.text)
    TIM_ClearOC2Ref                          0x0800483b   Thumb Code    24  stm32f10x_tim.o(.text)
    TIM_ClearOC3Ref                          0x08004853   Thumb Code    18  stm32f10x_tim.o(.text)
    TIM_ClearOC4Ref                          0x08004865   Thumb Code    24  stm32f10x_tim.o(.text)
    TIM_OC1PolarityConfig                    0x0800487d   Thumb Code    18  stm32f10x_tim.o(.text)
    TIM_OC1NPolarityConfig                   0x0800488f   Thumb Code    18  stm32f10x_tim.o(.text)
    TIM_OC2PolarityConfig                    0x080048a1   Thumb Code    26  stm32f10x_tim.o(.text)
    TIM_OC2NPolarityConfig                   0x080048bb   Thumb Code    26  stm32f10x_tim.o(.text)
    TIM_OC3PolarityConfig                    0x080048d5   Thumb Code    26  stm32f10x_tim.o(.text)
    TIM_OC3NPolarityConfig                   0x080048ef   Thumb Code    26  stm32f10x_tim.o(.text)
    TIM_OC4PolarityConfig                    0x08004909   Thumb Code    26  stm32f10x_tim.o(.text)
    TIM_CCxCmd                               0x08004923   Thumb Code    30  stm32f10x_tim.o(.text)
    TIM_CCxNCmd                              0x08004941   Thumb Code    30  stm32f10x_tim.o(.text)
    TIM_SelectOCxM                           0x0800495f   Thumb Code    82  stm32f10x_tim.o(.text)
    TIM_UpdateDisableConfig                  0x080049b1   Thumb Code    24  stm32f10x_tim.o(.text)
    TIM_UpdateRequestConfig                  0x080049c9   Thumb Code    24  stm32f10x_tim.o(.text)
    TIM_SelectHallSensor                     0x080049e1   Thumb Code    24  stm32f10x_tim.o(.text)
    TIM_SelectOnePulseMode                   0x080049f9   Thumb Code    18  stm32f10x_tim.o(.text)
    TIM_SelectOutputTrigger                  0x08004a0b   Thumb Code    18  stm32f10x_tim.o(.text)
    TIM_SelectSlaveMode                      0x08004a1d   Thumb Code    18  stm32f10x_tim.o(.text)
    TIM_SelectMasterSlaveMode                0x08004a2f   Thumb Code    18  stm32f10x_tim.o(.text)
    TIM_SetCounter                           0x08004a41   Thumb Code     4  stm32f10x_tim.o(.text)
    TIM_SetAutoreload                        0x08004a45   Thumb Code     4  stm32f10x_tim.o(.text)
    TIM_SetCompare1                          0x08004a49   Thumb Code     4  stm32f10x_tim.o(.text)
    TIM_SetCompare2                          0x08004a4d   Thumb Code     4  stm32f10x_tim.o(.text)
    TIM_SetCompare3                          0x08004a51   Thumb Code     4  stm32f10x_tim.o(.text)
    TIM_SetCompare4                          0x08004a55   Thumb Code     6  stm32f10x_tim.o(.text)
    TIM_SetClockDivision                     0x08004a5b   Thumb Code    18  stm32f10x_tim.o(.text)
    TIM_GetCapture1                          0x08004a6d   Thumb Code     6  stm32f10x_tim.o(.text)
    TIM_GetCapture2                          0x08004a73   Thumb Code     6  stm32f10x_tim.o(.text)
    TIM_GetCapture3                          0x08004a79   Thumb Code     6  stm32f10x_tim.o(.text)
    TIM_GetCapture4                          0x08004a7f   Thumb Code     8  stm32f10x_tim.o(.text)
    TIM_GetCounter                           0x08004a87   Thumb Code     6  stm32f10x_tim.o(.text)
    TIM_GetPrescaler                         0x08004a8d   Thumb Code     6  stm32f10x_tim.o(.text)
    TIM_GetFlagStatus                        0x08004a93   Thumb Code    18  stm32f10x_tim.o(.text)
    TIM_ClearFlag                            0x08004aa5   Thumb Code     6  stm32f10x_tim.o(.text)
    TIM_GetITStatus                          0x08004aab   Thumb Code    34  stm32f10x_tim.o(.text)
    TIM_ClearITPendingBit                    0x08004acd   Thumb Code     6  stm32f10x_tim.o(.text)
    SDIO_DeInit                              0x08004ad5   Thumb Code    28  stm32f10x_sdio.o(.text)
    SDIO_Init                                0x08004af1   Thumb Code    42  stm32f10x_sdio.o(.text)
    SDIO_StructInit                          0x08004b1b   Thumb Code    16  stm32f10x_sdio.o(.text)
    SDIO_ClockCmd                            0x08004b2b   Thumb Code     6  stm32f10x_sdio.o(.text)
    SDIO_SetPowerState                       0x08004b31   Thumb Code    22  stm32f10x_sdio.o(.text)
    SDIO_GetPowerState                       0x08004b47   Thumb Code    10  stm32f10x_sdio.o(.text)
    SDIO_ITConfig                            0x08004b51   Thumb Code    26  stm32f10x_sdio.o(.text)
    SDIO_DMACmd                              0x08004b6b   Thumb Code     6  stm32f10x_sdio.o(.text)
    SDIO_SendCommand                         0x08004b71   Thumb Code    38  stm32f10x_sdio.o(.text)
    SDIO_CmdStructInit                       0x08004b97   Thumb Code    14  stm32f10x_sdio.o(.text)
    SDIO_GetCommandResponse                  0x08004ba5   Thumb Code     8  stm32f10x_sdio.o(.text)
    SDIO_GetResponse                         0x08004bad   Thumb Code    22  stm32f10x_sdio.o(.text)
    SDIO_DataConfig                          0x08004bc3   Thumb Code    42  stm32f10x_sdio.o(.text)
    SDIO_DataStructInit                      0x08004bed   Thumb Code    20  stm32f10x_sdio.o(.text)
    SDIO_GetDataCounter                      0x08004c01   Thumb Code     6  stm32f10x_sdio.o(.text)
    SDIO_ReadData                            0x08004c07   Thumb Code     8  stm32f10x_sdio.o(.text)
    SDIO_WriteData                           0x08004c0f   Thumb Code     8  stm32f10x_sdio.o(.text)
    SDIO_GetFIFOCount                        0x08004c17   Thumb Code     6  stm32f10x_sdio.o(.text)
    SDIO_StartSDIOReadWait                   0x08004c1d   Thumb Code     8  stm32f10x_sdio.o(.text)
    SDIO_StopSDIOReadWait                    0x08004c25   Thumb Code     8  stm32f10x_sdio.o(.text)
    SDIO_SetSDIOReadWaitMode                 0x08004c2d   Thumb Code     8  stm32f10x_sdio.o(.text)
    SDIO_SetSDIOOperation                    0x08004c35   Thumb Code     8  stm32f10x_sdio.o(.text)
    SDIO_SendSDIOSuspendCmd                  0x08004c3d   Thumb Code     6  stm32f10x_sdio.o(.text)
    SDIO_CommandCompletionCmd                0x08004c43   Thumb Code     8  stm32f10x_sdio.o(.text)
    SDIO_CEATAITCmd                          0x08004c4b   Thumb Code    12  stm32f10x_sdio.o(.text)
    SDIO_SendCEATACmd                        0x08004c57   Thumb Code     8  stm32f10x_sdio.o(.text)
    SDIO_GetFlagStatus                       0x08004c5f   Thumb Code    20  stm32f10x_sdio.o(.text)
    SDIO_ClearFlag                           0x08004c73   Thumb Code     6  stm32f10x_sdio.o(.text)
    SDIO_GetITStatus                         0x08004c79   Thumb Code    20  stm32f10x_sdio.o(.text)
    SDIO_ClearITPendingBit                   0x08004c8d   Thumb Code     6  stm32f10x_sdio.o(.text)
    EXTI_DeInit                              0x08004ca9   Thumb Code    28  stm32f10x_exti.o(.text)
    EXTI_Init                                0x08004cc5   Thumb Code   142  stm32f10x_exti.o(.text)
    EXTI_StructInit                          0x08004d53   Thumb Code    16  stm32f10x_exti.o(.text)
    EXTI_GenerateSWInterrupt                 0x08004d63   Thumb Code    16  stm32f10x_exti.o(.text)
    EXTI_GetFlagStatus                       0x08004d73   Thumb Code    22  stm32f10x_exti.o(.text)
    EXTI_ClearFlag                           0x08004d89   Thumb Code     8  stm32f10x_exti.o(.text)
    EXTI_GetITStatus                         0x08004d91   Thumb Code    34  stm32f10x_exti.o(.text)
    EXTI_ClearITPendingBit                   0x08004db3   Thumb Code     8  stm32f10x_exti.o(.text)
    GPIO_DeInit                              0x08004dc5   Thumb Code   172  stm32f10x_gpio.o(.text)
    GPIO_AFIODeInit                          0x08004e71   Thumb Code    20  stm32f10x_gpio.o(.text)
    GPIO_Init                                0x08004e85   Thumb Code   278  stm32f10x_gpio.o(.text)
    GPIO_StructInit                          0x08004f9b   Thumb Code    16  stm32f10x_gpio.o(.text)
    GPIO_ReadInputDataBit                    0x08004fab   Thumb Code    18  stm32f10x_gpio.o(.text)
    GPIO_ReadInputData                       0x08004fbd   Thumb Code     8  stm32f10x_gpio.o(.text)
    GPIO_ReadOutputDataBit                   0x08004fc5   Thumb Code    18  stm32f10x_gpio.o(.text)
    GPIO_ReadOutputData                      0x08004fd7   Thumb Code     8  stm32f10x_gpio.o(.text)
    GPIO_SetBits                             0x08004fdf   Thumb Code     4  stm32f10x_gpio.o(.text)
    GPIO_ResetBits                           0x08004fe3   Thumb Code     4  stm32f10x_gpio.o(.text)
    GPIO_WriteBit                            0x08004fe7   Thumb Code    10  stm32f10x_gpio.o(.text)
    GPIO_Write                               0x08004ff1   Thumb Code     4  stm32f10x_gpio.o(.text)
    GPIO_PinLockConfig                       0x08004ff5   Thumb Code    18  stm32f10x_gpio.o(.text)
    GPIO_EventOutputConfig                   0x08005007   Thumb Code    26  stm32f10x_gpio.o(.text)
    GPIO_EventOutputCmd                      0x08005021   Thumb Code     6  stm32f10x_gpio.o(.text)
    GPIO_PinRemapConfig                      0x08005027   Thumb Code   138  stm32f10x_gpio.o(.text)
    GPIO_EXTILineConfig                      0x080050b1   Thumb Code    66  stm32f10x_gpio.o(.text)
    GPIO_ETH_MediaInterfaceConfig            0x080050f3   Thumb Code     8  stm32f10x_gpio.o(.text)
    RCC_DeInit                               0x08005121   Thumb Code    64  stm32f10x_rcc.o(.text)
    RCC_HSEConfig                            0x08005161   Thumb Code    70  stm32f10x_rcc.o(.text)
    RCC_GetFlagStatus                        0x080051a7   Thumb Code    56  stm32f10x_rcc.o(.text)
    RCC_WaitForHSEStartUp                    0x080051df   Thumb Code    56  stm32f10x_rcc.o(.text)
    RCC_AdjustHSICalibrationValue            0x08005217   Thumb Code    20  stm32f10x_rcc.o(.text)
    RCC_HSICmd                               0x0800522b   Thumb Code     6  stm32f10x_rcc.o(.text)
    RCC_PLLConfig                            0x08005231   Thumb Code    24  stm32f10x_rcc.o(.text)
    RCC_PLLCmd                               0x08005249   Thumb Code     6  stm32f10x_rcc.o(.text)
    RCC_SYSCLKConfig                         0x0800524f   Thumb Code    18  stm32f10x_rcc.o(.text)
    RCC_GetSYSCLKSource                      0x08005261   Thumb Code    10  stm32f10x_rcc.o(.text)
    RCC_HCLKConfig                           0x0800526b   Thumb Code    18  stm32f10x_rcc.o(.text)
    RCC_PCLK1Config                          0x0800527d   Thumb Code    18  stm32f10x_rcc.o(.text)
    RCC_PCLK2Config                          0x0800528f   Thumb Code    20  stm32f10x_rcc.o(.text)
    RCC_ITConfig                             0x080052a3   Thumb Code    26  stm32f10x_rcc.o(.text)
    RCC_USBCLKConfig                         0x080052bd   Thumb Code     8  stm32f10x_rcc.o(.text)
    RCC_ADCCLKConfig                         0x080052c5   Thumb Code    18  stm32f10x_rcc.o(.text)
    RCC_LSEConfig                            0x080052d7   Thumb Code    50  stm32f10x_rcc.o(.text)
    RCC_LSICmd                               0x08005309   Thumb Code     6  stm32f10x_rcc.o(.text)
    RCC_RTCCLKConfig                         0x0800530f   Thumb Code    12  stm32f10x_rcc.o(.text)
    RCC_RTCCLKCmd                            0x0800531b   Thumb Code     8  stm32f10x_rcc.o(.text)
    RCC_GetClocksFreq                        0x08005323   Thumb Code   192  stm32f10x_rcc.o(.text)
    RCC_AHBPeriphClockCmd                    0x080053e3   Thumb Code    26  stm32f10x_rcc.o(.text)
    RCC_APB2PeriphClockCmd                   0x080053fd   Thumb Code    26  stm32f10x_rcc.o(.text)
    RCC_APB1PeriphClockCmd                   0x08005417   Thumb Code    26  stm32f10x_rcc.o(.text)
    RCC_APB2PeriphResetCmd                   0x08005431   Thumb Code    26  stm32f10x_rcc.o(.text)
    RCC_APB1PeriphResetCmd                   0x0800544b   Thumb Code    26  stm32f10x_rcc.o(.text)
    RCC_BackupResetCmd                       0x08005465   Thumb Code     8  stm32f10x_rcc.o(.text)
    RCC_ClockSecuritySystemCmd               0x0800546d   Thumb Code     6  stm32f10x_rcc.o(.text)
    RCC_MCOConfig                            0x08005473   Thumb Code     6  stm32f10x_rcc.o(.text)
    RCC_ClearFlag                            0x08005479   Thumb Code    14  stm32f10x_rcc.o(.text)
    RCC_GetITStatus                          0x08005487   Thumb Code    20  stm32f10x_rcc.o(.text)
    RCC_ClearITPendingBit                    0x0800549b   Thumb Code     6  stm32f10x_rcc.o(.text)
    SPI_I2S_DeInit                           0x080054c5   Thumb Code    76  stm32f10x_spi.o(.text)
    SPI_Init                                 0x08005511   Thumb Code    60  stm32f10x_spi.o(.text)
    I2S_Init                                 0x0800554d   Thumb Code   226  stm32f10x_spi.o(.text)
    SPI_StructInit                           0x0800562f   Thumb Code    24  stm32f10x_spi.o(.text)
    I2S_StructInit                           0x08005647   Thumb Code    20  stm32f10x_spi.o(.text)
    SPI_Cmd                                  0x0800565b   Thumb Code    24  stm32f10x_spi.o(.text)
    I2S_Cmd                                  0x08005673   Thumb Code    24  stm32f10x_spi.o(.text)
    SPI_I2S_ITConfig                         0x0800568b   Thumb Code    32  stm32f10x_spi.o(.text)
    SPI_I2S_DMACmd                           0x080056ab   Thumb Code    18  stm32f10x_spi.o(.text)
    SPI_I2S_SendData                         0x080056bd   Thumb Code     4  stm32f10x_spi.o(.text)
    SPI_I2S_ReceiveData                      0x080056c1   Thumb Code     6  stm32f10x_spi.o(.text)
    SPI_NSSInternalSoftwareConfig            0x080056c7   Thumb Code    30  stm32f10x_spi.o(.text)
    SPI_SSOutputCmd                          0x080056e5   Thumb Code    24  stm32f10x_spi.o(.text)
    SPI_DataSizeConfig                       0x080056fd   Thumb Code    18  stm32f10x_spi.o(.text)
    SPI_TransmitCRC                          0x0800570f   Thumb Code    10  stm32f10x_spi.o(.text)
    SPI_CalculateCRC                         0x08005719   Thumb Code    24  stm32f10x_spi.o(.text)
    SPI_GetCRC                               0x08005731   Thumb Code    16  stm32f10x_spi.o(.text)
    SPI_GetCRCPolynomial                     0x08005741   Thumb Code     6  stm32f10x_spi.o(.text)
    SPI_BiDirectionalLineConfig              0x08005747   Thumb Code    28  stm32f10x_spi.o(.text)
    SPI_I2S_GetFlagStatus                    0x08005763   Thumb Code    18  stm32f10x_spi.o(.text)
    SPI_I2S_ClearFlag                        0x08005775   Thumb Code     6  stm32f10x_spi.o(.text)
    SPI_I2S_GetITStatus                      0x0800577b   Thumb Code    52  stm32f10x_spi.o(.text)
    SPI_I2S_ClearITPendingBit                0x080057af   Thumb Code    20  stm32f10x_spi.o(.text)
    DMA_DeInit                               0x080057d1   Thumb Code   324  stm32f10x_dma.o(.text)
    DMA_Init                                 0x08005915   Thumb Code    60  stm32f10x_dma.o(.text)
    DMA_StructInit                           0x08005951   Thumb Code    26  stm32f10x_dma.o(.text)
    DMA_Cmd                                  0x0800596b   Thumb Code    24  stm32f10x_dma.o(.text)
    DMA_ITConfig                             0x08005983   Thumb Code    18  stm32f10x_dma.o(.text)
    DMA_SetCurrDataCounter                   0x08005995   Thumb Code     4  stm32f10x_dma.o(.text)
    DMA_GetCurrDataCounter                   0x08005999   Thumb Code     8  stm32f10x_dma.o(.text)
    DMA_GetFlagStatus                        0x080059a1   Thumb Code    40  stm32f10x_dma.o(.text)
    DMA_ClearFlag                            0x080059c9   Thumb Code    22  stm32f10x_dma.o(.text)
    DMA_GetITStatus                          0x080059df   Thumb Code    40  stm32f10x_dma.o(.text)
    DMA_ClearITPendingBit                    0x08005a07   Thumb Code    22  stm32f10x_dma.o(.text)
    Standard_GetConfiguration                0x08005a25   Thumb Code    34  usb_core.o(.text)
    Standard_SetConfiguration                0x08005a47   Thumb Code    60  usb_core.o(.text)
    Standard_GetInterface                    0x08005a83   Thumb Code    34  usb_core.o(.text)
    Standard_SetInterface                    0x08005aa5   Thumb Code    96  usb_core.o(.text)
    Standard_GetStatus                       0x08005b05   Thumb Code   224  usb_core.o(.text)
    Standard_ClearFeature                    0x08005be5   Thumb Code   326  usb_core.o(.text)
    Standard_SetEndPointFeature              0x08005d2b   Thumb Code   176  usb_core.o(.text)
    Standard_SetDeviceFeature                0x08005ddb   Thumb Code    30  usb_core.o(.text)
    Standard_GetDescriptorData               0x08005df9   Thumb Code    62  usb_core.o(.text)
    Post0_Process                            0x08006355   Thumb Code    54  usb_core.o(.text)
    Setup0_Process                           0x0800638b   Thumb Code   162  usb_core.o(.text)
    SetDeviceAddress                         0x0800642d   Thumb Code    64  usb_core.o(.text)
    In0_Process                              0x0800646d   Thumb Code    98  usb_core.o(.text)
    Out0_Process                             0x080064cf   Thumb Code    70  usb_core.o(.text)
    NOP_Process                              0x08006515   Thumb Code     2  usb_core.o(.text)
    USB_Init                                 0x08006545   Thumb Code    36  usb_init.o(.text)
    CTR_LP                                   0x08006581   Thumb Code   774  usb_int.o(.text)
    CTR_HP                                   0x08006887   Thumb Code   174  usb_int.o(.text)
    UserToPMABufferCopy                      0x08006955   Thumb Code    52  usb_mem.o(.text)
    PMAToUserBufferCopy                      0x08006989   Thumb Code    34  usb_mem.o(.text)
    SetCNTR                                  0x080069b1   Thumb Code     6  usb_regs.o(.text)
    GetCNTR                                  0x080069b7   Thumb Code     8  usb_regs.o(.text)
    SetISTR                                  0x080069bf   Thumb Code     8  usb_regs.o(.text)
    GetISTR                                  0x080069c7   Thumb Code    10  usb_regs.o(.text)
    GetFNR                                   0x080069d1   Thumb Code    10  usb_regs.o(.text)
    SetDADDR                                 0x080069db   Thumb Code     8  usb_regs.o(.text)
    GetDADDR                                 0x080069e3   Thumb Code    10  usb_regs.o(.text)
    SetBTABLE                                0x080069ed   Thumb Code    14  usb_regs.o(.text)
    GetBTABLE                                0x080069fb   Thumb Code    10  usb_regs.o(.text)
    SetENDPOINT                              0x08006a05   Thumb Code    12  usb_regs.o(.text)
    GetENDPOINT                              0x08006a11   Thumb Code    16  usb_regs.o(.text)
    SetEPType                                0x08006a21   Thumb Code    32  usb_regs.o(.text)
    GetEPType                                0x08006a41   Thumb Code    18  usb_regs.o(.text)
    SetEPTxStatus                            0x08006a53   Thumb Code    52  usb_regs.o(.text)
    SetEPRxStatus                            0x08006a87   Thumb Code    52  usb_regs.o(.text)
    SetDouBleBuffEPStall                     0x08006abb   Thumb Code    54  usb_regs.o(.text)
    GetEPTxStatus                            0x08006af1   Thumb Code    18  usb_regs.o(.text)
    GetEPRxStatus                            0x08006b03   Thumb Code    18  usb_regs.o(.text)
    SetEPTxValid                             0x08006b15   Thumb Code    38  usb_regs.o(.text)
    SetEPRxValid                             0x08006b3b   Thumb Code    38  usb_regs.o(.text)
    SetEP_KIND                               0x08006b61   Thumb Code    32  usb_regs.o(.text)
    ClearEP_KIND                             0x08006b81   Thumb Code    28  usb_regs.o(.text)
    Clear_Status_Out                         0x08006b9d   Thumb Code    28  usb_regs.o(.text)
    Set_Status_Out                           0x08006bb9   Thumb Code    32  usb_regs.o(.text)
    SetEPDoubleBuff                          0x08006bd9   Thumb Code    32  usb_regs.o(.text)
    ClearEPDoubleBuff                        0x08006bf9   Thumb Code    28  usb_regs.o(.text)
    GetTxStallStatus                         0x08006c15   Thumb Code    28  usb_regs.o(.text)
    GetRxStallStatus                         0x08006c31   Thumb Code    30  usb_regs.o(.text)
    ClearEP_CTR_RX                           0x08006c4f   Thumb Code    32  usb_regs.o(.text)
    ClearEP_CTR_TX                           0x08006c6f   Thumb Code    28  usb_regs.o(.text)
    ToggleDTOG_RX                            0x08006c8b   Thumb Code    32  usb_regs.o(.text)
    ToggleDTOG_TX                            0x08006cab   Thumb Code    32  usb_regs.o(.text)
    ClearDTOG_RX                             0x08006ccb   Thumb Code    46  usb_regs.o(.text)
    ClearDTOG_TX                             0x08006cf9   Thumb Code    46  usb_regs.o(.text)
    SetEPAddress                             0x08006d27   Thumb Code    32  usb_regs.o(.text)
    GetEPAddress                             0x08006d47   Thumb Code    18  usb_regs.o(.text)
    SetEPTxAddr                              0x08006d59   Thumb Code    26  usb_regs.o(.text)
    SetEPRxAddr                              0x08006d73   Thumb Code    42  usb_regs.o(.text)
    GetEPTxAddr                              0x08006d9d   Thumb Code    22  usb_regs.o(.text)
    GetEPRxAddr                              0x08006db3   Thumb Code    24  usb_regs.o(.text)
    SetEPTxCount                             0x08006dcb   Thumb Code    20  usb_regs.o(.text)
    SetEPCountRxReg                          0x08006ddf   Thumb Code    48  usb_regs.o(.text)
    SetEPRxCount                             0x08006e0f   Thumb Code    68  usb_regs.o(.text)
    GetEPTxCount                             0x08006e53   Thumb Code    26  usb_regs.o(.text)
    GetEPRxCount                             0x08006e6d   Thumb Code    26  usb_regs.o(.text)
    SetEPDblBuffAddr                         0x08006e87   Thumb Code    44  usb_regs.o(.text)
    SetEPDblBuf0Addr                         0x08006eb3   Thumb Code    24  usb_regs.o(.text)
    SetEPDblBuf1Addr                         0x08006ecb   Thumb Code    26  usb_regs.o(.text)
    GetEPDblBuf0Addr                         0x08006ee5   Thumb Code    22  usb_regs.o(.text)
    GetEPDblBuf1Addr                         0x08006efb   Thumb Code    24  usb_regs.o(.text)
    SetEPDblBuffCount                        0x08006f13   Thumb Code   186  usb_regs.o(.text)
    SetEPDblBuf0Count                        0x08006fcd   Thumb Code    96  usb_regs.o(.text)
    SetEPDblBuf1Count                        0x0800702d   Thumb Code    96  usb_regs.o(.text)
    GetEPDblBuf0Count                        0x0800708d   Thumb Code    26  usb_regs.o(.text)
    GetEPDblBuf1Count                        0x080070a7   Thumb Code    26  usb_regs.o(.text)
    GetEPDblBufDir                           0x080070c1   Thumb Code    62  usb_regs.o(.text)
    FreeUserBuffer                           0x080070ff   Thumb Code    74  usb_regs.o(.text)
    ToWord                                   0x08007149   Thumb Code     8  usb_regs.o(.text)
    ByteSwap                                 0x08007151   Thumb Code    12  usb_regs.o(.text)
    Set_USBClock                             0x08007169   Thumb Code    18  hw_config.o(.text)
    Enter_LowPowerMode                       0x0800717b   Thumb Code     8  hw_config.o(.text)
    Leave_LowPowerMode                       0x08007183   Thumb Code    22  hw_config.o(.text)
    Interrupts_Config                        0x08007199   Thumb Code    78  hw_config.o(.text)
    GPIO_Config                              0x080071e7   Thumb Code    80  hw_config.o(.text)
    Led_RW_ON                                0x08007237   Thumb Code    12  hw_config.o(.text)
    Led_RW_OFF                               0x08007243   Thumb Code    12  hw_config.o(.text)
    USB_Configured_LED                       0x0800724f   Thumb Code    12  hw_config.o(.text)
    USB_NotConfigured_LED                    0x0800725b   Thumb Code    12  hw_config.o(.text)
    USB_Cable_Config                         0x08007267   Thumb Code    26  hw_config.o(.text)
    Get_SerialNum                            0x08007281   Thumb Code    62  hw_config.o(.text)
    MAL_Config                               0x080072bf   Thumb Code    10  hw_config.o(.text)
    MAL_Init                                 0x080072dd   Thumb Code     6  mass_mal.o(.text)
    MAL_Write                                0x080072e3   Thumb Code    62  mass_mal.o(.text)
    MAL_Read                                 0x08007321   Thumb Code    62  mass_mal.o(.text)
    MAL_GetStatus                            0x0800735f   Thumb Code   126  mass_mal.o(.text)
    Read_Memory                              0x080073f1   Thumb Code   232  memory.o(.text)
    Write_Memory                             0x080074d9   Thumb Code   260  memory.o(.text)
    Set_CSW                                  0x08007619   Thumb Code    54  usb_bot.o(.text)
    Mass_Storage_In                          0x0800764f   Thumb Code   100  usb_bot.o(.text)
    Bot_Abort                                0x080076b3   Thumb Code    64  usb_bot.o(.text)
    CBW_Decode                               0x080076f3   Thumb Code   676  usb_bot.o(.text)
    Mass_Storage_Out                         0x08007997   Thumb Code   170  usb_bot.o(.text)
    Transfer_Data_Request                    0x08007a41   Thumb Code    54  usb_bot.o(.text)
    EP1_IN_Callback                          0x08007a81   Thumb Code     8  usb_endp.o(.text)
    EP2_OUT_Callback                         0x08007a89   Thumb Code     8  usb_endp.o(.text)
    USB_Istr                                 0x08007a91   Thumb Code    62  usb_istr.o(.text)
    MASS_init                                0x08007ae1   Thumb Code    50  usb_prop.o(.text)
    MASS_Reset                               0x08007b13   Thumb Code   208  usb_prop.o(.text)
    Mass_Storage_SetConfiguration            0x08007be3   Thumb Code    36  usb_prop.o(.text)
    Mass_Storage_ClearFeature                0x08007c07   Thumb Code    20  usb_prop.o(.text)
    Mass_Storage_SetDeviceAddress            0x08007c1b   Thumb Code     8  usb_prop.o(.text)
    MASS_Status_In                           0x08007c23   Thumb Code     2  usb_prop.o(.text)
    MASS_Status_Out                          0x08007c25   Thumb Code     2  usb_prop.o(.text)
    Get_Max_Lun                              0x08007c27   Thumb Code    20  usb_prop.o(.text)
    MASS_Data_Setup                          0x08007c3b   Thumb Code    88  usb_prop.o(.text)
    MASS_NoData_Setup                        0x08007c93   Thumb Code    76  usb_prop.o(.text)
    MASS_Get_Interface_Setting               0x08007cdf   Thumb Code    22  usb_prop.o(.text)
    MASS_GetDeviceDescriptor                 0x08007cf5   Thumb Code    14  usb_prop.o(.text)
    MASS_GetConfigDescriptor                 0x08007d03   Thumb Code    14  usb_prop.o(.text)
    MASS_GetStringDescriptor                 0x08007d11   Thumb Code    32  usb_prop.o(.text)
    PowerOn                                  0x08007d69   Thumb Code    54  usb_pwr.o(.text)
    PowerOff                                 0x08007d9f   Thumb Code    28  usb_pwr.o(.text)
    Suspend                                  0x08007dbb   Thumb Code    34  usb_pwr.o(.text)
    Resume_Init                              0x08007ddd   Thumb Code    30  usb_pwr.o(.text)
    Resume                                   0x08007dfb   Thumb Code   168  usb_pwr.o(.text)
    SCSI_Inquiry_Cmd                         0x08007eb1   Thumb Code    54  usb_scsi.o(.text)
    Set_Scsi_Sense_Data                      0x08007ee7   Thumb Code     8  usb_scsi.o(.text)
    SCSI_ReadFormatCapacity_Cmd              0x08007eef   Thumb Code   120  usb_scsi.o(.text)
    SCSI_ReadCapacity10_Cmd                  0x08007f67   Thumb Code   138  usb_scsi.o(.text)
    SCSI_ModeSense6_Cmd                      0x08007ff1   Thumb Code    14  usb_scsi.o(.text)
    SCSI_ModeSense10_Cmd                     0x08007fff   Thumb Code    14  usb_scsi.o(.text)
    SCSI_RequestSense_Cmd                    0x0800800d   Thumb Code    30  usb_scsi.o(.text)
    SCSI_Start_Stop_Unit_Cmd                 0x0800802b   Thumb Code    14  usb_scsi.o(.text)
    SCSI_Address_Management                  0x08008039   Thumb Code   126  usb_scsi.o(.text)
    SCSI_Read10_Cmd                          0x080080b7   Thumb Code   110  usb_scsi.o(.text)
    SCSI_Write10_Cmd                         0x08008125   Thumb Code   110  usb_scsi.o(.text)
    SCSI_Verify10_Cmd                        0x08008193   Thumb Code    58  usb_scsi.o(.text)
    SCSI_Valid_Cmd                           0x080081cd   Thumb Code    48  usb_scsi.o(.text)
    SCSI_TestUnitReady_Cmd                   0x080081fd   Thumb Code    52  usb_scsi.o(.text)
    SCSI_Format_Cmd                          0x08008231   Thumb Code    44  usb_scsi.o(.text)
    SCSI_Invalid_Cmd                         0x0800825d   Thumb Code   112  usb_scsi.o(.text)
    disk_initialize                          0x080082cd   Thumb Code     6  diskio.o(.text)
    disk_status                              0x080082d3   Thumb Code     6  diskio.o(.text)
    disk_read                                0x080082d9   Thumb Code    92  diskio.o(.text)
    disk_write                               0x08008335   Thumb Code    32  diskio.o(.text)
    disk_ioctl                               0x08008355   Thumb Code     6  diskio.o(.text)
    get_fattime                              0x0800835b   Thumb Code     4  diskio.o(.text)
    open                                     0x08008365   Thumb Code    40  fatfs_posix.o(.text)
    close                                    0x0800838d   Thumb Code    22  fatfs_posix.o(.text)
    read                                     0x080083a3   Thumb Code    32  fatfs_posix.o(.text)
    write                                    0x080083c3   Thumb Code     6  fatfs_posix.o(.text)
    tell                                     0x080083c9   Thumb Code     8  fatfs_posix.o(.text)
    lseek                                    0x080083d1   Thumb Code    80  fatfs_posix.o(.text)
    get_file_size                            0x08008421   Thumb Code     8  fatfs_posix.o(.text)
    clust2sect                               0x08008589   Thumb Code    26  ff.o(.text)
    get_fat                                  0x080085a3   Thumb Code   208  ff.o(.text)
    put_fat                                  0x08008673   Thumb Code   262  ff.o(.text)
    gen_numname                              0x08008ba3   Thumb Code   190  ff.o(.text)
    f_mount                                  0x08009711   Thumb Code    38  ff.o(.text)
    f_open                                   0x08009737   Thumb Code   294  ff.o(.text)
    f_read                                   0x0800985d   Thumb Code   486  ff.o(.text)
    f_write                                  0x08009a43   Thumb Code   526  ff.o(.text)
    f_sync                                   0x08009c51   Thumb Code   142  ff.o(.text)
    f_close                                  0x08009cdf   Thumb Code    22  ff.o(.text)
    f_lseek                                  0x08009cf5   Thumb Code   432  ff.o(.text)
    f_opendir                                0x08009ea5   Thumb Code   102  ff.o(.text)
    f_readdir                                0x08009f0b   Thumb Code    92  ff.o(.text)
    f_stat                                   0x08009f67   Thumb Code    62  ff.o(.text)
    f_getfree                                0x08009fa5   Thumb Code   252  ff.o(.text)
    f_truncate                               0x0800a0a1   Thumb Code   156  ff.o(.text)
    f_unlink                                 0x0800a13d   Thumb Code   170  ff.o(.text)
    f_mkdir                                  0x0800a1e7   Thumb Code   336  ff.o(.text)
    f_chmod                                  0x0800a337   Thumb Code    88  ff.o(.text)
    f_utime                                  0x0800a38f   Thumb Code    78  ff.o(.text)
    f_rename                                 0x0800a3dd   Thumb Code   270  ff.o(.text)
    ff_convert                               0x0800a4f1   Thumb Code   116  cc936.o(.text)
    ff_wtoupper                              0x0800a565   Thumb Code    46  cc936.o(.text)
    __use_no_semihosting                     0x0800a5a5   Thumb Code     2  use_no_semi_2.o(.text)
    __2printf                                0x0800a5a9   Thumb Code    20  __2printf.o(.text)
    _printf_int_dec                          0x0800a5c1   Thumb Code   104  _printf_dec.o(.text)
    __printf                                 0x0800a639   Thumb Code   388  __printf_flags_ss_wp.o(.text)
    __aeabi_memcpy                           0x0800a7c1   Thumb Code     0  rt_memcpy_v6.o(.text)
    __rt_memcpy                              0x0800a7c1   Thumb Code   138  rt_memcpy_v6.o(.text)
    _memcpy_lastbytes                        0x0800a827   Thumb Code     0  rt_memcpy_v6.o(.text)
    __aeabi_memclr4                          0x0800a84b   Thumb Code     0  rt_memclr_w.o(.text)
    __aeabi_memclr8                          0x0800a84b   Thumb Code     0  rt_memclr_w.o(.text)
    __rt_memclr_w                            0x0800a84b   Thumb Code    78  rt_memclr_w.o(.text)
    _memset_w                                0x0800a84f   Thumb Code     0  rt_memclr_w.o(.text)
    __use_two_region_memory                  0x0800a899   Thumb Code     2  heapauxi.o(.text)
    __rt_heap_escrow$2region                 0x0800a89b   Thumb Code     2  heapauxi.o(.text)
    __rt_heap_expand$2region                 0x0800a89d   Thumb Code     2  heapauxi.o(.text)
    __I$use$semihosting                      0x0800a89f   Thumb Code     0  use_no_semi.o(.text)
    __use_no_semihosting_swi                 0x0800a89f   Thumb Code     2  use_no_semi.o(.text)
    _printf_int_common                       0x0800a8a1   Thumb Code   178  _printf_intcommon.o(.text)
    _printf_char_common                      0x0800a95f   Thumb Code    32  _printf_char_common.o(.text)
    _printf_char_file                        0x0800a985   Thumb Code    32  _printf_char_file.o(.text)
    __aeabi_memcpy4                          0x0800a9a9   Thumb Code     0  rt_memcpy_w.o(.text)
    __aeabi_memcpy8                          0x0800a9a9   Thumb Code     0  rt_memcpy_w.o(.text)
    __rt_memcpy_w                            0x0800a9a9   Thumb Code   100  rt_memcpy_w.o(.text)
    _memcpy_lastbytes_aligned                0x0800a9f1   Thumb Code     0  rt_memcpy_w.o(.text)
    ferror                                   0x0800aa0d   Thumb Code     8  ferror.o(.text)
    __user_setup_stackheap                   0x0800aa15   Thumb Code    74  sys_stackheap_outer.o(.text)
    exit                                     0x0800aa5f   Thumb Code    18  exit.o(.text)
    __user_libspace                          0x0800aa71   Thumb Code     8  libspace.o(.text)
    __user_perproc_libspace                  0x0800aa71   Thumb Code     0  libspace.o(.text)
    __user_perthread_libspace                0x0800aa71   Thumb Code     0  libspace.o(.text)
    _is_digit                                0x0800aa79   Thumb Code    14  __printf_wp.o(i._is_digit)
    MASS_DeviceDescriptor                    0x0800aa86   Data          18  usb_desc.o(.constdata)
    MASS_ConfigDescriptor                    0x0800aa98   Data          32  usb_desc.o(.constdata)
    MASS_StringLangID                        0x0800aab8   Data           4  usb_desc.o(.constdata)
    MASS_StringVendor                        0x0800aabc   Data          38  usb_desc.o(.constdata)
    MASS_StringProduct                       0x0800aae2   Data          38  usb_desc.o(.constdata)
    MASS_StringInterface                     0x0800ab08   Data          16  usb_desc.o(.constdata)
    Region$$Table$$Base                      0x08035800   Number         0  anon$$obj.o(Region$$Table)
    Region$$Table$$Limit                     0x08035820   Number         0  anon$$obj.o(Region$$Table)
    nTime                                    0x20000000   Data           2  stm32f10x_it.o(.data)
    nAsrStatus                               0x20000002   Data           1  ld3320_main.o(.data)
    sRecog                                   0x20000004   Data         120  ldchip.o(.data)
    nMp3Size                                 0x2000007c   Data           4  ldchip.o(.data)
    nMp3Pos                                  0x20000080   Data           4  ldchip.o(.data)
    nLD_Mode                                 0x20000084   Data           1  ldchip.o(.data)
    bMp3Play                                 0x20000085   Data           1  ldchip.o(.data)
    ucRegVal                                 0x20000086   Data           1  ldchip.o(.data)
    ucHighInt                                0x20000087   Data           1  ldchip.o(.data)
    ucLowInt                                 0x20000088   Data           1  ldchip.o(.data)
    __stdout                                 0x20000090   Data           4  usart.o(.data)
    USART_RX_STA                             0x20000094   Data           2  usart.o(.data)
    USART2_RX_STA                            0x20000096   Data           2  usart2.o(.data)
    SrcBuffer                                0x200000ac   Data           4  sdio_sdcard.o(.data)
    DestBuffer                               0x200000b0   Data           4  sdio_sdcard.o(.data)
    TransferError                            0x200000b4   Data           1  sdio_sdcard.o(.data)
    TransferEnd                              0x200000b8   Data           4  sdio_sdcard.o(.data)
    NumberOfBytes                            0x200000bc   Data           4  sdio_sdcard.o(.data)
    SystemCoreClock                          0x200000c0   Data           4  system_stm32f10x.o(.data)
    AHBPrescTable                            0x200000c4   Data          16  system_stm32f10x.o(.data)
    StatusInfo                               0x200000e8   Data           2  usb_core.o(.data)
    Data_Mul_MaxPacketSize                   0x200000ea   Data           1  usb_core.o(.data)
    EPindex                                  0x200000ec   Data           1  usb_init.o(.data)
    pInformation                             0x200000f0   Data           4  usb_init.o(.data)
    pProperty                                0x200000f4   Data           4  usb_init.o(.data)
    SaveState                                0x200000f8   Data           2  usb_init.o(.data)
    wInterrupt_Mask                          0x200000fa   Data           2  usb_init.o(.data)
    pUser_Standard_Requests                  0x200000fc   Data           4  usb_init.o(.data)
    SaveRState                               0x20000100   Data           2  usb_int.o(.data)
    SaveTState                               0x20000102   Data           2  usb_int.o(.data)
    Mass_Memory_Size                         0x20000104   Data           8  mass_mal.o(.data)
    Mass_Block_Size                          0x2000010c   Data           8  mass_mal.o(.data)
    Mass_Block_Count                         0x20000114   Data           8  mass_mal.o(.data)
    Status                                   0x2000011c   Data           4  mass_mal.o(.data)
    Block_Read_count                         0x20000120   Data           4  memory.o(.data)
    Block_offset                             0x20000124   Data           4  memory.o(.data)
    Counter                                  0x20000128   Data           4  memory.o(.data)
    Idx                                      0x2000012c   Data           4  memory.o(.data)
    TransferState                            0x20000130   Data           1  memory.o(.data)
    Page00_Inquiry_Data                      0x20000144   Data           5  scsi_data.o(.data)
    Standard_Inquiry_Data                    0x20000149   Data          36  scsi_data.o(.data)
    Standard_Inquiry_Data2                   0x2000016d   Data          36  scsi_data.o(.data)
    Mode_Sense6_data                         0x20000191   Data           4  scsi_data.o(.data)
    Mode_Sense10_data                        0x20000195   Data           8  scsi_data.o(.data)
    Scsi_Sense_Data                          0x2000019d   Data          18  scsi_data.o(.data)
    ReadCapacity10_Data                      0x200001af   Data           8  scsi_data.o(.data)
    ReadFormatCapacity_Data                  0x200001b7   Data          12  scsi_data.o(.data)
    Bot_State                                0x200001c4   Data           1  usb_bot.o(.data)
    Data_Len                                 0x200001c6   Data           2  usb_bot.o(.data)
    SCSI_LBA                                 0x200001c8   Data           4  usb_bot.o(.data)
    SCSI_BlkLen                              0x200001cc   Data           4  usb_bot.o(.data)
    MASS_StringSerial                        0x200001d0   Data          26  usb_desc.o(.data)
    wIstr                                    0x200001ec   Data           2  usb_istr.o(.data)
    bIntPackSOF                              0x200001ee   Data           1  usb_istr.o(.data)
    pEpInt_IN                                0x200001f0   Data          28  usb_istr.o(.data)
    pEpInt_OUT                               0x2000020c   Data          28  usb_istr.o(.data)
    Max_Lun                                  0x20000228   Data           4  usb_prop.o(.data)
    Device_Table                             0x2000022c   Data           2  usb_prop.o(.data)
    Device_Property                          0x20000230   Data          48  usb_prop.o(.data)
    User_Standard_Requests                   0x20000260   Data          36  usb_prop.o(.data)
    Device_Descriptor                        0x20000284   Data           8  usb_prop.o(.data)
    Config_Descriptor                        0x2000028c   Data           8  usb_prop.o(.data)
    String_Descriptor                        0x20000294   Data          40  usb_prop.o(.data)
    bDeviceState                             0x200002bc   Data           4  usb_pwr.o(.data)
    fSuspendEnabled                          0x200002c0   Data           1  usb_pwr.o(.data)
    ResumeS                                  0x200002c1   Data           2  usb_pwr.o(.data)
    fpPoint                                  0x200002c4   Data           4  ff.o(.data)
    USART_RX_BUF                             0x200002d0   Data         256  usart.o(.bss)
    USART2_RX_BUF                            0x200003d0   Data        1024  usart2.o(.bss)
    USART2_TX_BUF                            0x200007d0   Data        1024  usart2.o(.bss)
    SDCardInfo                               0x20000bf0   Data          80  sdio_sdcard.o(.bss)
    SDIO_InitStructure                       0x20000c40   Data          24  sdio_sdcard.o(.bss)
    SDIO_CmdInitStructure                    0x20000c58   Data          20  sdio_sdcard.o(.bss)
    SDIO_DataInitStructure                   0x20000c6c   Data          24  sdio_sdcard.o(.bss)
    Device_Info                              0x20000c84   Data          28  usb_init.o(.bss)
    Data_Buffer                              0x20000ca0   Data         512  memory.o(.bss)
    Bulk_Data_Buff                           0x20000ea0   Data          64  usb_bot.o(.bss)
    CBW                                      0x20000ee0   Data          32  usb_bot.o(.bss)
    CSW                                      0x20000f00   Data          16  usb_bot.o(.bss)
    dma_buffer                               0x20000f10   Data         512  diskio.o(.bss)
    __libspace_start                         0x20001534   Data          96  libspace.o(.bss)
    __temporary_stack_top$libspace           0x20001594   Data           0  libspace.o(.bss)



==============================================================================

Memory Map of the image

  Image Entry point : 0x08000131

  Load Region LR_IROM1 (Base: 0x08000000, Size: 0x00035af0, Max: 0x00080000, ABSOLUTE, COMPRESSED[0x00035928])

    Execution Region ER_IROM1 (Exec base: 0x08000000, Load base: 0x08000000, Size: 0x00035820, Max: 0x00080000, ABSOLUTE)

    Exec Addr    Load Addr    Size         Type   Attr      Idx    E Section Name        Object

    0x08000000   0x08000000   0x00000130   Data   RO          416    RESET               startup_stm32f10x_hd.o
    0x08000130   0x08000130   0x00000008   Code   RO          982  * !!!main             c_w.l(__main.o)
    0x08000138   0x08000138   0x00000034   Code   RO         1276    !!!scatter          c_w.l(__scatter.o)
    0x0800016c   0x0800016c   0x0000005a   Code   RO         1274    !!dczerorl2         c_w.l(__dczerorl2.o)
    0x080001c6   0x080001c6   0x00000002   PAD
    0x080001c8   0x080001c8   0x0000001c   Code   RO         1278    !!handler_zi        c_w.l(__scatter_zi.o)
    0x080001e4   0x080001e4   0x00000000   Code   RO          973    .ARM.Collect$$_printf_percent$$00000000  c_w.l(_printf_percent.o)
    0x080001e4   0x080001e4   0x00000006   Code   RO          972    .ARM.Collect$$_printf_percent$$00000009  c_w.l(_printf_d.o)
    0x080001ea   0x080001ea   0x00000004   Code   RO         1047    .ARM.Collect$$_printf_percent$$00000017  c_w.l(_printf_percent_end.o)
    0x080001ee   0x080001ee   0x00000002   Code   RO         1138    .ARM.Collect$$libinit$$00000000  c_w.l(libinit.o)
    0x080001f0   0x080001f0   0x00000000   Code   RO         1155    .ARM.Collect$$libinit$$00000002  c_w.l(libinit2.o)
    0x080001f0   0x080001f0   0x00000000   Code   RO         1157    .ARM.Collect$$libinit$$00000004  c_w.l(libinit2.o)
    0x080001f0   0x080001f0   0x00000000   Code   RO         1160    .ARM.Collect$$libinit$$0000000A  c_w.l(libinit2.o)
    0x080001f0   0x080001f0   0x00000000   Code   RO         1162    .ARM.Collect$$libinit$$0000000C  c_w.l(libinit2.o)
    0x080001f0   0x080001f0   0x00000000   Code   RO         1164    .ARM.Collect$$libinit$$0000000E  c_w.l(libinit2.o)
    0x080001f0   0x080001f0   0x00000000   Code   RO         1167    .ARM.Collect$$libinit$$00000011  c_w.l(libinit2.o)
    0x080001f0   0x080001f0   0x00000000   Code   RO         1169    .ARM.Collect$$libinit$$00000013  c_w.l(libinit2.o)
    0x080001f0   0x080001f0   0x00000000   Code   RO         1171    .ARM.Collect$$libinit$$00000015  c_w.l(libinit2.o)
    0x080001f0   0x080001f0   0x00000000   Code   RO         1173    .ARM.Collect$$libinit$$00000017  c_w.l(libinit2.o)
    0x080001f0   0x080001f0   0x00000000   Code   RO         1175    .ARM.Collect$$libinit$$00000019  c_w.l(libinit2.o)
    0x080001f0   0x080001f0   0x00000000   Code   RO         1177    .ARM.Collect$$libinit$$0000001B  c_w.l(libinit2.o)
    0x080001f0   0x080001f0   0x00000000   Code   RO         1179    .ARM.Collect$$libinit$$0000001D  c_w.l(libinit2.o)
    0x080001f0   0x080001f0   0x00000000   Code   RO         1181    .ARM.Collect$$libinit$$0000001F  c_w.l(libinit2.o)
    0x080001f0   0x080001f0   0x00000000   Code   RO         1183    .ARM.Collect$$libinit$$00000021  c_w.l(libinit2.o)
    0x080001f0   0x080001f0   0x00000000   Code   RO         1185    .ARM.Collect$$libinit$$00000023  c_w.l(libinit2.o)
    0x080001f0   0x080001f0   0x00000000   Code   RO         1187    .ARM.Collect$$libinit$$00000025  c_w.l(libinit2.o)
    0x080001f0   0x080001f0   0x00000000   Code   RO         1191    .ARM.Collect$$libinit$$0000002C  c_w.l(libinit2.o)
    0x080001f0   0x080001f0   0x00000000   Code   RO         1193    .ARM.Collect$$libinit$$0000002E  c_w.l(libinit2.o)
    0x080001f0   0x080001f0   0x00000000   Code   RO         1195    .ARM.Collect$$libinit$$00000030  c_w.l(libinit2.o)
    0x080001f0   0x080001f0   0x00000000   Code   RO         1197    .ARM.Collect$$libinit$$00000032  c_w.l(libinit2.o)
    0x080001f0   0x080001f0   0x00000002   Code   RO         1198    .ARM.Collect$$libinit$$00000033  c_w.l(libinit2.o)
    0x080001f2   0x080001f2   0x00000002   Code   RO         1216    .ARM.Collect$$libshutdown$$00000000  c_w.l(libshutdown.o)
    0x080001f4   0x080001f4   0x00000000   Code   RO         1226    .ARM.Collect$$libshutdown$$00000002  c_w.l(libshutdown2.o)
    0x080001f4   0x080001f4   0x00000000   Code   RO         1228    .ARM.Collect$$libshutdown$$00000004  c_w.l(libshutdown2.o)
    0x080001f4   0x080001f4   0x00000000   Code   RO         1231    .ARM.Collect$$libshutdown$$00000007  c_w.l(libshutdown2.o)
    0x080001f4   0x080001f4   0x00000000   Code   RO         1234    .ARM.Collect$$libshutdown$$0000000A  c_w.l(libshutdown2.o)
    0x080001f4   0x080001f4   0x00000000   Code   RO         1236    .ARM.Collect$$libshutdown$$0000000C  c_w.l(libshutdown2.o)
    0x080001f4   0x080001f4   0x00000000   Code   RO         1239    .ARM.Collect$$libshutdown$$0000000F  c_w.l(libshutdown2.o)
    0x080001f4   0x080001f4   0x00000002   Code   RO         1240    .ARM.Collect$$libshutdown$$00000010  c_w.l(libshutdown2.o)
    0x080001f6   0x080001f6   0x00000000   Code   RO          986    .ARM.Collect$$rtentry$$00000000  c_w.l(__rtentry.o)
    0x080001f6   0x080001f6   0x00000000   Code   RO         1062    .ARM.Collect$$rtentry$$00000002  c_w.l(__rtentry2.o)
    0x080001f6   0x080001f6   0x00000006   Code   RO         1074    .ARM.Collect$$rtentry$$00000004  c_w.l(__rtentry4.o)
    0x080001fc   0x080001fc   0x00000000   Code   RO         1064    .ARM.Collect$$rtentry$$00000009  c_w.l(__rtentry2.o)
    0x080001fc   0x080001fc   0x00000004   Code   RO         1065    .ARM.Collect$$rtentry$$0000000A  c_w.l(__rtentry2.o)
    0x08000200   0x08000200   0x00000000   Code   RO         1067    .ARM.Collect$$rtentry$$0000000C  c_w.l(__rtentry2.o)
    0x08000200   0x08000200   0x00000008   Code   RO         1068    .ARM.Collect$$rtentry$$0000000D  c_w.l(__rtentry2.o)
    0x08000208   0x08000208   0x00000002   Code   RO         1147    .ARM.Collect$$rtexit$$00000000  c_w.l(rtexit.o)
    0x0800020a   0x0800020a   0x00000000   Code   RO         1200    .ARM.Collect$$rtexit$$00000002  c_w.l(rtexit2.o)
    0x0800020a   0x0800020a   0x00000004   Code   RO         1201    .ARM.Collect$$rtexit$$00000003  c_w.l(rtexit2.o)
    0x0800020e   0x0800020e   0x00000006   Code   RO         1202    .ARM.Collect$$rtexit$$00000004  c_w.l(rtexit2.o)
    0x08000214   0x08000214   0x00000154   Code   RO            1    .text               main.o
    0x08000368   0x08000368   0x00000148   Code   RO          161    .text               stm32f10x_it.o
    0x080004b0   0x080004b0   0x000004a8   Code   RO          180    .text               ld3320_main.o
    0x08000958   0x08000958   0x0000068c   Code   RO          195    .text               ldchip.o
    0x08000fe4   0x08000fe4   0x000000ac   Code   RO          215    .text               reg_rw.o
    0x08001090   0x08001090   0x000000d4   Code   RO          227    .text               usart.o
    0x08001164   0x08001164   0x000000b4   Code   RO          276    .text               delay.o
    0x08001218   0x08001218   0x000022a0   Code   RO          332    .text               sdio_sdcard.o
    0x080034b8   0x080034b8   0x000000fc   Code   RO          348    .text               ledtest.o
    0x080035b4   0x080035b4   0x000001e0   Code   RO          383    .text               system_stm32f10x.o
    0x08003794   0x08003794   0x00000040   Code   RO          417    .text               startup_stm32f10x_hd.o
    0x080037d4   0x080037d4   0x000000dc   Code   RO          421    .text               misc.o
    0x080038b0   0x080038b0   0x00000408   Code   RO          433    .text               stm32f10x_usart.o
    0x08003cb8   0x08003cb8   0x00000e1a   Code   RO          445    .text               stm32f10x_tim.o
    0x08004ad2   0x08004ad2   0x00000002   PAD
    0x08004ad4   0x08004ad4   0x000001d4   Code   RO          457    .text               stm32f10x_sdio.o
    0x08004ca8   0x08004ca8   0x0000011c   Code   RO          469    .text               stm32f10x_exti.o
    0x08004dc4   0x08004dc4   0x0000035c   Code   RO          481    .text               stm32f10x_gpio.o
    0x08005120   0x08005120   0x000003a4   Code   RO          508    .text               stm32f10x_rcc.o
    0x080054c4   0x080054c4   0x0000030c   Code   RO          522    .text               stm32f10x_spi.o
    0x080057d0   0x080057d0   0x00000254   Code   RO          534    .text               stm32f10x_dma.o
    0x08005a24   0x08005a24   0x00000b20   Code   RO          546    .text               usb_core.o
    0x08006544   0x08006544   0x0000003c   Code   RO          564    .text               usb_init.o
    0x08006580   0x08006580   0x000003d4   Code   RO          587    .text               usb_int.o
    0x08006954   0x08006954   0x0000005c   Code   RO          611    .text               usb_mem.o
    0x080069b0   0x080069b0   0x000007b8   Code   RO          623    .text               usb_regs.o
    0x08007168   0x08007168   0x00000174   Code   RO          635    .text               hw_config.o
    0x080072dc   0x080072dc   0x00000114   Code   RO          657    .text               mass_mal.o
    0x080073f0   0x080073f0   0x00000228   Code   RO          680    .text               memory.o
    0x08007618   0x08007618   0x00000468   Code   RO          734    .text               usb_bot.o
    0x08007a80   0x08007a80   0x00000010   Code   RO          764    .text               usb_endp.o
    0x08007a90   0x08007a90   0x00000050   Code   RO          779    .text               usb_istr.o
    0x08007ae0   0x08007ae0   0x00000288   Code   RO          797    .text               usb_prop.o
    0x08007d68   0x08007d68   0x00000148   Code   RO          824    .text               usb_pwr.o
    0x08007eb0   0x08007eb0   0x0000041c   Code   RO          842    .text               usb_scsi.o
    0x080082cc   0x080082cc   0x00000098   Code   RO          855    .text               diskio.o
    0x08008364   0x08008364   0x000000c8   Code   RO          873    .text               fatfs_posix.o
    0x0800842c   0x0800842c   0x000020c4   Code   RO          894    .text               ff.o
    0x0800a4f0   0x0800a4f0   0x000000b4   Code   RO          914    .text               cc936.o
    0x0800a5a4   0x0800a5a4   0x00000002   Code   RO          940    .text               c_w.l(use_no_semi_2.o)
    0x0800a5a6   0x0800a5a6   0x00000002   PAD
    0x0800a5a8   0x0800a5a8   0x00000018   Code   RO          944    .text               c_w.l(__2printf.o)
    0x0800a5c0   0x0800a5c0   0x00000078   Code   RO          950    .text               c_w.l(_printf_dec.o)
    0x0800a638   0x0800a638   0x00000188   Code   RO          969    .text               c_w.l(__printf_flags_ss_wp.o)
    0x0800a7c0   0x0800a7c0   0x0000008a   Code   RO          976    .text               c_w.l(rt_memcpy_v6.o)
    0x0800a84a   0x0800a84a   0x0000004e   Code   RO          978    .text               c_w.l(rt_memclr_w.o)
    0x0800a898   0x0800a898   0x00000006   Code   RO          980    .text               c_w.l(heapauxi.o)
    0x0800a89e   0x0800a89e   0x00000002   Code   RO          984    .text               c_w.l(use_no_semi.o)
    0x0800a8a0   0x0800a8a0   0x000000b2   Code   RO          993    .text               c_w.l(_printf_intcommon.o)
    0x0800a952   0x0800a952   0x00000002   PAD
    0x0800a954   0x0800a954   0x00000030   Code   RO          997    .text               c_w.l(_printf_char_common.o)
    0x0800a984   0x0800a984   0x00000024   Code   RO         1001    .text               c_w.l(_printf_char_file.o)
    0x0800a9a8   0x0800a9a8   0x00000064   Code   RO         1057    .text               c_w.l(rt_memcpy_w.o)
    0x0800aa0c   0x0800aa0c   0x00000008   Code   RO         1086    .text               c_w.l(ferror.o)
    0x0800aa14   0x0800aa14   0x0000004a   Code   RO         1092    .text               c_w.l(sys_stackheap_outer.o)
    0x0800aa5e   0x0800aa5e   0x00000012   Code   RO         1131    .text               c_w.l(exit.o)
    0x0800aa70   0x0800aa70   0x00000008   Code   RO         1144    .text               c_w.l(libspace.o)
    0x0800aa78   0x0800aa78   0x0000000e   Code   RO          962    i._is_digit         c_w.l(__printf_wp.o)
    0x0800aa86   0x0800aa86   0x00000092   Data   RO          751    .constdata          usb_desc.o
    0x0800ab18   0x0800ab18   0x0000000d   Data   RO          896    .constdata          ff.o
    0x0800ab25   0x0800ab25   0x00000001   PAD
    0x0800ab26   0x0800ab26   0x0002acc8   Data   RO          915    .constdata          cc936.o
    0x080357ee   0x080357ee   0x00000011   Data   RO          970    .constdata          c_w.l(__printf_flags_ss_wp.o)
    0x080357ff   0x080357ff   0x00000001   PAD
    0x08035800   0x08035800   0x00000020   Data   RO         1272    Region$$Table       anon$$obj.o


    Execution Region RW_IRAM1 (Exec base: 0x20000000, Load base: 0x08035820, Size: 0x00001b98, Max: 0x00010000, ABSOLUTE, COMPRESSED[0x00000108])

    Exec Addr    Load Addr    Size         Type   Attr      Idx    E Section Name        Object

    0x20000000   COMPRESSED   0x00000002   Data   RW          162    .data               stm32f10x_it.o
    0x20000002   COMPRESSED   0x00000001   Data   RW          181    .data               ld3320_main.o
    0x20000003   COMPRESSED   0x00000001   PAD
    0x20000004   COMPRESSED   0x0000008c   Data   RW          196    .data               ldchip.o
    0x20000090   COMPRESSED   0x00000006   Data   RW          229    .data               usart.o
    0x20000096   COMPRESSED   0x00000002   Data   RW          252    .data               usart2.o
    0x20000098   COMPRESSED   0x00000028   Data   RW          334    .data               sdio_sdcard.o
    0x200000c0   COMPRESSED   0x00000014   Data   RW          384    .data               system_stm32f10x.o
    0x200000d4   COMPRESSED   0x00000014   Data   RW          509    .data               stm32f10x_rcc.o
    0x200000e8   COMPRESSED   0x00000003   Data   RW          547    .data               usb_core.o
    0x200000eb   COMPRESSED   0x00000001   PAD
    0x200000ec   COMPRESSED   0x00000014   Data   RW          566    .data               usb_init.o
    0x20000100   COMPRESSED   0x00000004   Data   RW          588    .data               usb_int.o
    0x20000104   COMPRESSED   0x0000001c   Data   RW          658    .data               mass_mal.o
    0x20000120   COMPRESSED   0x00000024   Data   RW          682    .data               memory.o
    0x20000144   COMPRESSED   0x0000007f   Data   RW          722    .data               scsi_data.o
    0x200001c3   COMPRESSED   0x00000001   PAD
    0x200001c4   COMPRESSED   0x0000000c   Data   RW          736    .data               usb_bot.o
    0x200001d0   COMPRESSED   0x0000001a   Data   RW          752    .data               usb_desc.o
    0x200001ea   COMPRESSED   0x00000002   PAD
    0x200001ec   COMPRESSED   0x0000003c   Data   RW          780    .data               usb_istr.o
    0x20000228   COMPRESSED   0x00000094   Data   RW          798    .data               usb_prop.o
    0x200002bc   COMPRESSED   0x00000007   Data   RW          825    .data               usb_pwr.o
    0x200002c3   COMPRESSED   0x00000001   PAD
    0x200002c4   COMPRESSED   0x0000000a   Data   RW          897    .data               ff.o
    0x200002ce   COMPRESSED   0x00000002   PAD
    0x200002d0        -       0x00000100   Zero   RW          228    .bss                usart.o
    0x200003d0        -       0x00000800   Zero   RW          251    .bss                usart2.o
    0x20000bd0        -       0x000000b4   Zero   RW          333    .bss                sdio_sdcard.o
    0x20000c84        -       0x0000001c   Zero   RW          565    .bss                usb_init.o
    0x20000ca0        -       0x00000200   Zero   RW          681    .bss                memory.o
    0x20000ea0        -       0x00000070   Zero   RW          735    .bss                usb_bot.o
    0x20000f10        -       0x00000200   Zero   RW          856    .bss                diskio.o
    0x20001110        -       0x00000224   Zero   RW          874    .bss                fatfs_posix.o
    0x20001334        -       0x00000200   Zero   RW          895    .bss                ff.o
    0x20001534        -       0x00000060   Zero   RW         1145    .bss                c_w.l(libspace.o)
    0x20001594   COMPRESSED   0x00000004   PAD
    0x20001598        -       0x00000200   Zero   RW          415    HEAP                startup_stm32f10x_hd.o
    0x20001798        -       0x00000400   Zero   RW          414    STACK               startup_stm32f10x_hd.o


==============================================================================

Image component sizes


      Code (inc. data)   RO Data    RW Data    ZI Data      Debug   Object Name

       180         18     175304          0          0       2205   cc936.o
         0          0          0          0          0         32   core_cm3.o
       180         22          0          0          0      16372   delay.o
       152          6          0          0        512       2975   diskio.o
       200          4          0          0        548       2709   fatfs_posix.o
      8388         78         13         10        512      27146   ff.o
       372         20          0          0          0       2711   hw_config.o
      1192        286          0          1          0       2400   ld3320_main.o
      1676         66          0        140          0       4486   ldchip.o
       252         14          0          0          0       1224   ledtest.o
       340        186          0          0          0     316884   main.o
       276         20          0         28          0       2700   mass_mal.o
       552         60          0         36        512       3294   memory.o
       220         22          0          0          0       1885   misc.o
       172          8          0          0          0        981   reg_rw.o
         0          0          0        127          0       1030   scsi_data.o
      8864        378          0         40        180      21001   sdio_sdcard.o
        64         26        304          0       1536        888   startup_stm32f10x_hd.o
       596          8          0          0          0       4450   stm32f10x_dma.o
       284         10          0          0          0       2347   stm32f10x_exti.o
       860         38          0          0          0       5817   stm32f10x_gpio.o
       328         32          0          2          0       2740   stm32f10x_it.o
       932         36          0         20          0       9008   stm32f10x_rcc.o
       468         22          0          0          0       7200   stm32f10x_sdio.o
       780         14          0          0          0       6702   stm32f10x_spi.o
      3610         88          0          0          0      22932   stm32f10x_tim.o
      1032         22          0          0          0       8544   stm32f10x_usart.o
       480         38          0         20          0       2011   system_stm32f10x.o
       212          8          0          6        256       3033   usart.o
         0          0          0          2       2048        676   usart2.o
      1128         62          0         12        112       2805   usb_bot.o
      2848        112          0          3          0       8183   usb_core.o
         0          0        146         26          0        936   usb_desc.o
        16          0          0          0          0        575   usb_endp.o
        60         24          0         20         28       4170   usb_init.o
       980         32          0          4          0       1872   usb_int.o
        80         18          0         60          0       1288   usb_istr.o
        92          6          0          0          0       1466   usb_mem.o
       648         56          0        148          0       7080   usb_prop.o
       328         22          0          7          0       2637   usb_pwr.o
      1976         26          0          0          0      11969   usb_regs.o
      1052         48          0          0          0       4998   usb_scsi.o

    ----------------------------------------------------------------------
     41872       1936     175800        720       6244     534362   Object Totals
         0          0         32          0          0          0   (incl. Generated)
         2          0          1          8          0          0   (incl. Padding)

    ----------------------------------------------------------------------

      Code (inc. data)   RO Data    RW Data    ZI Data      Debug   Library Member Name

        24          4          0          0          0         84   __2printf.o
        90          0          0          0          0          0   __dczerorl2.o
         8          0          0          0          0         68   __main.o
       392          4         17          0          0         92   __printf_flags_ss_wp.o
        14          0          0          0          0         68   __printf_wp.o
         0          0          0          0          0          0   __rtentry.o
        12          0          0          0          0          0   __rtentry2.o
         6          0          0          0          0          0   __rtentry4.o
        52          8          0          0          0          0   __scatter.o
        28          0          0          0          0          0   __scatter_zi.o
        48          6          0          0          0         96   _printf_char_common.o
        36          4          0          0          0         80   _printf_char_file.o
         6          0          0          0          0          0   _printf_d.o
       120         16          0          0          0         92   _printf_dec.o
       178          0          0          0          0         88   _printf_intcommon.o
         0          0          0          0          0          0   _printf_percent.o
         4          0          0          0          0          0   _printf_percent_end.o
        18          0          0          0          0         80   exit.o
         8          0          0          0          0         68   ferror.o
         6          0          0          0          0        152   heapauxi.o
         2          0          0          0          0          0   libinit.o
         2          0          0          0          0          0   libinit2.o
         2          0          0          0          0          0   libshutdown.o
         2          0          0          0          0          0   libshutdown2.o
         8          4          0          0         96         68   libspace.o
        78          0          0          0          0         80   rt_memclr_w.o
       138          0          0          0          0         68   rt_memcpy_v6.o
       100          0          0          0          0         80   rt_memcpy_w.o
         2          0          0          0          0          0   rtexit.o
        10          0          0          0          0          0   rtexit2.o
        74          0          0          0          0         80   sys_stackheap_outer.o
         2          0          0          0          0         68   use_no_semi.o
         2          0          0          0          0         68   use_no_semi_2.o

    ----------------------------------------------------------------------
      1478         46         18          0        100       1480   Library Totals
         6          0          1          0          4          0   (incl. Padding)

    ----------------------------------------------------------------------

      Code (inc. data)   RO Data    RW Data    ZI Data      Debug   Library Name

      1472         46         17          0         96       1480   c_w.l

    ----------------------------------------------------------------------
      1478         46         18          0        100       1480   Library Totals

    ----------------------------------------------------------------------

==============================================================================


      Code (inc. data)   RO Data    RW Data    ZI Data      Debug   

     43350       1982     175818        720       6344     531262   Grand Totals
     43350       1982     175818        264       6344     531262   ELF Image Totals (compressed)
     43350       1982     175818        264          0          0   ROM Totals

==============================================================================

    Total RO  Size (Code + RO Data)               219168 ( 214.03kB)
    Total RW  Size (RW Data + ZI Data)              7064 (   6.90kB)
    Total ROM Size (Code + RO Data + RW Data)     219432 ( 214.29kB)

==============================================================================

