Component: ARM Compiler 5.06 update 6 (build 750) Tool: armlink [4d35ed]

==============================================================================

Section Cross References

    main.o(.text) refers to _printf_percent.o(.ARM.Collect$$_printf_percent$$00000000) for _printf_percent
    main.o(.text) refers to _printf_d.o(.ARM.Collect$$_printf_percent$$00000009) for _printf_d
    main.o(.text) refers to _printf_dec.o(.text) for _printf_int_dec
    main.o(.text) refers to __2printf.o(.text) for __2printf
    main.o(.text) refers to ledtest.o(.text) for Glide_LED
    main.o(.text) refers to stm32f10x_gpio.o(.text) for GPIO_ResetBits
    main.o(.text) refers to delay.o(.text) for SYSTICK_Init
    main.o(.text) refers to usart.o(.text) for USART1_Config
    main.o(.text) refers to usart2.o(.text) for USART2_Config
    main.o(.text) refers to ld3320_main.o(.text) for LD3320_Init
    main.o(.text) refers to relay.o(.text) for Relay_GPIO_Config
    main.o(.text) refers to oled.o(.text) for OLED_Init
    main.o(.text) refers to timer3.o(.text) for TIM3_Int_Init
    main.o(.text) refers to ldchip.o(.text) for LD_GetResult
    main.o(.text) refers to esp8266.o(.text) for ESP8266_Ping
    main.o(.text) refers to mqtt.o(.text) for Mqtt_Connect
    main.o(.text) refers to handle.o(.text) for Upload_Handle
    main.o(.text) refers to main.o(.data) for BMP1
    main.o(.text) refers to ldchip.o(.data) for bMp3Play
    main.o(.text) refers to mqtt.o(.bss) for Mqtt
    stm32f10x_it.o(.text) refers to sdio_sdcard.o(.text) for SD_ProcessIRQSrc
    stm32f10x_it.o(.text) refers to stm32f10x_exti.o(.text) for EXTI_GetITStatus
    stm32f10x_it.o(.text) refers to ldchip.o(.text) for ProcessInt0
    stm32f10x_it.o(.text) refers to usb_int.o(.text) for CTR_HP
    stm32f10x_it.o(.text) refers to usb_istr.o(.text) for USB_Istr
    stm32f10x_it.o(.text) refers to stm32f10x_tim.o(.text) for TIM_Cmd
    stm32f10x_it.o(.text) refers to esp8266.o(.text) for ESP8266_Ping
    stm32f10x_it.o(.text) refers to mqtt.o(.text) for Mqtt_Ping
    stm32f10x_it.o(.text) refers to handle.o(.text) for TimeForUpload
    stm32f10x_it.o(.text) refers to stm32f10x_it.o(.data) for nTime
    stm32f10x_it.o(.text) refers to usart2.o(.data) for USART2_RX_STA
    ld3320_main.o(.text) refers to stm32f10x_gpio.o(.text) for GPIO_ReadInputDataBit
    ld3320_main.o(.text) refers to hw_config.o(.text) for GPIO_Config
    ld3320_main.o(.text) refers to usb_init.o(.text) for USB_Init
    ld3320_main.o(.text) refers to stm32f10x_exti.o(.text) for EXTI_DeInit
    ld3320_main.o(.text) refers to stm32f10x_rcc.o(.text) for RCC_APB1PeriphClockCmd
    ld3320_main.o(.text) refers to stm32f10x_spi.o(.text) for SPI_Cmd
    ld3320_main.o(.text) refers to misc.o(.text) for NVIC_Init
    ld3320_main.o(.text) refers to ldchip.o(.text) for LD_reset
    ld3320_main.o(.text) refers to delay.o(.text) for delay_ms
    ld3320_main.o(.text) refers to usb_pwr.o(.data) for bDeviceState
    ldchip.o(.text) refers to stm32f10x_gpio.o(.text) for GPIO_SetBits
    ldchip.o(.text) refers to delay.o(.text) for delay_ms
    ldchip.o(.text) refers to reg_rw.o(.text) for LD_ReadReg
    ldchip.o(.text) refers to fatfs_posix.o(.text) for read
    ldchip.o(.text) refers to ldchip.o(.data) for nLD_Mode
    ldchip.o(.text) refers to main.o(.data) for nAsrStatus
    reg_rw.o(.text) refers to stm32f10x_spi.o(.text) for SPI_I2S_GetFlagStatus
    reg_rw.o(.text) refers to stm32f10x_gpio.o(.text) for GPIO_ResetBits
    usart.o(.text) refers (Special) to use_no_semi_2.o(.text) for __use_no_semihosting
    usart.o(.text) refers to misc.o(.text) for NVIC_PriorityGroupConfig
    usart.o(.text) refers to stm32f10x_rcc.o(.text) for RCC_APB2PeriphClockCmd
    usart.o(.text) refers to stm32f10x_usart.o(.text) for USART_DeInit
    usart.o(.text) refers to stm32f10x_gpio.o(.text) for GPIO_Init
    usart.o(.text) refers to usart.o(.data) for USART_RX_STA
    usart.o(.text) refers to usart.o(.bss) for USART_RX_BUF
    usart.o(.bss) refers (Special) to use_no_semi_2.o(.text) for __use_no_semihosting
    usart.o(.data) refers (Special) to use_no_semi_2.o(.text) for __use_no_semihosting
    usart2.o(.text) refers to misc.o(.text) for NVIC_PriorityGroupConfig
    usart2.o(.text) refers to stm32f10x_rcc.o(.text) for RCC_APB2PeriphClockCmd
    usart2.o(.text) refers to stm32f10x_usart.o(.text) for USART_DeInit
    usart2.o(.text) refers to stm32f10x_gpio.o(.text) for GPIO_Init
    usart2.o(.text) refers to dma.o(.text) for MYDMA_Config
    usart2.o(.text) refers to timer.o(.text) for TIM2_Config
    usart2.o(.text) refers to stm32f10x_tim.o(.text) for TIM_SetCounter
    usart2.o(.text) refers to c89vsprintf.o(.text) for __c89vsprintf
    usart2.o(.text) refers to strlen.o(.text) for strlen
    usart2.o(.text) refers to usart2.o(.bss) for USART2_TX_BUF
    usart2.o(.text) refers to usart2.o(.data) for USART2_RX_STA
    delay.o(.text) refers to system_stm32f10x.o(.data) for SystemCoreClock
[...]
    MAL_Read                                 0x0800a431   Thumb Code    62  mass_mal.o(.text)
    MAL_GetStatus                            0x0800a46f   Thumb Code   126  mass_mal.o(.text)
    Read_Memory                              0x0800a501   Thumb Code   232  memory.o(.text)
    Write_Memory                             0x0800a5e9   Thumb Code   260  memory.o(.text)
    Set_CSW                                  0x0800a729   Thumb Code    54  usb_bot.o(.text)
    Mass_Storage_In                          0x0800a75f   Thumb Code   100  usb_bot.o(.text)
    Bot_Abort                                0x0800a7c3   Thumb Code    64  usb_bot.o(.text)
    CBW_Decode                               0x0800a803   Thumb Code   676  usb_bot.o(.text)
    Mass_Storage_Out                         0x0800aaa7   Thumb Code   170  usb_bot.o(.text)
    Transfer_Data_Request                    0x0800ab51   Thumb Code    54  usb_bot.o(.text)
    EP1_IN_Callback                          0x0800ab91   Thumb Code     8  usb_endp.o(.text)
    EP2_OUT_Callback                         0x0800ab99   Thumb Code     8  usb_endp.o(.text)
    USB_Istr                                 0x0800aba1   Thumb Code    62  usb_istr.o(.text)
    MASS_init                                0x0800abf1   Thumb Code    50  usb_prop.o(.text)
    MASS_Reset                               0x0800ac23   Thumb Code   208  usb_prop.o(.text)
    Mass_Storage_SetConfiguration            0x0800acf3   Thumb Code    36  usb_prop.o(.text)
    Mass_Storage_ClearFeature                0x0800ad17   Thumb Code    20  usb_prop.o(.text)
    Mass_Storage_SetDeviceAddress            0x0800ad2b   Thumb Code     8  usb_prop.o(.text)
    MASS_Status_In                           0x0800ad33   Thumb Code     2  usb_prop.o(.text)
    MASS_Status_Out                          0x0800ad35   Thumb Code     2  usb_prop.o(.text)
    Get_Max_Lun                              0x0800ad37   Thumb Code    20  usb_prop.o(.text)
    MASS_Data_Setup                          0x0800ad4b   Thumb Code    88  usb_prop.o(.text)
    MASS_NoData_Setup                        0x0800ada3   Thumb Code    76  usb_prop.o(.text)
    MASS_Get_Interface_Setting               0x0800adef   Thumb Code    22  usb_prop.o(.text)
    MASS_GetDeviceDescriptor                 0x0800ae05   Thumb Code    14  usb_prop.o(.text)
    MASS_GetConfigDescriptor                 0x0800ae13   Thumb Code    14  usb_prop.o(.text)
    MASS_GetStringDescriptor                 0x0800ae21   Thumb Code    32  usb_prop.o(.text)
    PowerOn                                  0x0800ae79   Thumb Code    54  usb_pwr.o(.text)
    PowerOff                                 0x0800aeaf   Thumb Code    28  usb_pwr.o(.text)
    Suspend                                  0x0800aecb   Thumb Code    34  usb_pwr.o(.text)
    Resume_Init                              0x0800aeed   Thumb Code    30  usb_pwr.o(.text)
    Resume                                   0x0800af0b   Thumb Code   168  usb_pwr.o(.text)
    SCSI_Inquiry_Cmd                         0x0800afc1   Thumb Code    54  usb_scsi.o(.text)
    Set_Scsi_Sense_Data                      0x0800aff7   Thumb Code     8  usb_scsi.o(.text)
    SCSI_ReadFormatCapacity_Cmd              0x0800afff   Thumb Code   120  usb_scsi.o(.text)
    SCSI_ReadCapacity10_Cmd                  0x0800b077   Thumb Code   138  usb_scsi.o(.text)
    SCSI_ModeSense6_Cmd                      0x0800b101   Thumb Code    14  usb_scsi.o(.text)
    SCSI_ModeSense10_Cmd                     0x0800b10f   Thumb Code    14  usb_scsi.o(.text)
    SCSI_RequestSense_Cmd                    0x0800b11d   Thumb Code    30  usb_scsi.o(.text)
    SCSI_Start_Stop_Unit_Cmd                 0x0800b13b   Thumb Code    14  usb_scsi.o(.text)
    SCSI_Address_Management                  0x0800b149   Thumb Code   126  usb_scsi.o(.text)
    SCSI_Read10_Cmd                          0x0800b1c7   Thumb Code   110  usb_scsi.o(.text)
    SCSI_Write10_Cmd                         0x0800b235   Thumb Code   110  usb_scsi.o(.text)
    SCSI_Verify10_Cmd                        0x0800b2a3   Thumb Code    58  usb_scsi.o(.text)
    SCSI_Valid_Cmd                           0x0800b2dd   Thumb Code    48  usb_scsi.o(.text)
    SCSI_TestUnitReady_Cmd                   0x0800b30d   Thumb Code    52  usb_scsi.o(.text)
    SCSI_Format_Cmd                          0x0800b341   Thumb Code    44  usb_scsi.o(.text)
    SCSI_Invalid_Cmd                         0x0800b36d   Thumb Code   112  usb_scsi.o(.text)
    disk_initialize                          0x0800b3dd   Thumb Code     6  diskio.o(.text)
    disk_status                              0x0800b3e3   Thumb Code     6  diskio.o(.text)
    disk_read                                0x0800b3e9   Thumb Code    92  diskio.o(.text)
    disk_write                               0x0800b445   Thumb Code    32  diskio.o(.text)
    disk_ioctl                               0x0800b465   Thumb Code     6  diskio.o(.text)
    get_fattime                              0x0800b46b   Thumb Code     4  diskio.o(.text)
    open                                     0x0800b475   Thumb Code    40  fatfs_posix.o(.text)
    close                                    0x0800b49d   Thumb Code    22  fatfs_posix.o(.text)
    read                                     0x0800b4b3   Thumb Code    32  fatfs_posix.o(.text)
    write                                    0x0800b4d3   Thumb Code     6  fatfs_posix.o(.text)
    tell                                     0x0800b4d9   Thumb Code     8  fatfs_posix.o(.text)
    lseek                                    0x0800b4e1   Thumb Code    80  fatfs_posix.o(.text)
    get_file_size                            0x0800b531   Thumb Code     8  fatfs_posix.o(.text)
    clust2sect                               0x0800b699   Thumb Code    26  ff.o(.text)
    get_fat                                  0x0800b6b3   Thumb Code   208  ff.o(.text)
    put_fat                                  0x0800b783   Thumb Code   262  ff.o(.text)
    gen_numname                              0x0800bcb3   Thumb Code   190  ff.o(.text)
    f_mount                                  0x0800c821   Thumb Code    38  ff.o(.text)
    f_open                                   0x0800c847   Thumb Code   294  ff.o(.text)
    f_read                                   0x0800c96d   Thumb Code   486  ff.o(.text)
    f_write                                  0x0800cb53   Thumb Code   526  ff.o(.text)
    f_sync                                   0x0800cd61   Thumb Code   142  ff.o(.text)
    f_close                                  0x0800cdef   Thumb Code    22  ff.o(.text)
    f_lseek                                  0x0800ce05   Thumb Code   432  ff.o(.text)
    f_opendir                                0x0800cfb5   Thumb Code   102  ff.o(.text)
    f_readdir                                0x0800d01b   Thumb Code    92  ff.o(.text)
    f_stat                                   0x0800d077   Thumb Code    62  ff.o(.text)
    f_getfree                                0x0800d0b5   Thumb Code   252  ff.o(.text)
    f_truncate                               0x0800d1b1   Thumb Code   156  ff.o(.text)
    f_unlink                                 0x0800d24d   Thumb Code   170  ff.o(.text)
    f_mkdir                                  0x0800d2f7   Thumb Code   336  ff.o(.text)
    f_chmod                                  0x0800d447   Thumb Code    88  ff.o(.text)
    f_utime                                  0x0800d49f   Thumb Code    78  ff.o(.text)
    f_rename                                 0x0800d4ed   Thumb Code   270  ff.o(.text)
    ff_convert                               0x0800d601   Thumb Code   116  cc936.o(.text)
    ff_wtoupper                              0x0800d675   Thumb Code    46  cc936.o(.text)
    MQTTSerialize_connectLength              0x0800d6b5   Thumb Code   118  mqttconnectclient.o(.text)
    MQTTSerialize_connect                    0x0800d72b   Thumb Code   342  mqttconnectclient.o(.text)
    MQTTDeserialize_connack                  0x0800d881   Thumb Code   118  mqttconnectclient.o(.text)
    MQTTSerialize_zero                       0x0800d8f7   Thumb Code    76  mqttconnectclient.o(.text)
    MQTTSerialize_disconnect                 0x0800d943   Thumb Code    18  mqttconnectclient.o(.text)
    MQTTSerialize_pingreq                    0x0800d955   Thumb Code    18  mqttconnectclient.o(.text)
    MQTTDeserialize_publish                  0x0800d979   Thumb Code   168  mqttdeserializepublish.o(.text)
    MQTTDeserialize_ack                      0x0800da21   Thumb Code   108  mqttdeserializepublish.o(.text)
    MQTTPacket_encode                        0x0800da8d   Thumb Code    54  mqttpacket.o(.text)
    MQTTPacket_decode                        0x0800dac3   Thumb Code    88  mqttpacket.o(.text)
    MQTTPacket_len                           0x0800db1b   Thumb Code    34  mqttpacket.o(.text)
    bufchar                                  0x0800db3d   Thumb Code    36  mqttpacket.o(.text)
    MQTTPacket_decodeBuf                     0x0800db61   Thumb Code    22  mqttpacket.o(.text)
    readInt                                  0x0800db77   Thumb Code    26  mqttpacket.o(.text)
    readChar                                 0x0800db91   Thumb Code    14  mqttpacket.o(.text)
    writeChar                                0x0800db9f   Thumb Code    12  mqttpacket.o(.text)
    writeInt                                 0x0800dbab   Thumb Code    48  mqttpacket.o(.text)
    writeCString                             0x0800dbdb   Thumb Code    40  mqttpacket.o(.text)
    getLenStringLen                          0x0800dc03   Thumb Code    18  mqttpacket.o(.text)
    writeMQTTString                          0x0800dc15   Thumb Code    62  mqttpacket.o(.text)
    readMQTTLenString                        0x0800dc53   Thumb Code    58  mqttpacket.o(.text)
    MQTTstrlen                               0x0800dc8d   Thumb Code    24  mqttpacket.o(.text)
    MQTTPacket_equals                        0x0800dca5   Thumb Code    66  mqttpacket.o(.text)
    MQTTPacket_read                          0x0800dce7   Thumb Code   102  mqttpacket.o(.text)
    MQTTPacket_readnb                        0x0800ddb5   Thumb Code   204  mqttpacket.o(.text)
    MQTTSerialize_publishLength              0x0800de89   Thumb Code    34  mqttserializepublish.o(.text)
    MQTTSerialize_publish                    0x0800deab   Thumb Code   176  mqttserializepublish.o(.text)
    MQTTSerialize_ack                        0x0800df5b   Thumb Code   114  mqttserializepublish.o(.text)
    MQTTSerialize_puback                     0x0800dfcd   Thumb Code    24  mqttserializepublish.o(.text)
    MQTTSerialize_pubrel                     0x0800dfe5   Thumb Code    26  mqttserializepublish.o(.text)
    MQTTSerialize_pubcomp                    0x0800dfff   Thumb Code    24  mqttserializepublish.o(.text)
    MQTTSerialize_subscribeLength            0x0800e017   Thumb Code    46  mqttsubscribeclient.o(.text)
    MQTTSerialize_subscribe                  0x0800e045   Thumb Code   176  mqttsubscribeclient.o(.text)
    MQTTDeserialize_suback                   0x0800e0f5   Thumb Code   146  mqttsubscribeclient.o(.text)
    ESP8266_SendCmd_OK                       0x0800e189   Thumb Code    76  esp8266.o(.text)
    ESP8266_GetIP                            0x0800e1d5   Thumb Code   122  esp8266.o(.text)
    ESP8266_ConnectionAP                     0x0800e24f   Thumb Code    84  esp8266.o(.text)
    ESP8266_SoftReset                        0x0800e2a3   Thumb Code    70  esp8266.o(.text)
    ESP8266_STA_TCPServer                    0x0800e2e9   Thumb Code   182  esp8266.o(.text)
    ESP8266_STA_TCPCLient                    0x0800e39f   Thumb Code   208  esp8266.o(.text)
    ESP8266_SET_AP                           0x0800e46f   Thumb Code    88  esp8266.o(.text)
    ESP8266_AP_TCPServer                     0x0800e4c7   Thumb Code   974  esp8266.o(.text)
    ESP8266_Get_LinkSta                      0x0800e895   Thumb Code   124  esp8266.o(.text)
    ESP8266_Get_Data                         0x0800e911   Thumb Code    98  esp8266.o(.text)
    ESP8266_Tcp_GetData                      0x0800e973   Thumb Code    88  esp8266.o(.text)
    ESP8266_SendData                         0x0800e9cb   Thumb Code   210  esp8266.o(.text)
    ESP8266_Tcp_SendData                     0x0800ea9d   Thumb Code   204  esp8266.o(.text)
    ESP8266_Ping                             0x0800eb69   Thumb Code    38  esp8266.o(.text)
    ESP8266_Connect_Server                   0x0800eb8f   Thumb Code   180  esp8266.o(.text)
    ESP8266_Disconnect_Server                0x0800ec43   Thumb Code   414  esp8266.o(.text)
    ESP8266_Exit_Transfer                    0x0800ede1   Thumb Code    88  esp8266.o(.text)
    ESP8266_DHCP_Setup                       0x0800ee39   Thumb Code    14  esp8266.o(.text)
    ESP8266_Connect_Mode                     0x0800ee47   Thumb Code    34  esp8266.o(.text)
    ESP8266_TransMode                        0x0800ee69   Thumb Code    84  esp8266.o(.text)
    Char_to_Hex                              0x0800eebd   Thumb Code   160  esp8266.o(.text)
    ESP8266_TCP_Init                         0x0800efb1   Thumb Code    36  tcp_esp8266.o(.text)
    ESP8266_TCP_Listen                       0x0800efd5   Thumb Code     4  tcp_esp8266.o(.text)
    ESP8266_TCP_Connect                      0x0800efd9   Thumb Code    60  tcp_esp8266.o(.text)
    ESP8266_TCP_Disconnect                   0x0800f015   Thumb Code    22  tcp_esp8266.o(.text)
    ESP8266_TCP_Send                         0x0800f02b   Thumb Code    30  tcp_esp8266.o(.text)
    ESP8266_TCP_Receive                      0x0800f049   Thumb Code    22  tcp_esp8266.o(.text)
    __use_no_semihosting                     0x0800f079   Thumb Code     2  use_no_semi_2.o(.text)
    malloc                                   0x0800f07b   Thumb Code    94  h1_alloc.o(.text)
    free                                     0x0800f0d9   Thumb Code    78  h1_free.o(.text)
    realloc                                  0x0800f127   Thumb Code   184  h1_realloc.o(.text)
    tolower                                  0x0800f1df   Thumb Code    26  tolower.o(.text)
    __c89vsprintf                            0x0800f1f9   Thumb Code    32  c89vsprintf.o(.text)
    __2printf                                0x0800f21d   Thumb Code    20  __2printf.o(.text)
    __2sprintf                               0x0800f235   Thumb Code    38  __2sprintf.o(.text)
    _printf_pre_padding                      0x0800f261   Thumb Code    44  _printf_pad.o(.text)
    _printf_post_padding                     0x0800f28d   Thumb Code    34  _printf_pad.o(.text)
    _printf_str                              0x0800f2af   Thumb Code    82  _printf_str.o(.text)
    _printf_int_dec                          0x0800f301   Thumb Code   104  _printf_dec.o(.text)
    _printf_longlong_hex                     0x0800f379   Thumb Code    86  _printf_hex_int_ll_ptr.o(.text)
    _printf_int_hex                          0x0800f3cf   Thumb Code    28  _printf_hex_int_ll_ptr.o(.text)
    _printf_ll_hex                           0x0800f3eb   Thumb Code    12  _printf_hex_int_ll_ptr.o(.text)
    _printf_hex_ptr                          0x0800f3f7   Thumb Code    18  _printf_hex_int_ll_ptr.o(.text)
    __printf                                 0x0800f40d   Thumb Code   388  __printf_flags_ss_wp.o(.text)
    __0sscanf                                0x0800f595   Thumb Code    52  __0sscanf.o(.text)
    _scanf_int                               0x0800f5d1   Thumb Code   332  _scanf_int.o(.text)
    _scanf_string                            0x0800f71d   Thumb Code   224  _scanf_str.o(.text)
    atoi                                     0x0800f7fd   Thumb Code    26  atoi.o(.text)
    strstr                                   0x0800f817   Thumb Code    36  strstr.o(.text)
    strcpy                                   0x0800f83b   Thumb Code    72  strcpy.o(.text)
    strlen                                   0x0800f883   Thumb Code    62  strlen.o(.text)
    strncmp                                  0x0800f8c1   Thumb Code   150  strncmp.o(.text)
    __aeabi_memcpy                           0x0800f957   Thumb Code     0  rt_memcpy_v6.o(.text)
    __rt_memcpy                              0x0800f957   Thumb Code   138  rt_memcpy_v6.o(.text)
    _memcpy_lastbytes                        0x0800f9bd   Thumb Code     0  rt_memcpy_v6.o(.text)
    __aeabi_memcpy4                          0x0800f9e1   Thumb Code     0  rt_memcpy_w.o(.text)
    __aeabi_memcpy8                          0x0800f9e1   Thumb Code     0  rt_memcpy_w.o(.text)
    __rt_memcpy_w                            0x0800f9e1   Thumb Code   100  rt_memcpy_w.o(.text)
    _memcpy_lastbytes_aligned                0x0800fa29   Thumb Code     0  rt_memcpy_w.o(.text)
    __aeabi_memclr                           0x0800fa45   Thumb Code     0  rt_memclr.o(.text)
    __rt_memclr                              0x0800fa45   Thumb Code    68  rt_memclr.o(.text)
    _memset                                  0x0800fa49   Thumb Code     0  rt_memclr.o(.text)
    __aeabi_memclr4                          0x0800fa89   Thumb Code     0  rt_memclr_w.o(.text)
    __aeabi_memclr8                          0x0800fa89   Thumb Code     0  rt_memclr_w.o(.text)
    __rt_memclr_w                            0x0800fa89   Thumb Code    78  rt_memclr_w.o(.text)
    _memset_w                                0x0800fa8d   Thumb Code     0  rt_memclr_w.o(.text)
    strcmp                                   0x0800fad9   Thumb Code   128  strcmpv7m.o(.text)
    __use_two_region_memory                  0x0800fb59   Thumb Code     2  heapauxi.o(.text)
    __rt_heap_escrow                         0x0800fb5b   Thumb Code     2  heapauxi.o(.text)
    __rt_heap_expand                         0x0800fb5d   Thumb Code     2  heapauxi.o(.text)
    __I$use$semihosting                      0x0800fb5f   Thumb Code     0  use_no_semi.o(.text)
    __use_no_semihosting_swi                 0x0800fb5f   Thumb Code     2  use_no_semi.o(.text)
    __rt_ctype_table                         0x0800fb61   Thumb Code    16  rt_ctype_table.o(.text)
    __rt_heap_descriptor                     0x0800fb71   Thumb Code     8  rt_heap_descriptor_intlibspace.o(.text)
    __aeabi_errno_addr                       0x0800fb79   Thumb Code     8  rt_errno_addr_intlibspace.o(.text)
    __errno$intlibspace                      0x0800fb79   Thumb Code     0  rt_errno_addr_intlibspace.o(.text)
    __rt_errno_addr$intlibspace              0x0800fb79   Thumb Code     0  rt_errno_addr_intlibspace.o(.text)
    __use_no_heap                            0x0800fb81   Thumb Code     2  hguard.o(.text)
    __heap$guard                             0x0800fb83   Thumb Code     2  hguard.o(.text)
    _terminate_user_alloc                    0x0800fb85   Thumb Code     2  init_alloc.o(.text)
    _init_user_alloc                         0x0800fb87   Thumb Code     2  init_alloc.o(.text)
    __Heap_Full                              0x0800fb89   Thumb Code    34  init_alloc.o(.text)
    __Heap_Broken                            0x0800fbab   Thumb Code     6  init_alloc.o(.text)
    _init_alloc                              0x0800fbb1   Thumb Code    94  init_alloc.o(.text)
    __Heap_Initialize                        0x0800fc0f   Thumb Code    10  h1_init.o(.text)
    __Heap_DescSize                          0x0800fc19   Thumb Code     4  h1_init.o(.text)
    _printf_truncate_signed                  0x0800fc1d   Thumb Code    18  _printf_truncate.o(.text)
    _printf_truncate_unsigned                0x0800fc2f   Thumb Code    18  _printf_truncate.o(.text)
    _printf_int_common                       0x0800fc41   Thumb Code   178  _printf_intcommon.o(.text)
    _printf_charcount                        0x0800fcf3   Thumb Code    40  _printf_charcount.o(.text)
    __lib_sel_fp_printf                      0x0800fd1b   Thumb Code     2  _printf_fp_dec.o(.text)
    _printf_fp_dec_real                      0x0800fecd   Thumb Code   620  _printf_fp_dec.o(.text)
    _printf_char_common                      0x08010143   Thumb Code    32  _printf_char_common.o(.text)
    _sputc                                   0x08010169   Thumb Code    10  _sputc.o(.text)
    _printf_cs_common                        0x08010173   Thumb Code    20  _printf_char.o(.text)
    _printf_char                             0x08010187   Thumb Code    16  _printf_char.o(.text)
    _printf_string                           0x08010197   Thumb Code     8  _printf_char.o(.text)
    _printf_char_file                        0x080101a1   Thumb Code    32  _printf_char_file.o(.text)
    _printf_wctomb                           0x080101c5   Thumb Code   182  _printf_wctomb.o(.text)
    _printf_longlong_dec                     0x08010281   Thumb Code   108  _printf_longlong_dec.o(.text)
    _printf_longlong_oct                     0x080102fd   Thumb Code    66  _printf_oct_int_ll.o(.text)
    _printf_int_oct                          0x0801033f   Thumb Code    24  _printf_oct_int_ll.o(.text)
    _printf_ll_oct                           0x08010357   Thumb Code    12  _printf_oct_int_ll.o(.text)
    _chval                                   0x0801036d   Thumb Code    28  _chval.o(.text)
    _scanf_really_real                       0x080105d5   Thumb Code   684  scanf_fp.o(.text)
    __vfscanf_char                           0x0801088d   Thumb Code    24  scanf_char.o(.text)
    _sgetc                                   0x080108ad   Thumb Code    30  _sgetc.o(.text)
    _sbackspace                              0x080108cb   Thumb Code    34  _sgetc.o(.text)
    __strtod_int                             0x08010929   Thumb Code    90  strtod.o(.text)
    strtol                                   0x08010991   Thumb Code   112  strtol.o(.text)
    __user_libspace                          0x08010a01   Thumb Code     8  libspace.o(.text)
    __user_perproc_libspace                  0x08010a01   Thumb Code     0  libspace.o(.text)
    __user_perthread_libspace                0x08010a01   Thumb Code     0  libspace.o(.text)
    __rt_locale                              0x08010a09   Thumb Code     8  rt_locale_intlibspace.o(.text)
    __Heap_ProvideMemory                     0x08010a11   Thumb Code    52  h1_extend.o(.text)
    _ll_udiv10                               0x08010a45   Thumb Code   138  lludiv10.o(.text)
    isspace                                  0x08010acf   Thumb Code    18  isspace.o(.text)
    _printf_fp_infnan                        0x08010ae1   Thumb Code   112  _printf_fp_infnan.o(.text)
    _printf_lcs_common                       0x08010b61   Thumb Code    20  _printf_wchar.o(.text)
    _printf_wchar                            0x08010b75   Thumb Code    16  _printf_wchar.o(.text)
    _printf_wstring                          0x08010b85   Thumb Code     8  _printf_wchar.o(.text)
    __vfscanf                                0x08010b8d   Thumb Code   878  _scanf.o(.text)
    _strtoul                                 0x08010f01   Thumb Code   158  _strtoul.o(.text)
    _btod_etento                             0x08010fa1   Thumb Code   224  bigflt0.o(.text)
    ferror                                   0x08011085   Thumb Code     8  ferror.o(.text)
    _wcrtomb                                 0x0801108d   Thumb Code    64  _wcrtomb.o(.text)
    __rt_SIGRTMEM                            0x080110cd   Thumb Code    14  defsig_rtmem_outer.o(.text)
    __user_setup_stackheap                   0x080110db   Thumb Code    74  sys_stackheap_outer.o(.text)
    __read_errno                             0x08011125   Thumb Code    10  _rserrno.o(.text)
    __set_errno                              0x0801112f   Thumb Code    12  _rserrno.o(.text)
    _scanf_really_hex_real                   0x0801113d   Thumb Code   786  scanf_hexfp.o(.text)
    _scanf_really_infnan                     0x0801145d   Thumb Code   292  scanf_infnan.o(.text)
    exit                                     0x08011591   Thumb Code    18  exit.o(.text)
    __sig_exit                               0x080115a3   Thumb Code    10  defsig_exit.o(.text)
    __rt_SIGRTMEM_inner                      0x080115ad   Thumb Code    22  defsig_rtmem_inner.o(.text)
    __aeabi_llsl                             0x080115fd   Thumb Code     0  llshl.o(.text)
    _ll_shift_l                              0x080115fd   Thumb Code    38  llshl.o(.text)
    __default_signal_display                 0x08011623   Thumb Code    50  defsig_general.o(.text)
    _btod_d2e                                0x08011655   Thumb Code    62  btod.o(CL$$btod_d2e)
    _d2e_denorm_low                          0x08011693   Thumb Code    70  btod.o(CL$$btod_d2e_denorm_low)
    _d2e_norm_op1                            0x080116d9   Thumb Code    96  btod.o(CL$$btod_d2e_norm_op1)
    __btod_div_common                        0x08011739   Thumb Code   696  btod.o(CL$$btod_div_common)
    _e2d                                     0x08011a71   Thumb Code   122  btod.o(CL$$btod_e2d)
    _e2e                                     0x08011af5   Thumb Code   220  btod.o(CL$$btod_e2e)
    _btod_ediv                               0x08011bd1   Thumb Code    42  btod.o(CL$$btod_ediv)
    _btod_edivd                              0x08011bfb   Thumb Code    42  btod.o(CL$$btod_edivd)
    _btod_emul                               0x08011c25   Thumb Code    42  btod.o(CL$$btod_emul)
    _btod_emuld                              0x08011c4f   Thumb Code    42  btod.o(CL$$btod_emuld)
    __btod_mult_common                       0x08011c79   Thumb Code   580  btod.o(CL$$btod_mult_common)
    __ARM_fpclassify                         0x08011ebd   Thumb Code    40  fpclassify.o(i.__ARM_fpclassify)
    __mathlib_dbl_overflow                   0x08011ee5   Thumb Code    14  dunder.o(i.__mathlib_dbl_overflow)
    __mathlib_dbl_underflow                  0x08011ef5   Thumb Code    10  dunder.o(i.__mathlib_dbl_underflow)
    __mathlib_narrow                         0x08011f05   Thumb Code    16  narrow.o(i.__mathlib_narrow)
    __mathlib_tofloat                        0x08011f15   Thumb Code   184  narrow.o(i.__mathlib_tofloat)
    __support_ldexp                          0x08011fd1   Thumb Code    22  ldexp.o(i.__support_ldexp)
    _is_digit                                0x08011fe7   Thumb Code    14  __printf_wp.o(i._is_digit)
    frexp                                    0x08011ff5   Thumb Code    80  frexp.o(i.frexp)
    ldexp                                    0x0801204d   Thumb Code   116  ldexp.o(i.ldexp)
    strtod                                   0x080120c1   Thumb Code    28  strtod.o(i.strtod)
    _get_lc_ctype                            0x080120dd   Thumb Code    44  lc_ctype_c.o(locale$$code)
    _get_lc_numeric                          0x08012109   Thumb Code    44  lc_numeric_c.o(locale$$code)
    __aeabi_d2f                              0x08012135   Thumb Code     0  d2f.o(x$fpl$d2f)
    _d2f                                     0x08012135   Thumb Code    98  d2f.o(x$fpl$d2f)
    __fpl_dcheck_NaN1                        0x08012199   Thumb Code    10  dcheck1.o(x$fpl$dcheck1)
    __fpl_dcmp_Inf                           0x080121a9   Thumb Code    24  dcmpi.o(x$fpl$dcmpinf)
    __aeabi_cdcmpeq                          0x080121c1   Thumb Code     0  deqf.o(x$fpl$deqf)
    _dcmpeq                                  0x080121c1   Thumb Code   120  deqf.o(x$fpl$deqf)
    __aeabi_d2iz                             0x08012239   Thumb Code     0  dfix.o(x$fpl$dfix)
    _dfix                                    0x08012239   Thumb Code    94  dfix.o(x$fpl$dfix)
    __aeabi_i2d                              0x08012297   Thumb Code     0  dflt_clz.o(x$fpl$dflt)
    _dflt                                    0x08012297   Thumb Code    46  dflt_clz.o(x$fpl$dflt)
    __aeabi_ui2d                             0x080122c5   Thumb Code     0  dflt_clz.o(x$fpl$dfltu)
    _dfltu                                   0x080122c5   Thumb Code    38  dflt_clz.o(x$fpl$dfltu)
    __aeabi_cdcmple                          0x080122ed   Thumb Code     0  dleqf.o(x$fpl$dleqf)
    _dcmple                                  0x080122ed   Thumb Code   120  dleqf.o(x$fpl$dleqf)
    __fpl_dcmple_InfNaN                      0x0801234f   Thumb Code     0  dleqf.o(x$fpl$dleqf)
    __aeabi_dmul                             0x08012365   Thumb Code     0  dmul.o(x$fpl$dmul)
    _dmul                                    0x08012365   Thumb Code   332  dmul.o(x$fpl$dmul)
    __fpl_dnaninf                            0x080124b9   Thumb Code   156  dnaninf.o(x$fpl$dnaninf)
    __fpl_dretinf                            0x08012555   Thumb Code    12  dretinf.o(x$fpl$dretinf)
    __aeabi_cdrcmple                         0x08012561   Thumb Code     0  drleqf.o(x$fpl$drleqf)
    _drcmple                                 0x08012561   Thumb Code   108  drleqf.o(x$fpl$drleqf)
    __aeabi_f2d                              0x080125cd   Thumb Code     0  f2d.o(x$fpl$f2d)
    _f2d                                     0x080125cd   Thumb Code    86  f2d.o(x$fpl$f2d)
    __fpl_fnaninf                            0x08012623   Thumb Code   140  fnaninf.o(x$fpl$fnaninf)
    __fpl_fretinf                            0x080126af   Thumb Code    10  fretinf.o(x$fpl$fretinf)
    __ieee_status                            0x080126b9   Thumb Code     6  istatus.o(x$fpl$ieeestatus)
    _printf_fp_dec                           0x080126bf   Thumb Code     4  printf1.o(x$fpl$printf1)
    __fpl_return_NaN                         0x080126c3   Thumb Code   100  retnan.o(x$fpl$retnan)
    __ARM_scalbn                             0x08012727   Thumb Code    92  scalbn.o(x$fpl$scalbn)
    _scanf_real                              0x08012783   Thumb Code     4  scanf1.o(x$fpl$scanf1)
    _scanf_hex_real                          0x08012787   Thumb Code     4  scanf2.o(x$fpl$scanf2)
    _scanf_infnan                            0x0801278b   Thumb Code     4  scanf2.o(x$fpl$scanf2)
    __fpl_cmpreturn                          0x0801278f   Thumb Code    48  trapv.o(x$fpl$trapveneer)
    __I$use$fp                               0x080127be   Number         0  usenofp.o(x$fpl$usenofp)
    F6x8                                     0x08012818   Data         552  oled.o(.constdata)
    F8X16                                    0x08012a40   Data        1520  oled.o(.constdata)
    MASS_DeviceDescriptor                    0x08013030   Data          18  usb_desc.o(.constdata)
    MASS_ConfigDescriptor                    0x08013042   Data          32  usb_desc.o(.constdata)
    MASS_StringLangID                        0x08013062   Data           4  usb_desc.o(.constdata)
    MASS_StringVendor                        0x08013066   Data          38  usb_desc.o(.constdata)
    MASS_StringProduct                       0x0801308c   Data          38  usb_desc.o(.constdata)
    MASS_StringInterface                     0x080130b2   Data          16  usb_desc.o(.constdata)
    Region$$Table$$Base                      0x0803de70   Number         0  anon$$obj.o(Region$$Table)
    Region$$Table$$Limit                     0x0803de90   Number         0  anon$$obj.o(Region$$Table)
    __aeabi_HUGE_VAL                         0x0803de90   Data           0  fpconst.o(c$$dinf)
    __aeabi_HUGE_VALL                        0x0803de90   Data           0  fpconst.o(c$$dinf)
    __aeabi_INFINITY                         0x0803de90   Data           0  fpconst.o(c$$dinf)
    __dInf                                   0x0803de90   Data           0  fpconst.o(c$$dinf)
    __huge_val                               0x0803de90   Data           0  fpconst.o(c$$dinf)
    __dbl_max                                0x0803de98   Data           0  fpconst.o(c$$dmax)
    __ctype                                  0x0803dead   Data           0  lc_ctype_c.o(locale$$data)
    BMP1                                     0x20000000   Data        1024  main.o(.data)
    nAsrStatus                               0x20000400   Data           1  main.o(.data)
    nTime                                    0x20000402   Data           2  stm32f10x_it.o(.data)
    sRecog                                   0x20000404   Data         120  ldchip.o(.data)
    nMp3Size                                 0x2000047c   Data           4  ldchip.o(.data)
    nMp3Pos                                  0x20000480   Data           4  ldchip.o(.data)
    nLD_Mode                                 0x20000484   Data           1  ldchip.o(.data)
    bMp3Play                                 0x20000485   Data           1  ldchip.o(.data)
    ucRegVal                                 0x20000486   Data           1  ldchip.o(.data)
    ucHighInt                                0x20000487   Data           1  ldchip.o(.data)
    ucLowInt                                 0x20000488   Data           1  ldchip.o(.data)
    __stdout                                 0x20000490   Data           4  usart.o(.data)
    USART_RX_STA                             0x20000494   Data           2  usart.o(.data)
    USART2_RX_STA                            0x20000496   Data           2  usart2.o(.data)
    USART2_DATA_FLAG                         0x20000498   Data           1  usart2.o(.data)
    SrcBuffer                                0x200004b0   Data           4  sdio_sdcard.o(.data)
    DestBuffer                               0x200004b4   Data           4  sdio_sdcard.o(.data)
    TransferError                            0x200004b8   Data           1  sdio_sdcard.o(.data)
    TransferEnd                              0x200004bc   Data           4  sdio_sdcard.o(.data)
    NumberOfBytes                            0x200004c0   Data           4  sdio_sdcard.o(.data)
    MqttLink_Flag                            0x200004d8   Data           1  mqtt.o(.data)
    tcp                                      0x200004dc   Data           4  mqtt.o(.data)
    msgType                                  0x200004e0   Data           1  mqtt.o(.data)
    NetLink_Flag                             0x200004e4   Data           1  tcpinterface.o(.data)
    Hzk                                      0x200004e5   Data         896  oled.o(.data)
    UpFlag                                   0x20000866   Data           1  handle.o(.data)
    SensorValue                              0x20000868   Data           6  handle.o(.data)
    SystemCoreClock                          0x20000870   Data           4  system_stm32f10x.o(.data)
    AHBPrescTable                            0x20000874   Data          16  system_stm32f10x.o(.data)
    StatusInfo                               0x20000898   Data           2  usb_core.o(.data)
    Data_Mul_MaxPacketSize                   0x2000089a   Data           1  usb_core.o(.data)
    EPindex                                  0x2000089c   Data           1  usb_init.o(.data)
    pInformation                             0x200008a0   Data           4  usb_init.o(.data)
    pProperty                                0x200008a4   Data           4  usb_init.o(.data)
    SaveState                                0x200008a8   Data           2  usb_init.o(.data)
    wInterrupt_Mask                          0x200008aa   Data           2  usb_init.o(.data)
    pUser_Standard_Requests                  0x200008ac   Data           4  usb_init.o(.data)
    SaveRState                               0x200008b0   Data           2  usb_int.o(.data)
    SaveTState                               0x200008b2   Data           2  usb_int.o(.data)
    Mass_Memory_Size                         0x200008b4   Data           8  mass_mal.o(.data)
    Mass_Block_Size                          0x200008bc   Data           8  mass_mal.o(.data)
    Mass_Block_Count                         0x200008c4   Data           8  mass_mal.o(.data)
    Status                                   0x200008cc   Data           4  mass_mal.o(.data)
    Block_Read_count                         0x200008d0   Data           4  memory.o(.data)
    Block_offset                             0x200008d4   Data           4  memory.o(.data)
    Counter                                  0x200008d8   Data           4  memory.o(.data)
    Idx                                      0x200008dc   Data           4  memory.o(.data)
    TransferState                            0x200008e0   Data           1  memory.o(.data)
    Page00_Inquiry_Data                      0x200008f4   Data           5  scsi_data.o(.data)
    Standard_Inquiry_Data                    0x200008f9   Data          36  scsi_data.o(.data)
    Standard_Inquiry_Data2                   0x2000091d   Data          36  scsi_data.o(.data)
    Mode_Sense6_data                         0x20000941   Data           4  scsi_data.o(.data)
    Mode_Sense10_data                        0x20000945   Data           8  scsi_data.o(.data)
    Scsi_Sense_Data                          0x2000094d   Data          18  scsi_data.o(.data)
    ReadCapacity10_Data                      0x2000095f   Data           8  scsi_data.o(.data)
    ReadFormatCapacity_Data                  0x20000967   Data          12  scsi_data.o(.data)
    Bot_State                                0x20000974   Data           1  usb_bot.o(.data)
    Data_Len                                 0x20000976   Data           2  usb_bot.o(.data)
    SCSI_LBA                                 0x20000978   Data           4  usb_bot.o(.data)
    SCSI_BlkLen                              0x2000097c   Data           4  usb_bot.o(.data)
    MASS_StringSerial                        0x20000980   Data          26  usb_desc.o(.data)
    wIstr                                    0x2000099c   Data           2  usb_istr.o(.data)
    bIntPackSOF                              0x2000099e   Data           1  usb_istr.o(.data)
    pEpInt_IN                                0x200009a0   Data          28  usb_istr.o(.data)
    pEpInt_OUT                               0x200009bc   Data          28  usb_istr.o(.data)
    Max_Lun                                  0x200009d8   Data           4  usb_prop.o(.data)
    Device_Table                             0x200009dc   Data           2  usb_prop.o(.data)
    Device_Property                          0x200009e0   Data          48  usb_prop.o(.data)
    User_Standard_Requests                   0x20000a10   Data          36  usb_prop.o(.data)
    Device_Descriptor                        0x20000a34   Data           8  usb_prop.o(.data)
    Config_Descriptor                        0x20000a3c   Data           8  usb_prop.o(.data)
    String_Descriptor                        0x20000a44   Data          40  usb_prop.o(.data)
    bDeviceState                             0x20000a6c   Data           4  usb_pwr.o(.data)
    fSuspendEnabled                          0x20000a70   Data           1  usb_pwr.o(.data)
    ResumeS                                  0x20000a71   Data           2  usb_pwr.o(.data)
    fpPoint                                  0x20000a74   Data           4  ff.o(.data)
    ESP8266_driver                           0x20000a84   Data          24  tcp_esp8266.o(.data)
    USART_RX_BUF                             0x20000a9c   Data         256  usart.o(.bss)
    USART2_RX_BUF                            0x20000b9c   Data        1024  usart2.o(.bss)
    USART2_TX_BUF                            0x20000f9c   Data        1024  usart2.o(.bss)
    SDCardInfo                               0x200013bc   Data          80  sdio_sdcard.o(.bss)
    SDIO_InitStructure                       0x2000140c   Data          24  sdio_sdcard.o(.bss)
    SDIO_CmdInitStructure                    0x20001424   Data          20  sdio_sdcard.o(.bss)
    SDIO_DataInitStructure                   0x20001438   Data          24  sdio_sdcard.o(.bss)
    Mqtt                                     0x20001460   Data         264  mqtt.o(.bss)
    TcpFunc                                  0x20001568   Data          24  tcpinterface.o(.bss)
    Device_Info                              0x20001580   Data          28  usb_init.o(.bss)
    Data_Buffer                              0x2000159c   Data         512  memory.o(.bss)
    Bulk_Data_Buff                           0x2000179c   Data          64  usb_bot.o(.bss)
    CBW                                      0x200017dc   Data          32  usb_bot.o(.bss)
    CSW                                      0x200017fc   Data          16  usb_bot.o(.bss)
    dma_buffer                               0x2000180c   Data         512  diskio.o(.bss)
    Esp8266_DdtaBuff                         0x20001e30   Data        1024  esp8266.o(.bss)
    IP_Buff                                  0x20002230   Data          20  esp8266.o(.bss)
    __libspace_start                         0x20002244   Data          96  libspace.o(.bss)
    __temporary_stack_top$libspace           0x200022a4   Data           0  libspace.o(.bss)



==============================================================================

Memory Map of the image

  Image Entry point : 0x08000131

  Load Region LR_IROM1 (Base: 0x08000000, Size: 0x0003ea68, Max: 0x00080000, ABSOLUTE, COMPRESSED[0x0003e344])

    Execution Region ER_IROM1 (Exec base: 0x08000000, Load base: 0x08000000, Size: 0x0003dfcc, Max: 0x00080000, ABSOLUTE)

    Exec Addr    Load Addr    Size         Type   Attr      Idx    E Section Name        Object

    0x08000000   0x08000000   0x00000130   Data   RO          610    RESET               startup_stm32f10x_hd.o
    0x08000130   0x08000130   0x00000008   Code   RO         1462  * !!!main             c_w.l(__main.o)
    0x08000138   0x08000138   0x00000034   Code   RO         1901    !!!scatter          c_w.l(__scatter.o)
    0x0800016c   0x0800016c   0x0000005a   Code   RO         1899    !!dczerorl2         c_w.l(__dczerorl2.o)
    0x080001c6   0x080001c6   0x00000002   PAD
    0x080001c8   0x080001c8   0x0000001c   Code   RO         1903    !!handler_zi        c_w.l(__scatter_zi.o)
    0x080001e4   0x080001e4   0x00000000   Code   RO         1431    .ARM.Collect$$_printf_percent$$00000000  c_w.l(_printf_percent.o)
    0x080001e4   0x080001e4   0x00000006   Code   RO         1559    .ARM.Collect$$_printf_percent$$00000001  c_w.l(_printf_n.o)
    0x080001ea   0x080001ea   0x00000006   Code   RO         1560    .ARM.Collect$$_printf_percent$$00000002  c_w.l(_printf_p.o)
    0x080001f0   0x080001f0   0x00000006   Code   RO         1563    .ARM.Collect$$_printf_percent$$00000003  c_w.l(_printf_f.o)
    0x080001f6   0x080001f6   0x00000006   Code   RO         1564    .ARM.Collect$$_printf_percent$$00000004  c_w.l(_printf_e.o)
    0x080001fc   0x080001fc   0x00000006   Code   RO         1430    .ARM.Collect$$_printf_percent$$00000005  c_w.l(_printf_g.o)
    0x08000202   0x08000202   0x00000006   Code   RO         1565    .ARM.Collect$$_printf_percent$$00000006  c_w.l(_printf_a.o)
    0x08000208   0x08000208   0x0000000a   Code   RO         1570    .ARM.Collect$$_printf_percent$$00000007  c_w.l(_printf_ll.o)
    0x08000212   0x08000212   0x00000006   Code   RO         1428    .ARM.Collect$$_printf_percent$$00000008  c_w.l(_printf_i.o)
    0x08000218   0x08000218   0x00000006   Code   RO         1429    .ARM.Collect$$_printf_percent$$00000009  c_w.l(_printf_d.o)
    0x0800021e   0x0800021e   0x00000006   Code   RO         1562    .ARM.Collect$$_printf_percent$$0000000A  c_w.l(_printf_u.o)
    0x08000224   0x08000224   0x00000006   Code   RO         1561    .ARM.Collect$$_printf_percent$$0000000B  c_w.l(_printf_o.o)
    0x0800022a   0x0800022a   0x00000006   Code   RO         1427    .ARM.Collect$$_printf_percent$$0000000C  c_w.l(_printf_x.o)
    0x08000230   0x08000230   0x00000006   Code   RO         1567    .ARM.Collect$$_printf_percent$$0000000D  c_w.l(_printf_lli.o)
    0x08000236   0x08000236   0x00000006   Code   RO         1568    .ARM.Collect$$_printf_percent$$0000000E  c_w.l(_printf_lld.o)
    0x0800023c   0x0800023c   0x00000006   Code   RO         1569    .ARM.Collect$$_printf_percent$$0000000F  c_w.l(_printf_llu.o)
    0x08000242   0x08000242   0x00000006   Code   RO         1574    .ARM.Collect$$_printf_percent$$00000010  c_w.l(_printf_llo.o)
    0x08000248   0x08000248   0x00000006   Code   RO         1575    .ARM.Collect$$_printf_percent$$00000011  c_w.l(_printf_llx.o)
    0x0800024e   0x0800024e   0x0000000a   Code   RO         1571    .ARM.Collect$$_printf_percent$$00000012  c_w.l(_printf_l.o)
    0x08000258   0x08000258   0x00000006   Code   RO         1558    .ARM.Collect$$_printf_percent$$00000013  c_w.l(_printf_c.o)
    0x0800025e   0x0800025e   0x00000006   Code   RO         1426    .ARM.Collect$$_printf_percent$$00000014  c_w.l(_printf_s.o)
    0x08000264   0x08000264   0x00000006   Code   RO         1572    .ARM.Collect$$_printf_percent$$00000015  c_w.l(_printf_lc.o)
    0x0800026a   0x0800026a   0x00000006   Code   RO         1573    .ARM.Collect$$_printf_percent$$00000016  c_w.l(_printf_ls.o)
    0x08000270   0x08000270   0x00000004   Code   RO         1566    .ARM.Collect$$_printf_percent$$00000017  c_w.l(_printf_percent_end.o)
    0x08000274   0x08000274   0x00000002   Code   RO         1787    .ARM.Collect$$libinit$$00000000  c_w.l(libinit.o)
    0x08000276   0x08000276   0x00000000   Code   RO         1591    .ARM.Collect$$libinit$$00000002  c_w.l(libinit2.o)
    0x08000276   0x08000276   0x00000000   Code   RO         1593    .ARM.Collect$$libinit$$00000004  c_w.l(libinit2.o)
    0x08000276   0x08000276   0x00000008   Code   RO         1594    .ARM.Collect$$libinit$$00000005  c_w.l(libinit2.o)
    0x0800027e   0x0800027e   0x00000000   Code   RO         1596    .ARM.Collect$$libinit$$0000000A  c_w.l(libinit2.o)
    0x0800027e   0x0800027e   0x00000000   Code   RO         1598    .ARM.Collect$$libinit$$0000000C  c_w.l(libinit2.o)
    0x0800027e   0x0800027e   0x00000000   Code   RO         1600    .ARM.Collect$$libinit$$0000000E  c_w.l(libinit2.o)
    0x0800027e   0x0800027e   0x00000006   Code   RO         1601    .ARM.Collect$$libinit$$0000000F  c_w.l(libinit2.o)
    0x08000284   0x08000284   0x00000000   Code   RO         1603    .ARM.Collect$$libinit$$00000011  c_w.l(libinit2.o)
    0x08000284   0x08000284   0x0000000c   Code   RO         1604    .ARM.Collect$$libinit$$00000012  c_w.l(libinit2.o)
    0x08000290   0x08000290   0x00000000   Code   RO         1605    .ARM.Collect$$libinit$$00000013  c_w.l(libinit2.o)
    0x08000290   0x08000290   0x00000000   Code   RO         1607    .ARM.Collect$$libinit$$00000015  c_w.l(libinit2.o)
    0x08000290   0x08000290   0x0000000a   Code   RO         1608    .ARM.Collect$$libinit$$00000016  c_w.l(libinit2.o)
    0x0800029a   0x0800029a   0x00000000   Code   RO         1609    .ARM.Collect$$libinit$$00000017  c_w.l(libinit2.o)
    0x0800029a   0x0800029a   0x00000000   Code   RO         1611    .ARM.Collect$$libinit$$00000019  c_w.l(libinit2.o)
    0x0800029a   0x0800029a   0x00000000   Code   RO         1613    .ARM.Collect$$libinit$$0000001B  c_w.l(libinit2.o)
    0x0800029a   0x0800029a   0x00000000   Code   RO         1615    .ARM.Collect$$libinit$$0000001D  c_w.l(libinit2.o)
    0x0800029a   0x0800029a   0x00000000   Code   RO         1617    .ARM.Collect$$libinit$$0000001F  c_w.l(libinit2.o)
    0x0800029a   0x0800029a   0x00000000   Code   RO         1619    .ARM.Collect$$libinit$$00000021  c_w.l(libinit2.o)
    0x0800029a   0x0800029a   0x00000000   Code   RO         1621    .ARM.Collect$$libinit$$00000023  c_w.l(libinit2.o)
    0x0800029a   0x0800029a   0x00000000   Code   RO         1623    .ARM.Collect$$libinit$$00000025  c_w.l(libinit2.o)
    0x0800029a   0x0800029a   0x00000000   Code   RO         1627    .ARM.Collect$$libinit$$0000002C  c_w.l(libinit2.o)
    0x0800029a   0x0800029a   0x00000000   Code   RO         1629    .ARM.Collect$$libinit$$0000002E  c_w.l(libinit2.o)
    0x0800029a   0x0800029a   0x00000000   Code   RO         1631    .ARM.Collect$$libinit$$00000030  c_w.l(libinit2.o)
    0x0800029a   0x0800029a   0x00000000   Code   RO         1633    .ARM.Collect$$libinit$$00000032  c_w.l(libinit2.o)
    0x0800029a   0x0800029a   0x00000002   Code   RO         1634    .ARM.Collect$$libinit$$00000033  c_w.l(libinit2.o)
    0x0800029c   0x0800029c   0x00000002   Code   RO         1882    .ARM.Collect$$libshutdown$$00000000  c_w.l(libshutdown.o)
    0x0800029e   0x0800029e   0x00000000   Code   RO         1807    .ARM.Collect$$libshutdown$$00000002  c_w.l(libshutdown2.o)
    0x0800029e   0x0800029e   0x00000000   Code   RO         1809    .ARM.Collect$$libshutdown$$00000004  c_w.l(libshutdown2.o)
    0x0800029e   0x0800029e   0x00000000   Code   RO         1812    .ARM.Collect$$libshutdown$$00000007  c_w.l(libshutdown2.o)
    0x0800029e   0x0800029e   0x00000000   Code   RO         1815    .ARM.Collect$$libshutdown$$0000000A  c_w.l(libshutdown2.o)
    0x0800029e   0x0800029e   0x00000000   Code   RO         1817    .ARM.Collect$$libshutdown$$0000000C  c_w.l(libshutdown2.o)
    0x0800029e   0x0800029e   0x00000000   Code   RO         1820    .ARM.Collect$$libshutdown$$0000000F  c_w.l(libshutdown2.o)
    0x0800029e   0x0800029e   0x00000002   Code   RO         1821    .ARM.Collect$$libshutdown$$00000010  c_w.l(libshutdown2.o)
    0x080002a0   0x080002a0   0x00000000   Code   RO         1496    .ARM.Collect$$rtentry$$00000000  c_w.l(__rtentry.o)
    0x080002a0   0x080002a0   0x00000000   Code   RO         1650    .ARM.Collect$$rtentry$$00000002  c_w.l(__rtentry2.o)
    0x080002a0   0x080002a0   0x00000006   Code   RO         1662    .ARM.Collect$$rtentry$$00000004  c_w.l(__rtentry4.o)
    0x080002a6   0x080002a6   0x00000000   Code   RO         1652    .ARM.Collect$$rtentry$$00000009  c_w.l(__rtentry2.o)
    0x080002a6   0x080002a6   0x00000004   Code   RO         1653    .ARM.Collect$$rtentry$$0000000A  c_w.l(__rtentry2.o)
    0x080002aa   0x080002aa   0x00000000   Code   RO         1655    .ARM.Collect$$rtentry$$0000000C  c_w.l(__rtentry2.o)
    0x080002aa   0x080002aa   0x00000008   Code   RO         1656    .ARM.Collect$$rtentry$$0000000D  c_w.l(__rtentry2.o)
    0x080002b2   0x080002b2   0x00000002   Code   RO         1794    .ARM.Collect$$rtexit$$00000000  c_w.l(rtexit.o)
    0x080002b4   0x080002b4   0x00000000   Code   RO         1839    .ARM.Collect$$rtexit$$00000002  c_w.l(rtexit2.o)
    0x080002b4   0x080002b4   0x00000004   Code   RO         1840    .ARM.Collect$$rtexit$$00000003  c_w.l(rtexit2.o)
    0x080002b8   0x080002b8   0x00000006   Code   RO         1841    .ARM.Collect$$rtexit$$00000004  c_w.l(rtexit2.o)
    0x080002be   0x080002be   0x00000002   PAD
    0x080002c0   0x080002c0   0x00000000   Code   RO         1671    .emb_text           c_w.l(maybetermalloc1.o)
    0x080002c0   0x080002c0   0x0000037c   Code   RO            1    .text               main.o
    0x0800063c   0x0800063c   0x000000c4   Code   RO          228    .text               stm32f10x_it.o
    0x08000700   0x08000700   0x00000240   Code   RO          243    .text               ld3320_main.o
    0x08000940   0x08000940   0x0000068c   Code   RO          255    .text               ldchip.o
    0x08000fcc   0x08000fcc   0x000000ac   Code   RO          275    .text               reg_rw.o
    0x08001078   0x08001078   0x0000015c   Code   RO          287    .text               usart.o
    0x080011d4   0x080011d4   0x00000184   Code   RO          310    .text               usart2.o
    0x08001358   0x08001358   0x000000b4   Code   RO          339    .text               delay.o
    0x0800140c   0x0800140c   0x0000006a   Code   RO          356    .text               dma.o
    0x08001476   0x08001476   0x0000008c   Code   RO          368    .text               timer.o
    0x08001502   0x08001502   0x00000002   PAD
    0x08001504   0x08001504   0x000022a0   Code   RO          380    .text               sdio_sdcard.o
    0x080037a4   0x080037a4   0x000000f8   Code   RO          396    .text               ledtest.o
    0x0800389c   0x0800389c   0x00002094   Code   RO          420    .text               cjson.o
    0x08005930   0x08005930   0x000002c0   Code   RO          462    .text               mqtt.o
    0x08005bf0   0x08005bf0   0x00000060   Code   RO          482    .text               tcpinterface.o
    0x08005c50   0x08005c50   0x000005e8   Code   RO          502    .text               oled.o
    0x08006238   0x08006238   0x00000040   Code   RO          524    .text               relay.o
    0x08006278   0x08006278   0x0000008c   Code   RO          536    .text               timer3.o
    0x08006304   0x08006304   0x000003c0   Code   RO          548    .text               handle.o
    0x080066c4   0x080066c4   0x000001e0   Code   RO          577    .text               system_stm32f10x.o
    0x080068a4   0x080068a4   0x00000040   Code   RO          611    .text               startup_stm32f10x_hd.o
    0x080068e4   0x080068e4   0x000000dc   Code   RO          615    .text               misc.o
    0x080069c0   0x080069c0   0x00000408   Code   RO          627    .text               stm32f10x_usart.o
    0x08006dc8   0x08006dc8   0x00000e1a   Code   RO          639    .text               stm32f10x_tim.o
    0x08007be2   0x08007be2   0x00000002   PAD
    0x08007be4   0x08007be4   0x000001d4   Code   RO          651    .text               stm32f10x_sdio.o
    0x08007db8   0x08007db8   0x0000011c   Code   RO          663    .text               stm32f10x_exti.o
    0x08007ed4   0x08007ed4   0x0000035c   Code   RO          675    .text               stm32f10x_gpio.o
    0x08008230   0x08008230   0x000003a4   Code   RO          702    .text               stm32f10x_rcc.o
    0x080085d4   0x080085d4   0x0000030c   Code   RO          716    .text               stm32f10x_spi.o
    0x080088e0   0x080088e0   0x00000254   Code   RO          728    .text               stm32f10x_dma.o
    0x08008b34   0x08008b34   0x00000b20   Code   RO          740    .text               usb_core.o
    0x08009654   0x08009654   0x0000003c   Code   RO          758    .text               usb_init.o
    0x08009690   0x08009690   0x000003d4   Code   RO          781    .text               usb_int.o
    0x08009a64   0x08009a64   0x0000005c   Code   RO          805    .text               usb_mem.o
    0x08009ac0   0x08009ac0   0x000007b8   Code   RO          817    .text               usb_regs.o
    0x0800a278   0x0800a278   0x00000174   Code   RO          829    .text               hw_config.o
    0x0800a3ec   0x0800a3ec   0x00000114   Code   RO          855    .text               mass_mal.o
    0x0800a500   0x0800a500   0x00000228   Code   RO          878    .text               memory.o
    0x0800a728   0x0800a728   0x00000468   Code   RO          932    .text               usb_bot.o
    0x0800ab90   0x0800ab90   0x00000010   Code   RO          962    .text               usb_endp.o
    0x0800aba0   0x0800aba0   0x00000050   Code   RO          977    .text               usb_istr.o
    0x0800abf0   0x0800abf0   0x00000288   Code   RO          995    .text               usb_prop.o
    0x0800ae78   0x0800ae78   0x00000148   Code   RO         1022    .text               usb_pwr.o
    0x0800afc0   0x0800afc0   0x0000041c   Code   RO         1040    .text               usb_scsi.o
    0x0800b3dc   0x0800b3dc   0x00000098   Code   RO         1053    .text               diskio.o
    0x0800b474   0x0800b474   0x000000c8   Code   RO         1068    .text               fatfs_posix.o
    0x0800b53c   0x0800b53c   0x000020c4   Code   RO         1082    .text               ff.o
    0x0800d600   0x0800d600   0x000000b4   Code   RO         1102    .text               cc936.o
    0x0800d6b4   0x0800d6b4   0x000002c4   Code   RO         1126    .text               mqttconnectclient.o
    0x0800d978   0x0800d978   0x00000114   Code   RO         1150    .text               mqttdeserializepublish.o
    0x0800da8c   0x0800da8c   0x000003fc   Code   RO         1178    .text               mqttpacket.o
    0x0800de88   0x0800de88   0x0000018e   Code   RO         1192    .text               mqttserializepublish.o
    0x0800e016   0x0800e016   0x00000170   Code   RO         1204    .text               mqttsubscribeclient.o
    0x0800e186   0x0800e186   0x00000002   PAD
    0x0800e188   0x0800e188   0x00000e28   Code   RO         1252    .text               esp8266.o
    0x0800efb0   0x0800efb0   0x000000c8   Code   RO         1270    .text               tcp_esp8266.o
    0x0800f078   0x0800f078   0x00000002   Code   RO         1291    .text               c_w.l(use_no_semi_2.o)
    0x0800f07a   0x0800f07a   0x0000005e   Code   RO         1299    .text               c_w.l(h1_alloc.o)
    0x0800f0d8   0x0800f0d8   0x0000004e   Code   RO         1301    .text               c_w.l(h1_free.o)
    0x0800f126   0x0800f126   0x000000b8   Code   RO         1303    .text               c_w.l(h1_realloc.o)
    0x0800f1de   0x0800f1de   0x0000001a   Code   RO         1361    .text               c_w.l(tolower.o)
    0x0800f1f8   0x0800f1f8   0x00000024   Code   RO         1363    .text               c_w.l(c89vsprintf.o)
    0x0800f21c   0x0800f21c   0x00000018   Code   RO         1365    .text               c_w.l(__2printf.o)
    0x0800f234   0x0800f234   0x0000002c   Code   RO         1367    .text               c_w.l(__2sprintf.o)
    0x0800f260   0x0800f260   0x0000004e   Code   RO         1379    .text               c_w.l(_printf_pad.o)
    0x0800f2ae   0x0800f2ae   0x00000052   Code   RO         1381    .text               c_w.l(_printf_str.o)
    0x0800f300   0x0800f300   0x00000078   Code   RO         1383    .text               c_w.l(_printf_dec.o)
    0x0800f378   0x0800f378   0x00000094   Code   RO         1403    .text               c_w.l(_printf_hex_int_ll_ptr.o)
    0x0800f40c   0x0800f40c   0x00000188   Code   RO         1423    .text               c_w.l(__printf_flags_ss_wp.o)
    0x0800f594   0x0800f594   0x0000003c   Code   RO         1432    .text               c_w.l(__0sscanf.o)
    0x0800f5d0   0x0800f5d0   0x0000014c   Code   RO         1434    .text               c_w.l(_scanf_int.o)
    0x0800f71c   0x0800f71c   0x000000e0   Code   RO         1436    .text               c_w.l(_scanf_str.o)
    0x0800f7fc   0x0800f7fc   0x0000001a   Code   RO         1438    .text               c_w.l(atoi.o)
    0x0800f816   0x0800f816   0x00000024   Code   RO         1440    .text               c_w.l(strstr.o)
    0x0800f83a   0x0800f83a   0x00000048   Code   RO         1444    .text               c_w.l(strcpy.o)
    0x0800f882   0x0800f882   0x0000003e   Code   RO         1446    .text               c_w.l(strlen.o)
    0x0800f8c0   0x0800f8c0   0x00000096   Code   RO         1448    .text               c_w.l(strncmp.o)
    0x0800f956   0x0800f956   0x0000008a   Code   RO         1450    .text               c_w.l(rt_memcpy_v6.o)
    0x0800f9e0   0x0800f9e0   0x00000064   Code   RO         1452    .text               c_w.l(rt_memcpy_w.o)
    0x0800fa44   0x0800fa44   0x00000044   Code   RO         1454    .text               c_w.l(rt_memclr.o)
    0x0800fa88   0x0800fa88   0x0000004e   Code   RO         1456    .text               c_w.l(rt_memclr_w.o)
    0x0800fad6   0x0800fad6   0x00000002   PAD
    0x0800fad8   0x0800fad8   0x00000080   Code   RO         1458    .text               c_w.l(strcmpv7m.o)
    0x0800fb58   0x0800fb58   0x00000006   Code   RO         1460    .text               c_w.l(heapauxi.o)
    0x0800fb5e   0x0800fb5e   0x00000002   Code   RO         1492    .text               c_w.l(use_no_semi.o)
    0x0800fb60   0x0800fb60   0x00000010   Code   RO         1497    .text               c_w.l(rt_ctype_table.o)
    0x0800fb70   0x0800fb70   0x00000008   Code   RO         1502    .text               c_w.l(rt_heap_descriptor_intlibspace.o)
    0x0800fb78   0x0800fb78   0x00000008   Code   RO         1507    .text               c_w.l(rt_errno_addr_intlibspace.o)
    0x0800fb80   0x0800fb80   0x00000004   Code   RO         1509    .text               c_w.l(hguard.o)
    0x0800fb84   0x0800fb84   0x0000008a   Code   RO         1511    .text               c_w.l(init_alloc.o)
    0x0800fc0e   0x0800fc0e   0x0000000e   Code   RO         1515    .text               c_w.l(h1_init.o)
    0x0800fc1c   0x0800fc1c   0x00000024   Code   RO         1529    .text               c_w.l(_printf_truncate.o)
    0x0800fc40   0x0800fc40   0x000000b2   Code   RO         1531    .text               c_w.l(_printf_intcommon.o)
    0x0800fcf2   0x0800fcf2   0x00000028   Code   RO         1533    .text               c_w.l(_printf_charcount.o)
    0x0800fd1a   0x0800fd1a   0x0000041e   Code   RO         1535    .text               c_w.l(_printf_fp_dec.o)
    0x08010138   0x08010138   0x00000030   Code   RO         1537    .text               c_w.l(_printf_char_common.o)
    0x08010168   0x08010168   0x0000000a   Code   RO         1539    .text               c_w.l(_sputc.o)
    0x08010172   0x08010172   0x0000002c   Code   RO         1543    .text               c_w.l(_printf_char.o)
    0x0801019e   0x0801019e   0x00000002   PAD
    0x080101a0   0x080101a0   0x00000024   Code   RO         1545    .text               c_w.l(_printf_char_file.o)
    0x080101c4   0x080101c4   0x000000bc   Code   RO         1547    .text               c_w.l(_printf_wctomb.o)
    0x08010280   0x08010280   0x0000007c   Code   RO         1550    .text               c_w.l(_printf_longlong_dec.o)
    0x080102fc   0x080102fc   0x00000070   Code   RO         1556    .text               c_w.l(_printf_oct_int_ll.o)
    0x0801036c   0x0801036c   0x0000001c   Code   RO         1576    .text               c_w.l(_chval.o)
    0x08010388   0x08010388   0x000004f8   Code   RO         1578    .text               c_w.l(scanf_fp.o)
    0x08010880   0x08010880   0x0000002c   Code   RO         1580    .text               c_w.l(scanf_char.o)
    0x080108ac   0x080108ac   0x00000040   Code   RO         1582    .text               c_w.l(_sgetc.o)
    0x080108ec   0x080108ec   0x000000a4   Code   RO         1584    .text               c_w.l(strtod.o)
    0x08010990   0x08010990   0x00000070   Code   RO         1586    .text               c_w.l(strtol.o)
    0x08010a00   0x08010a00   0x00000008   Code   RO         1646    .text               c_w.l(libspace.o)
    0x08010a08   0x08010a08   0x00000008   Code   RO         1667    .text               c_w.l(rt_locale_intlibspace.o)
    0x08010a10   0x08010a10   0x00000034   Code   RO         1673    .text               c_w.l(h1_extend.o)
    0x08010a44   0x08010a44   0x0000008a   Code   RO         1677    .text               c_w.l(lludiv10.o)
    0x08010ace   0x08010ace   0x00000012   Code   RO         1679    .text               c_w.l(isspace.o)
    0x08010ae0   0x08010ae0   0x00000080   Code   RO         1681    .text               c_w.l(_printf_fp_infnan.o)
    0x08010b60   0x08010b60   0x0000002c   Code   RO         1685    .text               c_w.l(_printf_wchar.o)
    0x08010b8c   0x08010b8c   0x00000374   Code   RO         1687    .text               c_w.l(_scanf.o)
    0x08010f00   0x08010f00   0x0000009e   Code   RO         1689    .text               c_w.l(_strtoul.o)
    0x08010f9e   0x08010f9e   0x00000002   PAD
    0x08010fa0   0x08010fa0   0x000000e4   Code   RO         1691    .text               c_w.l(bigflt0.o)
    0x08011084   0x08011084   0x00000008   Code   RO         1716    .text               c_w.l(ferror.o)
    0x0801108c   0x0801108c   0x00000040   Code   RO         1720    .text               c_w.l(_wcrtomb.o)
    0x080110cc   0x080110cc   0x0000000e   Code   RO         1728    .text               c_w.l(defsig_rtmem_outer.o)
    0x080110da   0x080110da   0x0000004a   Code   RO         1760    .text               c_w.l(sys_stackheap_outer.o)
    0x08011124   0x08011124   0x00000016   Code   RO         1766    .text               c_w.l(_rserrno.o)
    0x0801113a   0x0801113a   0x00000002   PAD
    0x0801113c   0x0801113c   0x00000320   Code   RO         1768    .text               c_w.l(scanf_hexfp.o)
    0x0801145c   0x0801145c   0x00000134   Code   RO         1770    .text               c_w.l(scanf_infnan.o)
    0x08011590   0x08011590   0x00000012   Code   RO         1772    .text               c_w.l(exit.o)
    0x080115a2   0x080115a2   0x0000000a   Code   RO         1774    .text               c_w.l(defsig_exit.o)
    0x080115ac   0x080115ac   0x00000050   Code   RO         1776    .text               c_w.l(defsig_rtmem_inner.o)
    0x080115fc   0x080115fc   0x00000026   Code   RO         1800    .text               c_w.l(llshl.o)
    0x08011622   0x08011622   0x00000032   Code   RO         1804    .text               c_w.l(defsig_general.o)
    0x08011654   0x08011654   0x0000003e   Code   RO         1694    CL$$btod_d2e        c_w.l(btod.o)
    0x08011692   0x08011692   0x00000046   Code   RO         1696    CL$$btod_d2e_denorm_low  c_w.l(btod.o)
    0x080116d8   0x080116d8   0x00000060   Code   RO         1695    CL$$btod_d2e_norm_op1  c_w.l(btod.o)
    0x08011738   0x08011738   0x00000338   Code   RO         1704    CL$$btod_div_common  c_w.l(btod.o)
    0x08011a70   0x08011a70   0x00000084   Code   RO         1702    CL$$btod_e2d        c_w.l(btod.o)
    0x08011af4   0x08011af4   0x000000dc   Code   RO         1701    CL$$btod_e2e        c_w.l(btod.o)
    0x08011bd0   0x08011bd0   0x0000002a   Code   RO         1698    CL$$btod_ediv       c_w.l(btod.o)
    0x08011bfa   0x08011bfa   0x0000002a   Code   RO         1700    CL$$btod_edivd      c_w.l(btod.o)
    0x08011c24   0x08011c24   0x0000002a   Code   RO         1697    CL$$btod_emul       c_w.l(btod.o)
    0x08011c4e   0x08011c4e   0x0000002a   Code   RO         1699    CL$$btod_emuld      c_w.l(btod.o)
    0x08011c78   0x08011c78   0x00000244   Code   RO         1703    CL$$btod_mult_common  c_w.l(btod.o)
    0x08011ebc   0x08011ebc   0x00000028   Code   RO         1751    i.__ARM_fpclassify  m_ws.l(fpclassify.o)
    0x08011ee4   0x08011ee4   0x0000000e   Code   RO         1853    i.__mathlib_dbl_overflow  m_ws.l(dunder.o)
    0x08011ef2   0x08011ef2   0x00000002   PAD
    0x08011ef4   0x08011ef4   0x00000010   Code   RO         1855    i.__mathlib_dbl_underflow  m_ws.l(dunder.o)
    0x08011f04   0x08011f04   0x00000010   Code   RO         1753    i.__mathlib_narrow  m_ws.l(narrow.o)
    0x08011f14   0x08011f14   0x000000bc   Code   RO         1754    i.__mathlib_tofloat  m_ws.l(narrow.o)
    0x08011fd0   0x08011fd0   0x00000016   Code   RO         1827    i.__support_ldexp   m_ws.l(ldexp.o)
    0x08011fe6   0x08011fe6   0x0000000e   Code   RO         1416    i._is_digit         c_w.l(__printf_wp.o)
    0x08011ff4   0x08011ff4   0x00000058   Code   RO         1791    i.frexp             m_ws.l(frexp.o)
    0x0801204c   0x0801204c   0x00000074   Code   RO         1828    i.ldexp             m_ws.l(ldexp.o)
    0x080120c0   0x080120c0   0x0000001c   Code   RO         1489    i.strtod            m_ws.l(strtod.o)
    0x080120dc   0x080120dc   0x0000002c   Code   RO         1723    locale$$code        c_w.l(lc_ctype_c.o)
    0x08012108   0x08012108   0x0000002c   Code   RO         1726    locale$$code        c_w.l(lc_numeric_c.o)
    0x08012134   0x08012134   0x00000062   Code   RO         1788    x$fpl$d2f           fz_ws.l(d2f.o)
    0x08012196   0x08012196   0x00000002   PAD
    0x08012198   0x08012198   0x00000010   Code   RO         1847    x$fpl$dcheck1       fz_ws.l(dcheck1.o)
    0x080121a8   0x080121a8   0x00000018   Code   RO         1635    x$fpl$dcmpinf       fz_ws.l(dcmpi.o)
    0x080121c0   0x080121c0   0x00000078   Code   RO         1464    x$fpl$deqf          fz_ws.l(deqf.o)
    0x08012238   0x08012238   0x0000005e   Code   RO         1466    x$fpl$dfix          fz_ws.l(dfix.o)
    0x08012296   0x08012296   0x0000002e   Code   RO         1471    x$fpl$dflt          fz_ws.l(dflt_clz.o)
    0x080122c4   0x080122c4   0x00000026   Code   RO         1470    x$fpl$dfltu         fz_ws.l(dflt_clz.o)
    0x080122ea   0x080122ea   0x00000002   PAD
    0x080122ec   0x080122ec   0x00000078   Code   RO         1476    x$fpl$dleqf         fz_ws.l(dleqf.o)
    0x08012364   0x08012364   0x00000154   Code   RO         1478    x$fpl$dmul          fz_ws.l(dmul.o)
    0x080124b8   0x080124b8   0x0000009c   Code   RO         1637    x$fpl$dnaninf       fz_ws.l(dnaninf.o)
    0x08012554   0x08012554   0x0000000c   Code   RO         1639    x$fpl$dretinf       fz_ws.l(dretinf.o)
    0x08012560   0x08012560   0x0000006c   Code   RO         1480    x$fpl$drleqf        fz_ws.l(drleqf.o)
    0x080125cc   0x080125cc   0x00000056   Code   RO         1482    x$fpl$f2d           fz_ws.l(f2d.o)
    0x08012622   0x08012622   0x0000008c   Code   RO         1641    x$fpl$fnaninf       fz_ws.l(fnaninf.o)
    0x080126ae   0x080126ae   0x0000000a   Code   RO         1822    x$fpl$fretinf       fz_ws.l(fretinf.o)
    0x080126b8   0x080126b8   0x00000006   Code   RO         1743    x$fpl$ieeestatus    fz_ws.l(istatus.o)
    0x080126be   0x080126be   0x00000004   Code   RO         1484    x$fpl$printf1       fz_ws.l(printf1.o)
    0x080126c2   0x080126c2   0x00000064   Code   RO         1893    x$fpl$retnan        fz_ws.l(retnan.o)
    0x08012726   0x08012726   0x0000005c   Code   RO         1824    x$fpl$scalbn        fz_ws.l(scalbn.o)
    0x08012782   0x08012782   0x00000004   Code   RO         1486    x$fpl$scanf1        fz_ws.l(scanf1.o)
    0x08012786   0x08012786   0x00000008   Code   RO         1745    x$fpl$scanf2        fz_ws.l(scanf2.o)
    0x0801278e   0x0801278e   0x00000030   Code   RO         1895    x$fpl$trapveneer    fz_ws.l(trapv.o)
    0x080127be   0x080127be   0x00000000   Code   RO         1643    x$fpl$usenofp       fz_ws.l(usenofp.o)
    0x080127be   0x080127be   0x00000002   PAD
    0x080127c0   0x080127c0   0x00000058   Data   RO          464    .constdata          mqtt.o
    0x08012818   0x08012818   0x00000818   Data   RO          503    .constdata          oled.o
    0x08013030   0x08013030   0x00000092   Data   RO          949    .constdata          usb_desc.o
    0x080130c2   0x080130c2   0x0000000d   Data   RO         1084    .constdata          ff.o
    0x080130cf   0x080130cf   0x00000001   PAD
    0x080130d0   0x080130d0   0x0002acc8   Data   RO         1103    .constdata          cc936.o
    0x0803dd98   0x0803dd98   0x00000028   Data   RO         1404    .constdata          c_w.l(_printf_hex_int_ll_ptr.o)
    0x0803ddc0   0x0803ddc0   0x00000011   Data   RO         1424    .constdata          c_w.l(__printf_flags_ss_wp.o)
    0x0803ddd1   0x0803ddd1   0x00000003   PAD
    0x0803ddd4   0x0803ddd4   0x00000008   Data   RO         1548    .constdata          c_w.l(_printf_wctomb.o)
    0x0803dddc   0x0803dddc   0x00000094   Data   RO         1692    .constdata          c_w.l(bigflt0.o)
    0x0803de70   0x0803de70   0x00000020   Data   RO         1897    Region$$Table       anon$$obj.o
    0x0803de90   0x0803de90   0x00000008   Data   RO         1737    c$$dinf             fz_ws.l(fpconst.o)
    0x0803de98   0x0803de98   0x00000008   Data   RO         1740    c$$dmax             fz_ws.l(fpconst.o)
    0x0803dea0   0x0803dea0   0x00000110   Data   RO         1722    locale$$data        c_w.l(lc_ctype_c.o)
    0x0803dfb0   0x0803dfb0   0x0000001c   Data   RO         1725    locale$$data        c_w.l(lc_numeric_c.o)


    Execution Region RW_IRAM1 (Exec base: 0x20000000, Load base: 0x0803dfcc, Size: 0x000028a8, Max: 0x00010000, ABSOLUTE, COMPRESSED[0x00000378])

    Exec Addr    Load Addr    Size         Type   Attr      Idx    E Section Name        Object

    0x20000000   COMPRESSED   0x00000401   Data   RW            2    .data               main.o
    0x20000401   COMPRESSED   0x00000001   PAD
    0x20000402   COMPRESSED   0x00000002   Data   RW          229    .data               stm32f10x_it.o
    0x20000404   COMPRESSED   0x0000008c   Data   RW          256    .data               ldchip.o
    0x20000490   COMPRESSED   0x00000006   Data   RW          289    .data               usart.o
    0x20000496   COMPRESSED   0x00000003   Data   RW          312    .data               usart2.o
    0x20000499   COMPRESSED   0x00000003   PAD
    0x2000049c   COMPRESSED   0x00000028   Data   RW          382    .data               sdio_sdcard.o
    0x200004c4   COMPRESSED   0x00000014   Data   RW          422    .data               cjson.o
    0x200004d8   COMPRESSED   0x0000000c   Data   RW          465    .data               mqtt.o
    0x200004e4   COMPRESSED   0x00000001   Data   RW          484    .data               tcpinterface.o
    0x200004e5   COMPRESSED   0x00000380   Data   RW          504    .data               oled.o
    0x20000865   COMPRESSED   0x00000001   PAD
    0x20000866   COMPRESSED   0x0000000a   Data   RW          549    .data               handle.o
    0x20000870   COMPRESSED   0x00000014   Data   RW          578    .data               system_stm32f10x.o
    0x20000884   COMPRESSED   0x00000014   Data   RW          703    .data               stm32f10x_rcc.o
    0x20000898   COMPRESSED   0x00000003   Data   RW          741    .data               usb_core.o
    0x2000089b   COMPRESSED   0x00000001   PAD
    0x2000089c   COMPRESSED   0x00000014   Data   RW          760    .data               usb_init.o
    0x200008b0   COMPRESSED   0x00000004   Data   RW          782    .data               usb_int.o
    0x200008b4   COMPRESSED   0x0000001c   Data   RW          856    .data               mass_mal.o
    0x200008d0   COMPRESSED   0x00000024   Data   RW          880    .data               memory.o
    0x200008f4   COMPRESSED   0x0000007f   Data   RW          920    .data               scsi_data.o
    0x20000973   COMPRESSED   0x00000001   PAD
    0x20000974   COMPRESSED   0x0000000c   Data   RW          934    .data               usb_bot.o
    0x20000980   COMPRESSED   0x0000001a   Data   RW          950    .data               usb_desc.o
    0x2000099a   COMPRESSED   0x00000002   PAD
    0x2000099c   COMPRESSED   0x0000003c   Data   RW          978    .data               usb_istr.o
    0x200009d8   COMPRESSED   0x00000094   Data   RW          996    .data               usb_prop.o
    0x20000a6c   COMPRESSED   0x00000007   Data   RW         1023    .data               usb_pwr.o
    0x20000a73   COMPRESSED   0x00000001   PAD
    0x20000a74   COMPRESSED   0x0000000a   Data   RW         1085    .data               ff.o
    0x20000a7e   COMPRESSED   0x00000002   PAD
    0x20000a80   COMPRESSED   0x00000004   Data   RW         1179    .data               mqttpacket.o
    0x20000a84   COMPRESSED   0x00000018   Data   RW         1271    .data               tcp_esp8266.o
    0x20000a9c        -       0x00000100   Zero   RW          288    .bss                usart.o
    0x20000b9c        -       0x00000800   Zero   RW          311    .bss                usart2.o
    0x2000139c        -       0x000000b4   Zero   RW          381    .bss                sdio_sdcard.o
    0x20001450        -       0x0000000f   Zero   RW          421    .bss                cjson.o
    0x2000145f   COMPRESSED   0x00000001   PAD
    0x20001460        -       0x00000108   Zero   RW          463    .bss                mqtt.o
    0x20001568        -       0x00000018   Zero   RW          483    .bss                tcpinterface.o
    0x20001580        -       0x0000001c   Zero   RW          759    .bss                usb_init.o
    0x2000159c        -       0x00000200   Zero   RW          879    .bss                memory.o
    0x2000179c        -       0x00000070   Zero   RW          933    .bss                usb_bot.o
    0x2000180c        -       0x00000200   Zero   RW         1054    .bss                diskio.o
    0x20001a0c        -       0x00000224   Zero   RW         1069    .bss                fatfs_posix.o
    0x20001c30        -       0x00000200   Zero   RW         1083    .bss                ff.o
    0x20001e30        -       0x00000414   Zero   RW         1253    .bss                esp8266.o
    0x20002244        -       0x00000060   Zero   RW         1647    .bss                c_w.l(libspace.o)
    0x200022a4   COMPRESSED   0x00000004   PAD
    0x200022a8        -       0x00000200   Zero   RW          609    HEAP                startup_stm32f10x_hd.o
    0x200024a8        -       0x00000400   Zero   RW          608    STACK               startup_stm32f10x_hd.o


==============================================================================

Image component sizes


      Code (inc. data)   RO Data    RW Data    ZI Data      Debug   Object Name

       180         18     175304          0          0       2205   cc936.o
      8340        160          0         20         15      40070   cjson.o
         0          0          0          0          0         32   core_cm3.o
       180         22          0          0          0      16372   delay.o
       152          6          0          0        512       2543   diskio.o
       106          0          0          0          0       1200   dma.o
      3624       1232          0          0       1044       9006   esp8266.o
       200          4          0          0        548       2709   fatfs_posix.o
      8388         78         13         10        512      27146   ff.o
       960        396          0         10          0       2511   handle.o
       372         20          0          0          0       2711   hw_config.o
       576         24          0          0          0       1656   ld3320_main.o
      1676         66          0        140          0       4486   ldchip.o
       248         10          0          0          0       1224   ledtest.o
       892        412          0       1025          0     309124   main.o
       276         20          0         28          0       2700   mass_mal.o
       552         60          0         36        512       3294   memory.o
       220         22          0          0          0       1885   misc.o
       704        112         88         12        264       3295   mqtt.o
       708         18          0          0          0       3106   mqttconnectclient.o
       276          0          0          0          0       2134   mqttdeserializepublish.o
      1020          8          0          4          0       6196   mqttpacket.o
       398          0          0          0          0       2818   mqttserializepublish.o
       368          0          0          0          0       2427   mqttsubscribeclient.o
      1512         20       2072        896          0       6731   oled.o
       172          8          0          0          0        981   reg_rw.o
        64          8          0          0          0        496   relay.o
         0          0          0        127          0       1030   scsi_data.o
      8864        378          0         40        180      21001   sdio_sdcard.o
        64         26        304          0       1536        888   startup_stm32f10x_hd.o
       596          8          0          0          0       4450   stm32f10x_dma.o
       284         10          0          0          0       2347   stm32f10x_exti.o
       860         38          0          0          0       5817   stm32f10x_gpio.o
       196         30          0          2          0       2360   stm32f10x_it.o
       932         36          0         20          0       9008   stm32f10x_rcc.o
       468         22          0          0          0       7200   stm32f10x_sdio.o
       780         14          0          0          0       6702   stm32f10x_spi.o
      3610         88          0          0          0      22932   stm32f10x_tim.o
      1032         22          0          0          0       8544   stm32f10x_usart.o
       480         38          0         20          0       2011   system_stm32f10x.o
       200         26          0         24          0       3002   tcp_esp8266.o
        96         26          0          1         24       1952   tcpinterface.o
       140          0          0          0          0        775   timer.o
       140          6          0          0          0        680   timer3.o
       348         16          0          6        256       3400   usart.o
       388         28          0          3       2048       2530   usart2.o
      1128         62          0         12        112       2805   usb_bot.o
      2848        112          0          3          0       8183   usb_core.o
         0          0        146         26          0        936   usb_desc.o
        16          0          0          0          0        575   usb_endp.o
        60         24          0         20         28       4170   usb_init.o
       980         32          0          4          0       1872   usb_int.o
        80         18          0         60          0       1288   usb_istr.o
        92          6          0          0          0       1466   usb_mem.o
       648         56          0        148          0       7080   usb_prop.o
       328         22          0          7          0       2637   usb_pwr.o
      1976         26          0          0          0      11969   usb_regs.o
      1052         48          0          0          0       4998   usb_scsi.o

    ----------------------------------------------------------------------
     60856       3942     177960       2716       7592     613666   Object Totals
         0          0         32          0          0          0   (incl. Generated)
         6          0          1         12          1          0   (incl. Padding)

    ----------------------------------------------------------------------

      Code (inc. data)   RO Data    RW Data    ZI Data      Debug   Library Member Name

        60          8          0          0          0         84   __0sscanf.o
        24          4          0          0          0         84   __2printf.o
        44          6          0          0          0         84   __2sprintf.o
        90          0          0          0          0          0   __dczerorl2.o
         8          0          0          0          0         68   __main.o
       392          4         17          0          0         92   __printf_flags_ss_wp.o
        14          0          0          0          0         68   __printf_wp.o
         0          0          0          0          0          0   __rtentry.o
        12          0          0          0          0          0   __rtentry2.o
         6          0          0          0          0          0   __rtentry4.o
        52          8          0          0          0          0   __scatter.o
        28          0          0          0          0          0   __scatter_zi.o
        28          0          0          0          0         68   _chval.o
         6          0          0          0          0          0   _printf_a.o
         6          0          0          0          0          0   _printf_c.o
        44          0          0          0          0        108   _printf_char.o
        48          6          0          0          0         96   _printf_char_common.o
        36          4          0          0          0         80   _printf_char_file.o
        40          0          0          0          0         68   _printf_charcount.o
         6          0          0          0          0          0   _printf_d.o
       120         16          0          0          0         92   _printf_dec.o
         6          0          0          0          0          0   _printf_e.o
         6          0          0          0          0          0   _printf_f.o
      1054          0          0          0          0        216   _printf_fp_dec.o
       128         16          0          0          0         84   _printf_fp_infnan.o
         6          0          0          0          0          0   _printf_g.o
       148          4         40          0          0        160   _printf_hex_int_ll_ptr.o
         6          0          0          0          0          0   _printf_i.o
       178          0          0          0          0         88   _printf_intcommon.o
        10          0          0          0          0          0   _printf_l.o
         6          0          0          0          0          0   _printf_lc.o
        10          0          0          0          0          0   _printf_ll.o
         6          0          0          0          0          0   _printf_lld.o
         6          0          0          0          0          0   _printf_lli.o
         6          0          0          0          0          0   _printf_llo.o
         6          0          0          0          0          0   _printf_llu.o
         6          0          0          0          0          0   _printf_llx.o
       124         16          0          0          0         92   _printf_longlong_dec.o
         6          0          0          0          0          0   _printf_ls.o
         6          0          0          0          0          0   _printf_n.o
         6          0          0          0          0          0   _printf_o.o
       112         10          0          0          0        124   _printf_oct_int_ll.o
         6          0          0          0          0          0   _printf_p.o
        78          0          0          0          0        108   _printf_pad.o
         0          0          0          0          0          0   _printf_percent.o
         4          0          0          0          0          0   _printf_percent_end.o
         6          0          0          0          0          0   _printf_s.o
        82          0          0          0          0         80   _printf_str.o
        36          0          0          0          0         84   _printf_truncate.o
         6          0          0          0          0          0   _printf_u.o
        44          0          0          0          0        108   _printf_wchar.o
       188          6          8          0          0         92   _printf_wctomb.o
         6          0          0          0          0          0   _printf_x.o
        22          0          0          0          0        100   _rserrno.o
       884          6          0          0          0        100   _scanf.o
       332          0          0          0          0         96   _scanf_int.o
       224          0          0          0          0         96   _scanf_str.o
        64          0          0          0          0         84   _sgetc.o
        10          0          0          0          0         68   _sputc.o
       158          0          0          0          0         92   _strtoul.o
        64          0          0          0          0         92   _wcrtomb.o
        26          0          0          0          0         80   atoi.o
       228          4        148          0          0         96   bigflt0.o
      2152        136          0          0          0        960   btod.o
        36          4          0          0          0         76   c89vsprintf.o
        10          0          0          0          0         68   defsig_exit.o
        50          0          0          0          0         88   defsig_general.o
        80         58          0          0          0         76   defsig_rtmem_inner.o
        14          0          0          0          0         80   defsig_rtmem_outer.o
        18          0          0          0          0         80   exit.o
         8          0          0          0          0         68   ferror.o
        94          0          0          0          0         80   h1_alloc.o
        52          0          0          0          0         68   h1_extend.o
        78          0          0          0          0         80   h1_free.o
        14          0          0          0          0         84   h1_init.o
       184          0          0          0          0         92   h1_realloc.o
         6          0          0          0          0        152   heapauxi.o
         4          0          0          0          0        136   hguard.o
       138          0          0          0          0        168   init_alloc.o
        18          0          0          0          0         76   isspace.o
        44         10        272          0          0         76   lc_ctype_c.o
        44         10         28          0          0         76   lc_numeric_c.o
         2          0          0          0          0          0   libinit.o
        38          0          0          0          0          0   libinit2.o
         2          0          0          0          0          0   libshutdown.o
         2          0          0          0          0          0   libshutdown2.o
         8          4          0          0         96         68   libspace.o
        38          0          0          0          0         68   llshl.o
       138          0          0          0          0         80   lludiv10.o
         0          0          0          0          0          0   maybetermalloc1.o
        16          4          0          0          0         76   rt_ctype_table.o
         8          4          0          0          0         68   rt_errno_addr_intlibspace.o
         8          4          0          0          0         68   rt_heap_descriptor_intlibspace.o
         8          4          0          0          0         68   rt_locale_intlibspace.o
        68          0          0          0          0         68   rt_memclr.o
        78          0          0          0          0         80   rt_memclr_w.o
       138          0          0          0          0         68   rt_memcpy_v6.o
       100          0          0          0          0         80   rt_memcpy_w.o
         2          0          0          0          0          0   rtexit.o
        10          0          0          0          0          0   rtexit2.o
        44          8          0          0          0         84   scanf_char.o
      1272         16          0          0          0        168   scanf_fp.o
       800         14          0          0          0        100   scanf_hexfp.o
       308         16          0          0          0        100   scanf_infnan.o
       128          0          0          0          0         68   strcmpv7m.o
        72          0          0          0          0         80   strcpy.o
        62          0          0          0          0         76   strlen.o
       150          0          0          0          0         80   strncmp.o
        36          0          0          0          0         80   strstr.o
       164         14          0          0          0        120   strtod.o
       112          0          0          0          0         88   strtol.o
        74          0          0          0          0         80   sys_stackheap_outer.o
        26          0          0          0          0         76   tolower.o
         2          0          0          0          0         68   use_no_semi.o
         2          0          0          0          0         68   use_no_semi_2.o
        98          4          0          0          0         92   d2f.o
        16          4          0          0          0         68   dcheck1.o
        24          0          0          0          0         68   dcmpi.o
       120          4          0          0          0         92   deqf.o
        94          4          0          0          0         92   dfix.o
        84          0          0          0          0        136   dflt_clz.o
       120          4          0          0          0         92   dleqf.o
       340         12          0          0          0        104   dmul.o
       156          4          0          0          0         92   dnaninf.o
        12          0          0          0          0         68   dretinf.o
       108          0          0          0          0         80   drleqf.o
        86          4          0          0          0         84   f2d.o
       140          4          0          0          0         84   fnaninf.o
         0          0         16          0          0          0   fpconst.o
        10          0          0          0          0         68   fretinf.o
         6          0          0          0          0         68   istatus.o
         4          0          0          0          0         68   printf1.o
       100          0          0          0          0         68   retnan.o
        92          0          0          0          0         68   scalbn.o
         4          0          0          0          0         68   scanf1.o
         8          0          0          0          0         84   scanf2.o
        48          0          0          0          0         68   trapv.o
         0          0          0          0          0          0   usenofp.o
        30          6          0          0          0        136   dunder.o
        40          0          0          0          0         68   fpclassify.o
        88          8          0          0          0         76   frexp.o
       138          0          0          0          0        160   ldexp.o
       204          4          0          0          0        168   narrow.o
        28          0          0          0          0         80   strtod.o

    ----------------------------------------------------------------------
     14552        486        532          0        100      10244   Library Totals
        20          0          3          0          4          0   (incl. Padding)

    ----------------------------------------------------------------------

      Code (inc. data)   RO Data    RW Data    ZI Data      Debug   Library Name

     12334        424        513          0         96       7844   c_w.l
      1670         44         16          0          0       1712   fz_ws.l
       528         18          0          0          0        688   m_ws.l

    ----------------------------------------------------------------------
     14552        486        532          0        100      10244   Library Totals

    ----------------------------------------------------------------------

==============================================================================


      Code (inc. data)   RO Data    RW Data    ZI Data      Debug   

     75408       4428     178492       2716       7692     612726   Grand Totals
     75408       4428     178492        888       7692     612726   ELF Image Totals (compressed)
     75408       4428     178492        888          0          0   ROM Totals

==============================================================================

    Total RO  Size (Code + RO Data)               253900 ( 247.95kB)
    Total RW  Size (RW Data + ZI Data)             10408 (  10.16kB)
    Total ROM Size (Code + RO Data + RW Data)     254788 ( 248.82kB)

==============================================================================

